[1.257s] Invoking command in '/home/stefano/dev/Costanza/ros2_ws/src/robot_controller': DEBUGINFOD_URLS=https://debuginfod.ubuntu.com PYTHONPATH=/home/stefano/dev/Costanza/ros2_ws/build/robot_controller/prefix_override:/usr/lib/python3/dist-packages/colcon_core/task/python/colcon_distutils_commands:/home/stefano/dev/Costanza/ros2_ws/install/robot_controller/lib/python3.12/site-packages:${PYTHONPATH} /usr/bin/python3 -W ignore:setup.py install is deprecated -W ignore:easy_install command is deprecated setup.py egg_info --egg-base ../../build/robot_controller build --build-base /home/stefano/dev/Costanza/ros2_ws/build/robot_controller/build install --record /home/stefano/dev/Costanza/ros2_ws/build/robot_controller/install.log --single-version-externally-managed install_data
[1.485s] running egg_info
[1.503s] writing ../../build/robot_controller/robot_controller.egg-info/PKG-INFO
[1.503s] writing dependency_links to ../../build/robot_controller/robot_controller.egg-info/dependency_links.txt
[1.504s] writing entry points to ../../build/robot_controller/robot_controller.egg-info/entry_points.txt
[1.504s] writing requirements to ../../build/robot_controller/robot_controller.egg-info/requires.txt
[1.504s] writing top-level names to ../../build/robot_controller/robot_controller.egg-info/top_level.txt
[1.537s] reading manifest file '../../build/robot_controller/robot_controller.egg-info/SOURCES.txt'
[1.538s] writing manifest file '../../build/robot_controller/robot_controller.egg-info/SOURCES.txt'
[1.538s] running build
[1.538s] running build_py
[1.538s] running install
[1.544s] running install_lib
[1.560s] running install_data
[1.560s] running install_egg_info
[1.586s] removing '/home/stefano/dev/Costanza/ros2_ws/install/robot_controller/lib/python3.12/site-packages/robot_controller-0.0.0-py3.12.egg-info' (and everything under it)
[1.586s] Copying ../../build/robot_controller/robot_controller.egg-info to /home/stefano/dev/Costanza/ros2_ws/install/robot_controller/lib/python3.12/site-packages/robot_controller-0.0.0-py3.12.egg-info
[1.587s] running install_scripts
[1.703s] Installing controller script to /home/stefano/dev/Costanza/ros2_ws/install/robot_controller/lib/robot_controller
[1.703s] writing list of installed files to '/home/stefano/dev/Costanza/ros2_ws/build/robot_controller/install.log'
[1.728s] Invoked command in '/home/stefano/dev/Costanza/ros2_ws/src/robot_controller' returned '0': DEBUGINFOD_URLS=https://debuginfod.ubuntu.com PYTHONPATH=/home/stefano/dev/Costanza/ros2_ws/build/robot_controller/prefix_override:/usr/lib/python3/dist-packages/colcon_core/task/python/colcon_distutils_commands:/home/stefano/dev/Costanza/ros2_ws/install/robot_controller/lib/python3.12/site-packages:${PYTHONPATH} /usr/bin/python3 -W ignore:setup.py install is deprecated -W ignore:easy_install command is deprecated setup.py egg_info --egg-base ../../build/robot_controller build --build-base /home/stefano/dev/Costanza/ros2_ws/build/robot_controller/build install --record /home/stefano/dev/Costanza/ros2_ws/build/robot_controller/install.log --single-version-externally-managed install_data
