running egg_info
creating ../../build/multirobot_spawn_obs/multirobot_spawn_obs.egg-info
writing ../../build/multirobot_spawn_obs/multirobot_spawn_obs.egg-info/PKG-INFO
writing dependency_links to ../../build/multirobot_spawn_obs/multirobot_spawn_obs.egg-info/dependency_links.txt
writing requirements to ../../build/multirobot_spawn_obs/multirobot_spawn_obs.egg-info/requires.txt
writing top-level names to ../../build/multirobot_spawn_obs/multirobot_spawn_obs.egg-info/top_level.txt
writing manifest file '../../build/multirobot_spawn_obs/multirobot_spawn_obs.egg-info/SOURCES.txt'
reading manifest file '../../build/multirobot_spawn_obs/multirobot_spawn_obs.egg-info/SOURCES.txt'
writing manifest file '../../build/multirobot_spawn_obs/multirobot_spawn_obs.egg-info/SOURCES.txt'
running build
running build_py
creating /home/stefano/dev/Costanza/ros2_ws/build/multirobot_spawn_obs/build
creating /home/stefano/dev/Costanza/ros2_ws/build/multirobot_spawn_obs/build/lib
creating /home/stefano/dev/Costanza/ros2_ws/build/multirobot_spawn_obs/build/lib/multirobot_spawn_obs
copying multirobot_spawn_obs/__init__.py -> /home/stefano/dev/Costanza/ros2_ws/build/multirobot_spawn_obs/build/lib/multirobot_spawn_obs
running install
running install_lib
creating /home/stefano/dev/Costanza/ros2_ws/install/multirobot_spawn_obs/lib/python3.12/site-packages/multirobot_spawn_obs
copying /home/stefano/dev/Costanza/ros2_ws/build/multirobot_spawn_obs/build/lib/multirobot_spawn_obs/__init__.py -> /home/stefano/dev/Costanza/ros2_ws/install/multirobot_spawn_obs/lib/python3.12/site-packages/multirobot_spawn_obs
byte-compiling /home/stefano/dev/Costanza/ros2_ws/install/multirobot_spawn_obs/lib/python3.12/site-packages/multirobot_spawn_obs/__init__.py to __init__.cpython-312.pyc
running install_data
creating /home/stefano/dev/Costanza/ros2_ws/install/multirobot_spawn_obs/share/ament_index
creating /home/stefano/dev/Costanza/ros2_ws/install/multirobot_spawn_obs/share/ament_index/resource_index
creating /home/stefano/dev/Costanza/ros2_ws/install/multirobot_spawn_obs/share/ament_index/resource_index/packages
copying resource/multirobot_spawn_obs -> /home/stefano/dev/Costanza/ros2_ws/install/multirobot_spawn_obs/share/ament_index/resource_index/packages
copying package.xml -> /home/stefano/dev/Costanza/ros2_ws/install/multirobot_spawn_obs/share/multirobot_spawn_obs
creating /home/stefano/dev/Costanza/ros2_ws/install/multirobot_spawn_obs/share/multirobot_spawn_obs/launch
copying launch/multi_robot_spawn_obs.launch.py -> /home/stefano/dev/Costanza/ros2_ws/install/multirobot_spawn_obs/share/multirobot_spawn_obs/launch
running install_egg_info
Copying ../../build/multirobot_spawn_obs/multirobot_spawn_obs.egg-info to /home/stefano/dev/Costanza/ros2_ws/install/multirobot_spawn_obs/lib/python3.12/site-packages/multirobot_spawn_obs-0.0.1-py3.12.egg-info
running install_scripts
writing list of installed files to '/home/stefano/dev/Costanza/ros2_ws/build/multirobot_spawn_obs/install.log'
