[1.015s] Invoking command in '/home/stefano/dev/Costanza/ros2_ws/src/multirobot_spawn_obs': DEBUGINFOD_URLS=https://debuginfod.ubuntu.com PYTHONPATH=/home/stefano/dev/Costanza/ros2_ws/build/multirobot_spawn_obs/prefix_override:/usr/lib/python3/dist-packages/colcon_core/task/python/colcon_distutils_commands:/home/stefano/dev/Costanza/ros2_ws/install/multirobot_spawn_obs/lib/python3.12/site-packages:${PYTHONPATH} /usr/bin/python3 -W ignore:setup.py install is deprecated -W ignore:easy_install command is deprecated setup.py egg_info --egg-base ../../build/multirobot_spawn_obs build --build-base /home/stefano/dev/Costanza/ros2_ws/build/multirobot_spawn_obs/build install --record /home/stefano/dev/Costanza/ros2_ws/build/multirobot_spawn_obs/install.log --single-version-externally-managed install_data
[1.200s] running egg_info
[1.200s] creating ../../build/multirobot_spawn_obs/multirobot_spawn_obs.egg-info
[1.214s] writing ../../build/multirobot_spawn_obs/multirobot_spawn_obs.egg-info/PKG-INFO
[1.214s] writing dependency_links to ../../build/multirobot_spawn_obs/multirobot_spawn_obs.egg-info/dependency_links.txt
[1.214s] writing requirements to ../../build/multirobot_spawn_obs/multirobot_spawn_obs.egg-info/requires.txt
[1.214s] writing top-level names to ../../build/multirobot_spawn_obs/multirobot_spawn_obs.egg-info/top_level.txt
[1.214s] writing manifest file '../../build/multirobot_spawn_obs/multirobot_spawn_obs.egg-info/SOURCES.txt'
[1.243s] reading manifest file '../../build/multirobot_spawn_obs/multirobot_spawn_obs.egg-info/SOURCES.txt'
[1.243s] writing manifest file '../../build/multirobot_spawn_obs/multirobot_spawn_obs.egg-info/SOURCES.txt'
[1.243s] running build
[1.243s] running build_py
[1.244s] creating /home/stefano/dev/Costanza/ros2_ws/build/multirobot_spawn_obs/build
[1.244s] creating /home/stefano/dev/Costanza/ros2_ws/build/multirobot_spawn_obs/build/lib
[1.244s] creating /home/stefano/dev/Costanza/ros2_ws/build/multirobot_spawn_obs/build/lib/multirobot_spawn_obs
[1.244s] copying multirobot_spawn_obs/__init__.py -> /home/stefano/dev/Costanza/ros2_ws/build/multirobot_spawn_obs/build/lib/multirobot_spawn_obs
[1.244s] running install
[1.249s] running install_lib
[1.263s] creating /home/stefano/dev/Costanza/ros2_ws/install/multirobot_spawn_obs/lib/python3.12/site-packages/multirobot_spawn_obs
[1.263s] copying /home/stefano/dev/Costanza/ros2_ws/build/multirobot_spawn_obs/build/lib/multirobot_spawn_obs/__init__.py -> /home/stefano/dev/Costanza/ros2_ws/install/multirobot_spawn_obs/lib/python3.12/site-packages/multirobot_spawn_obs
[1.263s] byte-compiling /home/stefano/dev/Costanza/ros2_ws/install/multirobot_spawn_obs/lib/python3.12/site-packages/multirobot_spawn_obs/__init__.py to __init__.cpython-312.pyc
[1.263s] running install_data
[1.264s] creating /home/stefano/dev/Costanza/ros2_ws/install/multirobot_spawn_obs/share/ament_index
[1.264s] creating /home/stefano/dev/Costanza/ros2_ws/install/multirobot_spawn_obs/share/ament_index/resource_index
[1.264s] creating /home/stefano/dev/Costanza/ros2_ws/install/multirobot_spawn_obs/share/ament_index/resource_index/packages
[1.264s] copying resource/multirobot_spawn_obs -> /home/stefano/dev/Costanza/ros2_ws/install/multirobot_spawn_obs/share/ament_index/resource_index/packages
[1.264s] copying package.xml -> /home/stefano/dev/Costanza/ros2_ws/install/multirobot_spawn_obs/share/multirobot_spawn_obs
[1.264s] creating /home/stefano/dev/Costanza/ros2_ws/install/multirobot_spawn_obs/share/multirobot_spawn_obs/launch
[1.264s] copying launch/multi_robot_spawn_obs.launch.py -> /home/stefano/dev/Costanza/ros2_ws/install/multirobot_spawn_obs/share/multirobot_spawn_obs/launch
[1.264s] running install_egg_info
[1.279s] Copying ../../build/multirobot_spawn_obs/multirobot_spawn_obs.egg-info to /home/stefano/dev/Costanza/ros2_ws/install/multirobot_spawn_obs/lib/python3.12/site-packages/multirobot_spawn_obs-0.0.1-py3.12.egg-info
[1.279s] running install_scripts
[1.371s] writing list of installed files to '/home/stefano/dev/Costanza/ros2_ws/build/multirobot_spawn_obs/install.log'
[1.408s] Invoked command in '/home/stefano/dev/Costanza/ros2_ws/src/multirobot_spawn_obs' returned '0': DEBUGINFOD_URLS=https://debuginfod.ubuntu.com PYTHONPATH=/home/stefano/dev/Costanza/ros2_ws/build/multirobot_spawn_obs/prefix_override:/usr/lib/python3/dist-packages/colcon_core/task/python/colcon_distutils_commands:/home/stefano/dev/Costanza/ros2_ws/install/multirobot_spawn_obs/lib/python3.12/site-packages:${PYTHONPATH} /usr/bin/python3 -W ignore:setup.py install is deprecated -W ignore:easy_install command is deprecated setup.py egg_info --egg-base ../../build/multirobot_spawn_obs build --build-base /home/stefano/dev/Costanza/ros2_ws/build/multirobot_spawn_obs/build install --record /home/stefano/dev/Costanza/ros2_ws/build/multirobot_spawn_obs/install.log --single-version-externally-managed install_data
