[0.062s] Invoking command in '/home/stefano/dev/Costanza/ros2_ws/build/ionic_demo': CMAKE_PREFIX_PATH=${CMAKE_PREFIX_PATH}:/opt/ros/jazzy DEBUGINFOD_URLS=https://debuginfod.ubuntu.com /usr/bin/cmake --build /home/stefano/dev/Costanza/ros2_ws/build/ionic_demo -- -j8 -l8
[1.988s] Invoked command in '/home/stefano/dev/Costanza/ros2_ws/build/ionic_demo' returned '0': CMAKE_PREFIX_PATH=${CMAKE_PREFIX_PATH}:/opt/ros/jazzy DEBUGINFOD_URLS=https://debuginfod.ubuntu.com /usr/bin/cmake --build /home/stefano/dev/Costanza/ros2_ws/build/ionic_demo -- -j8 -l8
[2.010s] Invoking command in '/home/stefano/dev/Costanza/ros2_ws/build/ionic_demo': CMAKE_PREFIX_PATH=${CMAKE_PREFIX_PATH}:/opt/ros/jazzy DEBUGINFOD_URLS=https://debuginfod.ubuntu.com /usr/bin/cmake --install /home/stefano/dev/Costanza/ros2_ws/build/ionic_demo
[2.027s] -- Install configuration: ""
[2.029s] -- Execute custom install script
[2.029s] -- Up-to-date symlink: /home/stefano/dev/Costanza/ros2_ws/install/ionic_demo/share/ionic_demo/configs/nav2.rviz
[2.029s] -- Up-to-date symlink: /home/stefano/dev/Costanza/ros2_ws/install/ionic_demo/share/ionic_demo/configs/tb4_camera_bridge.yaml
[2.030s] -- Up-to-date symlink: /home/stefano/dev/Costanza/ros2_ws/install/ionic_demo/share/ionic_demo/launch/ionic_moveit_demo_launch.py
[2.030s] -- Up-to-date symlink: /home/stefano/dev/Costanza/ros2_ws/install/ionic_demo/share/ionic_demo/launch/ionic_navigation_demo_launch.py
[2.037s] -- Up-to-date symlink: /home/stefano/dev/Costanza/ros2_ws/install/ionic_demo/share/ionic_demo/launch/ionic_navigation_demo_launch.xml
[2.037s] -- Up-to-date symlink: /home/stefano/dev/Costanza/ros2_ws/install/ionic_demo/share/ionic_demo/launch/ionic_rmf_demo_launch.py
[2.037s] -- Up-to-date symlink: /home/stefano/dev/Costanza/ros2_ws/install/ionic_demo/share/ionic_demo/launch/tb4_spawn_launch.py
[2.038s] -- Up-to-date symlink: /home/stefano/dev/Costanza/ros2_ws/install/ionic_demo/share/ionic_demo/launch/tb4_spawn_launch.xml
[2.038s] -- Up-to-date symlink: /home/stefano/dev/Costanza/ros2_ws/install/ionic_demo/share/ionic_demo/launch/world_launch.py
[2.038s] -- Up-to-date symlink: /home/stefano/dev/Costanza/ros2_ws/install/ionic_demo/share/ionic_demo/launch/world_launch.xml
[2.040s] -- Up-to-date symlink: /home/stefano/dev/Costanza/ros2_ws/install/ionic_demo/share/ionic_demo/maps/ionic_demo.pgm
[2.040s] -- Up-to-date symlink: /home/stefano/dev/Costanza/ros2_ws/install/ionic_demo/share/ionic_demo/maps/ionic_demo.yaml
[2.040s] -- Up-to-date symlink: /home/stefano/dev/Costanza/ros2_ws/install/ionic_demo/share/ionic_demo/worlds/ionic.sdf
[2.040s] -- Up-to-date symlink: /home/stefano/dev/Costanza/ros2_ws/install/ionic_demo/share/ionic_demo/models/ionic_tb4.urdf.xacro
[2.040s] -- Up-to-date symlink: /home/stefano/dev/Costanza/ros2_ws/install/ionic_demo/share/ionic_demo/models/test.urdf
[2.040s] -- Up-to-date symlink: /home/stefano/dev/Costanza/ros2_ws/install/ionic_demo/share/ionic_demo/rviz/nav2_default_view.rviz
[2.040s] -- Up-to-date symlink: /home/stefano/dev/Costanza/ros2_ws/install/ionic_demo/share/ionic_demo/params/nav2_params.yaml
[2.041s] -- Up-to-date symlink: /home/stefano/dev/Costanza/ros2_ws/install/ionic_demo/share/ionic_demo/environment/ionic_demo.dsv
[2.041s] -- Up-to-date symlink: /home/stefano/dev/Costanza/ros2_ws/install/ionic_demo/share/ament_index/resource_index/package_run_dependencies/ionic_demo
[2.041s] -- Up-to-date symlink: /home/stefano/dev/Costanza/ros2_ws/install/ionic_demo/share/ament_index/resource_index/parent_prefix_path/ionic_demo
[2.041s] -- Up-to-date symlink: /home/stefano/dev/Costanza/ros2_ws/install/ionic_demo/share/ionic_demo/environment/ament_prefix_path.sh
[2.041s] -- Up-to-date symlink: /home/stefano/dev/Costanza/ros2_ws/install/ionic_demo/share/ionic_demo/environment/ament_prefix_path.dsv
[2.041s] -- Up-to-date symlink: /home/stefano/dev/Costanza/ros2_ws/install/ionic_demo/share/ionic_demo/environment/path.sh
[2.041s] -- Up-to-date symlink: /home/stefano/dev/Costanza/ros2_ws/install/ionic_demo/share/ionic_demo/environment/path.dsv
[2.041s] -- Up-to-date symlink: /home/stefano/dev/Costanza/ros2_ws/install/ionic_demo/share/ionic_demo/local_setup.bash
[2.042s] -- Up-to-date symlink: /home/stefano/dev/Costanza/ros2_ws/install/ionic_demo/share/ionic_demo/local_setup.sh
[2.042s] -- Up-to-date symlink: /home/stefano/dev/Costanza/ros2_ws/install/ionic_demo/share/ionic_demo/local_setup.zsh
[2.042s] -- Up-to-date symlink: /home/stefano/dev/Costanza/ros2_ws/install/ionic_demo/share/ionic_demo/local_setup.dsv
[2.042s] -- Symlinking: /home/stefano/dev/Costanza/ros2_ws/install/ionic_demo/share/ionic_demo/package.dsv
[2.052s] -- Up-to-date symlink: /home/stefano/dev/Costanza/ros2_ws/install/ionic_demo/share/ament_index/resource_index/packages/ionic_demo
[2.053s] -- Up-to-date symlink: /home/stefano/dev/Costanza/ros2_ws/install/ionic_demo/share/ionic_demo/cmake/ionic_demoConfig.cmake
[2.053s] -- Up-to-date symlink: /home/stefano/dev/Costanza/ros2_ws/install/ionic_demo/share/ionic_demo/cmake/ionic_demoConfig-version.cmake
[2.053s] -- Up-to-date symlink: /home/stefano/dev/Costanza/ros2_ws/install/ionic_demo/share/ionic_demo/package.xml
[2.068s] Invoked command in '/home/stefano/dev/Costanza/ros2_ws/build/ionic_demo' returned '0': CMAKE_PREFIX_PATH=${CMAKE_PREFIX_PATH}:/opt/ros/jazzy DEBUGINFOD_URLS=https://debuginfod.ubuntu.com /usr/bin/cmake --install /home/stefano/dev/Costanza/ros2_ws/build/ionic_demo
