[0.926s] Invoking command in '/home/stefano/dev/Costanza/ros2_ws/build/vicon_receiver': CMAKE_PREFIX_PATH=${CMAKE_PREFIX_PATH}:/home/stefano/dev/Costanza/ros2_ws/install/shepherding_control:/home/stefano/dev/Costanza/ros2_ws/install/robot_controller:/home/stefano/dev/Costanza/ros2_ws/install/multirobot_spawn_obs:/home/stefano/dev/Costanza/ros2_ws/install/multirobot_spawn:/opt/ros/jazzy DEBUGINFOD_URLS=https://debuginfod.ubuntu.com /usr/bin/cmake --build /home/stefano/dev/Costanza/ros2_ws/build/vicon_receiver -- -j8 -l8
[1.002s] [  2%] Built target vicon_receiver__rosidl_generator_type_description
[1.035s] [  2%] Built target ament_cmake_python_symlink_vicon_receiver
[1.041s] [  4%] Built target vicon_receiver__cpp
[1.058s] [ 21%] Built target vicon_receiver__rosidl_generator_c
[1.109s] [ 29%] Built target vicon_receiver__rosidl_typesupport_introspection_c
[1.128s] [ 38%] Built target vicon_receiver__rosidl_typesupport_introspection_cpp
[1.143s] [ 46%] Built target vicon_receiver__rosidl_typesupport_cpp
[1.147s] [ 55%] Built target vicon_receiver__rosidl_typesupport_fastrtps_cpp
[1.151s] [ 63%] Built target vicon_receiver__rosidl_typesupport_fastrtps_c
[1.157s] [ 72%] Built target vicon_receiver__rosidl_typesupport_c
[1.195s] [ 72%] Built target vicon_receiver
[1.238s] [ 74%] Built target vicon_receiver__py
[1.258s] [ 80%] Built target vicon_client
[1.275s] [ 87%] Built target vicon_receiver__rosidl_generator_py
[1.325s] [ 91%] Built target vicon_receiver_s__rosidl_typesupport_fastrtps_c
[1.336s] [ 95%] Built target vicon_receiver_s__rosidl_typesupport_introspection_c
[1.342s] [100%] Built target vicon_receiver_s__rosidl_typesupport_c
[1.451s] running egg_info
[1.484s] writing vicon_receiver.egg-info/PKG-INFO
[1.485s] writing dependency_links to vicon_receiver.egg-info/dependency_links.txt
[1.486s] writing top-level names to vicon_receiver.egg-info/top_level.txt
[1.584s] reading manifest file 'vicon_receiver.egg-info/SOURCES.txt'
[1.586s] writing manifest file 'vicon_receiver.egg-info/SOURCES.txt'
[1.640s] [100%] Built target ament_cmake_python_build_vicon_receiver_egg
[1.661s] Invoked command in '/home/stefano/dev/Costanza/ros2_ws/build/vicon_receiver' returned '0': CMAKE_PREFIX_PATH=${CMAKE_PREFIX_PATH}:/home/stefano/dev/Costanza/ros2_ws/install/shepherding_control:/home/stefano/dev/Costanza/ros2_ws/install/robot_controller:/home/stefano/dev/Costanza/ros2_ws/install/multirobot_spawn_obs:/home/stefano/dev/Costanza/ros2_ws/install/multirobot_spawn:/opt/ros/jazzy DEBUGINFOD_URLS=https://debuginfod.ubuntu.com /usr/bin/cmake --build /home/stefano/dev/Costanza/ros2_ws/build/vicon_receiver -- -j8 -l8
[1.662s] Invoking command in '/home/stefano/dev/Costanza/ros2_ws/build/vicon_receiver': CMAKE_PREFIX_PATH=${CMAKE_PREFIX_PATH}:/home/stefano/dev/Costanza/ros2_ws/install/shepherding_control:/home/stefano/dev/Costanza/ros2_ws/install/robot_controller:/home/stefano/dev/Costanza/ros2_ws/install/multirobot_spawn_obs:/home/stefano/dev/Costanza/ros2_ws/install/multirobot_spawn:/opt/ros/jazzy DEBUGINFOD_URLS=https://debuginfod.ubuntu.com /usr/bin/cmake --install /home/stefano/dev/Costanza/ros2_ws/build/vicon_receiver
[1.675s] -- Install configuration: ""
[1.677s] -- Execute custom install script
[1.677s] -- Up-to-date symlink: /home/stefano/dev/Costanza/ros2_ws/install/vicon_receiver/share/ament_index/resource_index/rosidl_interfaces/vicon_receiver
[1.678s] -- Up-to-date symlink: /home/stefano/dev/Costanza/ros2_ws/install/vicon_receiver/share/vicon_receiver/msg/Position.json
[1.678s] -- Up-to-date symlink: /home/stefano/dev/Costanza/ros2_ws/install/vicon_receiver/share/vicon_receiver/msg/PositionList.json
[1.678s] -- Up-to-date symlink: /home/stefano/dev/Costanza/ros2_ws/install/vicon_receiver/include/vicon_receiver/vicon_receiver/msg/detail/position__functions.h
[1.679s] -- Up-to-date symlink: /home/stefano/dev/Costanza/ros2_ws/install/vicon_receiver/include/vicon_receiver/vicon_receiver/msg/detail/position__struct.h
[1.679s] -- Up-to-date symlink: /home/stefano/dev/Costanza/ros2_ws/install/vicon_receiver/include/vicon_receiver/vicon_receiver/msg/detail/position__type_support.h
[1.679s] -- Up-to-date symlink: /home/stefano/dev/Costanza/ros2_ws/install/vicon_receiver/include/vicon_receiver/vicon_receiver/msg/detail/position_list__functions.h
[1.679s] -- Up-to-date symlink: /home/stefano/dev/Costanza/ros2_ws/install/vicon_receiver/include/vicon_receiver/vicon_receiver/msg/detail/position_list__struct.h
[1.679s] -- Up-to-date symlink: /home/stefano/dev/Costanza/ros2_ws/install/vicon_receiver/include/vicon_receiver/vicon_receiver/msg/detail/position_list__type_support.h
[1.679s] -- Up-to-date symlink: /home/stefano/dev/Costanza/ros2_ws/install/vicon_receiver/include/vicon_receiver/vicon_receiver/msg/position.h
[1.679s] -- Up-to-date symlink: /home/stefano/dev/Costanza/ros2_ws/install/vicon_receiver/include/vicon_receiver/vicon_receiver/msg/position_list.h
[1.680s] -- Up-to-date symlink: /home/stefano/dev/Costanza/ros2_ws/install/vicon_receiver/include/vicon_receiver/vicon_receiver/msg/rosidl_generator_c__visibility_control.h
[1.680s] -- Up-to-date symlink: /home/stefano/dev/Costanza/ros2_ws/install/vicon_receiver/share/vicon_receiver/environment/library_path.sh
[1.680s] -- Up-to-date symlink: /home/stefano/dev/Costanza/ros2_ws/install/vicon_receiver/share/vicon_receiver/environment/library_path.dsv
[1.680s] -- Up-to-date symlink: /home/stefano/dev/Costanza/ros2_ws/install/vicon_receiver/include/vicon_receiver/vicon_receiver/msg/detail/position__rosidl_typesupport_fastrtps_c.h
[1.680s] -- Up-to-date symlink: /home/stefano/dev/Costanza/ros2_ws/install/vicon_receiver/include/vicon_receiver/vicon_receiver/msg/detail/position_list__rosidl_typesupport_fastrtps_c.h
[1.681s] -- Up-to-date symlink: /home/stefano/dev/Costanza/ros2_ws/install/vicon_receiver/include/vicon_receiver/vicon_receiver/msg/rosidl_typesupport_fastrtps_c__visibility_control.h
[1.682s] -- Up-to-date symlink: /home/stefano/dev/Costanza/ros2_ws/install/vicon_receiver/include/vicon_receiver/vicon_receiver/msg/detail/position__rosidl_typesupport_introspection_c.h
[1.682s] -- Up-to-date symlink: /home/stefano/dev/Costanza/ros2_ws/install/vicon_receiver/include/vicon_receiver/vicon_receiver/msg/detail/position_list__rosidl_typesupport_introspection_c.h
[1.682s] -- Up-to-date symlink: /home/stefano/dev/Costanza/ros2_ws/install/vicon_receiver/include/vicon_receiver/vicon_receiver/msg/rosidl_typesupport_introspection_c__visibility_control.h
[1.682s] -- Up-to-date symlink: /home/stefano/dev/Costanza/ros2_ws/install/vicon_receiver/include/vicon_receiver/vicon_receiver/msg/detail/position__builder.hpp
[1.683s] -- Up-to-date symlink: /home/stefano/dev/Costanza/ros2_ws/install/vicon_receiver/include/vicon_receiver/vicon_receiver/msg/detail/position__struct.hpp
[1.683s] -- Up-to-date symlink: /home/stefano/dev/Costanza/ros2_ws/install/vicon_receiver/include/vicon_receiver/vicon_receiver/msg/detail/position__traits.hpp
[1.683s] -- Up-to-date symlink: /home/stefano/dev/Costanza/ros2_ws/install/vicon_receiver/include/vicon_receiver/vicon_receiver/msg/detail/position__type_support.hpp
[1.683s] -- Up-to-date symlink: /home/stefano/dev/Costanza/ros2_ws/install/vicon_receiver/include/vicon_receiver/vicon_receiver/msg/detail/position_list__builder.hpp
[1.683s] -- Up-to-date symlink: /home/stefano/dev/Costanza/ros2_ws/install/vicon_receiver/include/vicon_receiver/vicon_receiver/msg/detail/position_list__struct.hpp
[1.683s] -- Up-to-date symlink: /home/stefano/dev/Costanza/ros2_ws/install/vicon_receiver/include/vicon_receiver/vicon_receiver/msg/detail/position_list__traits.hpp
[1.683s] -- Up-to-date symlink: /home/stefano/dev/Costanza/ros2_ws/install/vicon_receiver/include/vicon_receiver/vicon_receiver/msg/detail/position_list__type_support.hpp
[1.683s] -- Up-to-date symlink: /home/stefano/dev/Costanza/ros2_ws/install/vicon_receiver/include/vicon_receiver/vicon_receiver/msg/position.hpp
[1.684s] -- Up-to-date symlink: /home/stefano/dev/Costanza/ros2_ws/install/vicon_receiver/include/vicon_receiver/vicon_receiver/msg/position_list.hpp
[1.684s] -- Up-to-date symlink: /home/stefano/dev/Costanza/ros2_ws/install/vicon_receiver/include/vicon_receiver/vicon_receiver/msg/rosidl_generator_cpp__visibility_control.hpp
[1.686s] -- Up-to-date symlink: /home/stefano/dev/Costanza/ros2_ws/install/vicon_receiver/include/vicon_receiver/vicon_receiver/msg/detail/position__rosidl_typesupport_fastrtps_cpp.hpp
[1.686s] -- Up-to-date symlink: /home/stefano/dev/Costanza/ros2_ws/install/vicon_receiver/include/vicon_receiver/vicon_receiver/msg/detail/position_list__rosidl_typesupport_fastrtps_cpp.hpp
[1.686s] -- Up-to-date symlink: /home/stefano/dev/Costanza/ros2_ws/install/vicon_receiver/include/vicon_receiver/vicon_receiver/msg/rosidl_typesupport_fastrtps_cpp__visibility_control.h
[1.690s] -- Up-to-date symlink: /home/stefano/dev/Costanza/ros2_ws/install/vicon_receiver/include/vicon_receiver/vicon_receiver/msg/detail/position__rosidl_typesupport_introspection_cpp.hpp
[1.691s] -- Up-to-date symlink: /home/stefano/dev/Costanza/ros2_ws/install/vicon_receiver/include/vicon_receiver/vicon_receiver/msg/detail/position_list__rosidl_typesupport_introspection_cpp.hpp
[1.691s] -- Up-to-date symlink: /home/stefano/dev/Costanza/ros2_ws/install/vicon_receiver/share/vicon_receiver/environment/pythonpath.sh
[1.691s] -- Up-to-date symlink: /home/stefano/dev/Costanza/ros2_ws/install/vicon_receiver/share/vicon_receiver/environment/pythonpath.dsv
[1.692s] -- Up-to-date symlink: /home/stefano/dev/Costanza/ros2_ws/install/vicon_receiver/lib/python3.12/site-packages/vicon_receiver-0.1.1-py3.12.egg-info/PKG-INFO
[1.692s] -- Up-to-date symlink: /home/stefano/dev/Costanza/ros2_ws/install/vicon_receiver/lib/python3.12/site-packages/vicon_receiver-0.1.1-py3.12.egg-info/SOURCES.txt
[1.692s] -- Up-to-date symlink: /home/stefano/dev/Costanza/ros2_ws/install/vicon_receiver/lib/python3.12/site-packages/vicon_receiver-0.1.1-py3.12.egg-info/dependency_links.txt
[1.692s] -- Up-to-date symlink: /home/stefano/dev/Costanza/ros2_ws/install/vicon_receiver/lib/python3.12/site-packages/vicon_receiver-0.1.1-py3.12.egg-info/top_level.txt
[1.694s] -- Up-to-date symlink: /home/stefano/dev/Costanza/ros2_ws/install/vicon_receiver/lib/python3.12/site-packages/vicon_receiver/__init__.py
[1.694s] -- Up-to-date symlink: /home/stefano/dev/Costanza/ros2_ws/install/vicon_receiver/lib/python3.12/site-packages/vicon_receiver/_vicon_receiver_s.ep.rosidl_typesupport_c.c
[1.694s] -- Up-to-date symlink: /home/stefano/dev/Costanza/ros2_ws/install/vicon_receiver/lib/python3.12/site-packages/vicon_receiver/_vicon_receiver_s.ep.rosidl_typesupport_fastrtps_c.c
[1.694s] -- Up-to-date symlink: /home/stefano/dev/Costanza/ros2_ws/install/vicon_receiver/lib/python3.12/site-packages/vicon_receiver/_vicon_receiver_s.ep.rosidl_typesupport_introspection_c.c
[1.694s] -- Up-to-date symlink: /home/stefano/dev/Costanza/ros2_ws/install/vicon_receiver/lib/python3.12/site-packages/vicon_receiver/msg/__init__.py
[1.695s] -- Up-to-date symlink: /home/stefano/dev/Costanza/ros2_ws/install/vicon_receiver/lib/python3.12/site-packages/vicon_receiver/msg/_position.py
[1.695s] -- Up-to-date symlink: /home/stefano/dev/Costanza/ros2_ws/install/vicon_receiver/lib/python3.12/site-packages/vicon_receiver/msg/_position_list.py
[1.696s] -- Up-to-date symlink: /home/stefano/dev/Costanza/ros2_ws/install/vicon_receiver/lib/python3.12/site-packages/vicon_receiver/msg/_position_list_s.c
[1.697s] -- Up-to-date symlink: /home/stefano/dev/Costanza/ros2_ws/install/vicon_receiver/lib/python3.12/site-packages/vicon_receiver/msg/_position_s.c
[1.697s] -- Up-to-date symlink: /home/stefano/dev/Costanza/ros2_ws/install/vicon_receiver/lib/python3.12/site-packages/vicon_receiver/vicon_receiver_s__rosidl_typesupport_c.so
[1.697s] -- Up-to-date symlink: /home/stefano/dev/Costanza/ros2_ws/install/vicon_receiver/lib/python3.12/site-packages/vicon_receiver/vicon_receiver_s__rosidl_typesupport_fastrtps_c.so
[1.697s] -- Up-to-date symlink: /home/stefano/dev/Costanza/ros2_ws/install/vicon_receiver/lib/python3.12/site-packages/vicon_receiver/vicon_receiver_s__rosidl_typesupport_introspection_c.so
[1.697s] -- Up-to-date symlink: /home/stefano/dev/Costanza/ros2_ws/install/vicon_receiver/lib/python3.12/site-packages/vicon_receiver/vicon_receiver_s__rosidl_typesupport_fastrtps_c.so
[1.698s] -- Up-to-date symlink: /home/stefano/dev/Costanza/ros2_ws/install/vicon_receiver/lib/python3.12/site-packages/vicon_receiver/vicon_receiver_s__rosidl_typesupport_introspection_c.so
[1.698s] -- Up-to-date symlink: /home/stefano/dev/Costanza/ros2_ws/install/vicon_receiver/lib/python3.12/site-packages/vicon_receiver/vicon_receiver_s__rosidl_typesupport_c.so
[1.698s] -- Up-to-date symlink: /home/stefano/dev/Costanza/ros2_ws/install/vicon_receiver/share/vicon_receiver/msg/Position.idl
[1.698s] -- Up-to-date symlink: /home/stefano/dev/Costanza/ros2_ws/install/vicon_receiver/share/vicon_receiver/msg/PositionList.idl
[1.698s] -- Up-to-date symlink: /home/stefano/dev/Costanza/ros2_ws/install/vicon_receiver/share/vicon_receiver/msg/Position.msg
[1.698s] -- Up-to-date symlink: /home/stefano/dev/Costanza/ros2_ws/install/vicon_receiver/share/vicon_receiver/msg/PositionList.msg
[1.698s] -- Up-to-date symlink: /home/stefano/dev/Costanza/ros2_ws/install/vicon_receiver/lib/vicon_receiver/vicon_client
[1.699s] -- Up-to-date symlink: /home/stefano/dev/Costanza/ros2_ws/install/vicon_receiver/share/vicon_receiver//launch/client.launch.py
[1.699s] -- Up-to-date symlink: /home/stefano/dev/Costanza/ros2_ws/install/vicon_receiver/share/ament_index/resource_index/package_run_dependencies/vicon_receiver
[1.700s] -- Up-to-date symlink: /home/stefano/dev/Costanza/ros2_ws/install/vicon_receiver/share/ament_index/resource_index/parent_prefix_path/vicon_receiver
[1.700s] -- Up-to-date symlink: /home/stefano/dev/Costanza/ros2_ws/install/vicon_receiver/share/vicon_receiver/environment/ament_prefix_path.sh
[1.700s] -- Up-to-date symlink: /home/stefano/dev/Costanza/ros2_ws/install/vicon_receiver/share/vicon_receiver/environment/ament_prefix_path.dsv
[1.701s] -- Up-to-date symlink: /home/stefano/dev/Costanza/ros2_ws/install/vicon_receiver/share/vicon_receiver/environment/path.sh
[1.701s] -- Up-to-date symlink: /home/stefano/dev/Costanza/ros2_ws/install/vicon_receiver/share/vicon_receiver/environment/path.dsv
[1.701s] -- Up-to-date symlink: /home/stefano/dev/Costanza/ros2_ws/install/vicon_receiver/share/vicon_receiver/local_setup.bash
[1.705s] -- Up-to-date symlink: /home/stefano/dev/Costanza/ros2_ws/install/vicon_receiver/share/vicon_receiver/local_setup.sh
[1.705s] -- Up-to-date symlink: /home/stefano/dev/Costanza/ros2_ws/install/vicon_receiver/share/vicon_receiver/local_setup.zsh
[1.705s] -- Up-to-date symlink: /home/stefano/dev/Costanza/ros2_ws/install/vicon_receiver/share/vicon_receiver/local_setup.dsv
[1.705s] -- Symlinking: /home/stefano/dev/Costanza/ros2_ws/install/vicon_receiver/share/vicon_receiver/package.dsv
[1.718s] -- Up-to-date symlink: /home/stefano/dev/Costanza/ros2_ws/install/vicon_receiver/share/ament_index/resource_index/packages/vicon_receiver
[1.718s] -- Up-to-date symlink: /home/stefano/dev/Costanza/ros2_ws/install/vicon_receiver/share/vicon_receiver/cmake/rosidl_cmake-extras.cmake
[1.718s] -- Up-to-date symlink: /home/stefano/dev/Costanza/ros2_ws/install/vicon_receiver/share/vicon_receiver/cmake/ament_cmake_export_dependencies-extras.cmake
[1.719s] -- Up-to-date symlink: /home/stefano/dev/Costanza/ros2_ws/install/vicon_receiver/share/vicon_receiver/cmake/ament_cmake_export_include_directories-extras.cmake
[1.719s] -- Up-to-date symlink: /home/stefano/dev/Costanza/ros2_ws/install/vicon_receiver/share/vicon_receiver/cmake/ament_cmake_export_libraries-extras.cmake
[1.719s] -- Up-to-date symlink: /home/stefano/dev/Costanza/ros2_ws/install/vicon_receiver/share/vicon_receiver/cmake/ament_cmake_export_targets-extras.cmake
[1.719s] -- Up-to-date symlink: /home/stefano/dev/Costanza/ros2_ws/install/vicon_receiver/share/vicon_receiver/cmake/rosidl_cmake_export_typesupport_targets-extras.cmake
[1.720s] -- Up-to-date symlink: /home/stefano/dev/Costanza/ros2_ws/install/vicon_receiver/share/vicon_receiver/cmake/rosidl_cmake_export_typesupport_libraries-extras.cmake
[1.720s] -- Up-to-date symlink: /home/stefano/dev/Costanza/ros2_ws/install/vicon_receiver/share/vicon_receiver/cmake/vicon_receiverConfig.cmake
[1.720s] -- Up-to-date symlink: /home/stefano/dev/Costanza/ros2_ws/install/vicon_receiver/share/vicon_receiver/cmake/vicon_receiverConfig-version.cmake
[1.721s] -- Up-to-date symlink: /home/stefano/dev/Costanza/ros2_ws/install/vicon_receiver/share/vicon_receiver/package.xml
[1.721s] -- Up-to-date: /home/stefano/dev/Costanza/ros2_ws/install/vicon_receiver/lib/libvicon_receiver__rosidl_generator_c.so
[1.721s] -- Up-to-date: /home/stefano/dev/Costanza/ros2_ws/install/vicon_receiver/lib/libvicon_receiver__rosidl_typesupport_fastrtps_c.so
[1.722s] -- Up-to-date: /home/stefano/dev/Costanza/ros2_ws/install/vicon_receiver/lib/libvicon_receiver__rosidl_typesupport_introspection_c.so
[1.722s] -- Up-to-date: /home/stefano/dev/Costanza/ros2_ws/install/vicon_receiver/lib/libvicon_receiver__rosidl_typesupport_c.so
[1.722s] -- Up-to-date: /home/stefano/dev/Costanza/ros2_ws/install/vicon_receiver/lib/libvicon_receiver__rosidl_typesupport_fastrtps_cpp.so
[1.723s] -- Up-to-date: /home/stefano/dev/Costanza/ros2_ws/install/vicon_receiver/lib/libvicon_receiver__rosidl_typesupport_introspection_cpp.so
[1.723s] -- Up-to-date: /home/stefano/dev/Costanza/ros2_ws/install/vicon_receiver/lib/libvicon_receiver__rosidl_typesupport_cpp.so
[1.791s] Listing '/home/stefano/dev/Costanza/ros2_ws/install/vicon_receiver/lib/python3.12/site-packages/vicon_receiver'...
[1.791s] Listing '/home/stefano/dev/Costanza/ros2_ws/install/vicon_receiver/lib/python3.12/site-packages/vicon_receiver/msg'...
[1.801s] -- Up-to-date: /home/stefano/dev/Costanza/ros2_ws/install/vicon_receiver/lib/libvicon_receiver__rosidl_generator_py.so
[1.801s] -- Up-to-date: /home/stefano/dev/Costanza/ros2_ws/install/vicon_receiver/share/vicon_receiver/cmake/export_vicon_receiver__rosidl_generator_cExport.cmake
[1.801s] -- Up-to-date: /home/stefano/dev/Costanza/ros2_ws/install/vicon_receiver/share/vicon_receiver/cmake/export_vicon_receiver__rosidl_generator_cExport-noconfig.cmake
[1.802s] -- Up-to-date: /home/stefano/dev/Costanza/ros2_ws/install/vicon_receiver/share/vicon_receiver/cmake/export_vicon_receiver__rosidl_typesupport_fastrtps_cExport.cmake
[1.802s] -- Up-to-date: /home/stefano/dev/Costanza/ros2_ws/install/vicon_receiver/share/vicon_receiver/cmake/export_vicon_receiver__rosidl_typesupport_fastrtps_cExport-noconfig.cmake
[1.802s] -- Up-to-date: /home/stefano/dev/Costanza/ros2_ws/install/vicon_receiver/share/vicon_receiver/cmake/vicon_receiver__rosidl_typesupport_introspection_cExport.cmake
[1.802s] -- Up-to-date: /home/stefano/dev/Costanza/ros2_ws/install/vicon_receiver/share/vicon_receiver/cmake/vicon_receiver__rosidl_typesupport_introspection_cExport-noconfig.cmake
[1.803s] -- Up-to-date: /home/stefano/dev/Costanza/ros2_ws/install/vicon_receiver/share/vicon_receiver/cmake/vicon_receiver__rosidl_typesupport_cExport.cmake
[1.803s] -- Up-to-date: /home/stefano/dev/Costanza/ros2_ws/install/vicon_receiver/share/vicon_receiver/cmake/vicon_receiver__rosidl_typesupport_cExport-noconfig.cmake
[1.803s] -- Up-to-date: /home/stefano/dev/Costanza/ros2_ws/install/vicon_receiver/share/vicon_receiver/cmake/export_vicon_receiver__rosidl_generator_cppExport.cmake
[1.803s] -- Up-to-date: /home/stefano/dev/Costanza/ros2_ws/install/vicon_receiver/share/vicon_receiver/cmake/export_vicon_receiver__rosidl_typesupport_fastrtps_cppExport.cmake
[1.803s] -- Up-to-date: /home/stefano/dev/Costanza/ros2_ws/install/vicon_receiver/share/vicon_receiver/cmake/export_vicon_receiver__rosidl_typesupport_fastrtps_cppExport-noconfig.cmake
[1.805s] -- Up-to-date: /home/stefano/dev/Costanza/ros2_ws/install/vicon_receiver/share/vicon_receiver/cmake/vicon_receiver__rosidl_typesupport_introspection_cppExport.cmake
[1.805s] -- Up-to-date: /home/stefano/dev/Costanza/ros2_ws/install/vicon_receiver/share/vicon_receiver/cmake/vicon_receiver__rosidl_typesupport_introspection_cppExport-noconfig.cmake
[1.805s] -- Up-to-date: /home/stefano/dev/Costanza/ros2_ws/install/vicon_receiver/share/vicon_receiver/cmake/vicon_receiver__rosidl_typesupport_cppExport.cmake
[1.805s] -- Up-to-date: /home/stefano/dev/Costanza/ros2_ws/install/vicon_receiver/share/vicon_receiver/cmake/vicon_receiver__rosidl_typesupport_cppExport-noconfig.cmake
[1.806s] -- Up-to-date: /home/stefano/dev/Costanza/ros2_ws/install/vicon_receiver/share/vicon_receiver/cmake/export_vicon_receiver__rosidl_generator_pyExport.cmake
[1.806s] -- Up-to-date: /home/stefano/dev/Costanza/ros2_ws/install/vicon_receiver/share/vicon_receiver/cmake/export_vicon_receiver__rosidl_generator_pyExport-noconfig.cmake
[1.810s] Invoked command in '/home/stefano/dev/Costanza/ros2_ws/build/vicon_receiver' returned '0': CMAKE_PREFIX_PATH=${CMAKE_PREFIX_PATH}:/home/stefano/dev/Costanza/ros2_ws/install/shepherding_control:/home/stefano/dev/Costanza/ros2_ws/install/robot_controller:/home/stefano/dev/Costanza/ros2_ws/install/multirobot_spawn_obs:/home/stefano/dev/Costanza/ros2_ws/install/multirobot_spawn:/opt/ros/jazzy DEBUGINFOD_URLS=https://debuginfod.ubuntu.com /usr/bin/cmake --install /home/stefano/dev/Costanza/ros2_ws/build/vicon_receiver
