running egg_info
creating ../../build/multirobot_spawn/multirobot_spawn.egg-info
writing ../../build/multirobot_spawn/multirobot_spawn.egg-info/PKG-INFO
writing dependency_links to ../../build/multirobot_spawn/multirobot_spawn.egg-info/dependency_links.txt
writing requirements to ../../build/multirobot_spawn/multirobot_spawn.egg-info/requires.txt
writing top-level names to ../../build/multirobot_spawn/multirobot_spawn.egg-info/top_level.txt
writing manifest file '../../build/multirobot_spawn/multirobot_spawn.egg-info/SOURCES.txt'
reading manifest file '../../build/multirobot_spawn/multirobot_spawn.egg-info/SOURCES.txt'
writing manifest file '../../build/multirobot_spawn/multirobot_spawn.egg-info/SOURCES.txt'
running build
running build_py
creating /home/stefano/dev/Costanza/ros2_ws/build/multirobot_spawn/build
creating /home/stefano/dev/Costanza/ros2_ws/build/multirobot_spawn/build/lib
creating /home/stefano/dev/Costanza/ros2_ws/build/multirobot_spawn/build/lib/multirobot_spawn
copying multirobot_spawn/__init__.py -> /home/stefano/dev/Costanza/ros2_ws/build/multirobot_spawn/build/lib/multirobot_spawn
running install
running install_lib
creating /home/stefano/dev/Costanza/ros2_ws/install/multirobot_spawn/lib/python3.12/site-packages/multirobot_spawn
copying /home/stefano/dev/Costanza/ros2_ws/build/multirobot_spawn/build/lib/multirobot_spawn/__init__.py -> /home/stefano/dev/Costanza/ros2_ws/install/multirobot_spawn/lib/python3.12/site-packages/multirobot_spawn
byte-compiling /home/stefano/dev/Costanza/ros2_ws/install/multirobot_spawn/lib/python3.12/site-packages/multirobot_spawn/__init__.py to __init__.cpython-312.pyc
running install_data
creating /home/stefano/dev/Costanza/ros2_ws/install/multirobot_spawn/share/ament_index
creating /home/stefano/dev/Costanza/ros2_ws/install/multirobot_spawn/share/ament_index/resource_index
creating /home/stefano/dev/Costanza/ros2_ws/install/multirobot_spawn/share/ament_index/resource_index/packages
copying resource/multirobot_spawn -> /home/stefano/dev/Costanza/ros2_ws/install/multirobot_spawn/share/ament_index/resource_index/packages
copying package.xml -> /home/stefano/dev/Costanza/ros2_ws/install/multirobot_spawn/share/multirobot_spawn
creating /home/stefano/dev/Costanza/ros2_ws/install/multirobot_spawn/share/multirobot_spawn/launch
copying launch/multi_robot_spawn.launch.py -> /home/stefano/dev/Costanza/ros2_ws/install/multirobot_spawn/share/multirobot_spawn/launch
running install_egg_info
Copying ../../build/multirobot_spawn/multirobot_spawn.egg-info to /home/stefano/dev/Costanza/ros2_ws/install/multirobot_spawn/lib/python3.12/site-packages/multirobot_spawn-0.0.1-py3.12.egg-info
running install_scripts
writing list of installed files to '/home/stefano/dev/Costanza/ros2_ws/build/multirobot_spawn/install.log'
