[1.018s] Invoking command in '/home/stefano/dev/Costanza/ros2_ws/src/multirobot_spawn': DEBUGINFOD_URLS=https://debuginfod.ubuntu.com PYTHONPATH=/home/stefano/dev/Costanza/ros2_ws/build/multirobot_spawn/prefix_override:/usr/lib/python3/dist-packages/colcon_core/task/python/colcon_distutils_commands:/home/stefano/dev/Costanza/ros2_ws/install/multirobot_spawn/lib/python3.12/site-packages:${PYTHONPATH} /usr/bin/python3 -W ignore:setup.py install is deprecated -W ignore:easy_install command is deprecated setup.py egg_info --egg-base ../../build/multirobot_spawn build --build-base /home/stefano/dev/Costanza/ros2_ws/build/multirobot_spawn/build install --record /home/stefano/dev/Costanza/ros2_ws/build/multirobot_spawn/install.log --single-version-externally-managed install_data
[1.202s] running egg_info
[1.203s] creating ../../build/multirobot_spawn/multirobot_spawn.egg-info
[1.216s] writing ../../build/multirobot_spawn/multirobot_spawn.egg-info/PKG-INFO
[1.216s] writing dependency_links to ../../build/multirobot_spawn/multirobot_spawn.egg-info/dependency_links.txt
[1.216s] writing requirements to ../../build/multirobot_spawn/multirobot_spawn.egg-info/requires.txt
[1.216s] writing top-level names to ../../build/multirobot_spawn/multirobot_spawn.egg-info/top_level.txt
[1.216s] writing manifest file '../../build/multirobot_spawn/multirobot_spawn.egg-info/SOURCES.txt'
[1.244s] reading manifest file '../../build/multirobot_spawn/multirobot_spawn.egg-info/SOURCES.txt'
[1.244s] writing manifest file '../../build/multirobot_spawn/multirobot_spawn.egg-info/SOURCES.txt'
[1.244s] running build
[1.244s] running build_py
[1.245s] creating /home/stefano/dev/Costanza/ros2_ws/build/multirobot_spawn/build
[1.245s] creating /home/stefano/dev/Costanza/ros2_ws/build/multirobot_spawn/build/lib
[1.245s] creating /home/stefano/dev/Costanza/ros2_ws/build/multirobot_spawn/build/lib/multirobot_spawn
[1.245s] copying multirobot_spawn/__init__.py -> /home/stefano/dev/Costanza/ros2_ws/build/multirobot_spawn/build/lib/multirobot_spawn
[1.245s] running install
[1.250s] running install_lib
[1.264s] creating /home/stefano/dev/Costanza/ros2_ws/install/multirobot_spawn/lib/python3.12/site-packages/multirobot_spawn
[1.264s] copying /home/stefano/dev/Costanza/ros2_ws/build/multirobot_spawn/build/lib/multirobot_spawn/__init__.py -> /home/stefano/dev/Costanza/ros2_ws/install/multirobot_spawn/lib/python3.12/site-packages/multirobot_spawn
[1.264s] byte-compiling /home/stefano/dev/Costanza/ros2_ws/install/multirobot_spawn/lib/python3.12/site-packages/multirobot_spawn/__init__.py to __init__.cpython-312.pyc
[1.264s] running install_data
[1.264s] creating /home/stefano/dev/Costanza/ros2_ws/install/multirobot_spawn/share/ament_index
[1.265s] creating /home/stefano/dev/Costanza/ros2_ws/install/multirobot_spawn/share/ament_index/resource_index
[1.265s] creating /home/stefano/dev/Costanza/ros2_ws/install/multirobot_spawn/share/ament_index/resource_index/packages
[1.265s] copying resource/multirobot_spawn -> /home/stefano/dev/Costanza/ros2_ws/install/multirobot_spawn/share/ament_index/resource_index/packages
[1.265s] copying package.xml -> /home/stefano/dev/Costanza/ros2_ws/install/multirobot_spawn/share/multirobot_spawn
[1.265s] creating /home/stefano/dev/Costanza/ros2_ws/install/multirobot_spawn/share/multirobot_spawn/launch
[1.265s] copying launch/multi_robot_spawn.launch.py -> /home/stefano/dev/Costanza/ros2_ws/install/multirobot_spawn/share/multirobot_spawn/launch
[1.265s] running install_egg_info
[1.280s] Copying ../../build/multirobot_spawn/multirobot_spawn.egg-info to /home/stefano/dev/Costanza/ros2_ws/install/multirobot_spawn/lib/python3.12/site-packages/multirobot_spawn-0.0.1-py3.12.egg-info
[1.280s] running install_scripts
[1.374s] writing list of installed files to '/home/stefano/dev/Costanza/ros2_ws/build/multirobot_spawn/install.log'
[1.408s] Invoked command in '/home/stefano/dev/Costanza/ros2_ws/src/multirobot_spawn' returned '0': DEBUGINFOD_URLS=https://debuginfod.ubuntu.com PYTHONPATH=/home/stefano/dev/Costanza/ros2_ws/build/multirobot_spawn/prefix_override:/usr/lib/python3/dist-packages/colcon_core/task/python/colcon_distutils_commands:/home/stefano/dev/Costanza/ros2_ws/install/multirobot_spawn/lib/python3.12/site-packages:${PYTHONPATH} /usr/bin/python3 -W ignore:setup.py install is deprecated -W ignore:easy_install command is deprecated setup.py egg_info --egg-base ../../build/multirobot_spawn build --build-base /home/stefano/dev/Costanza/ros2_ws/build/multirobot_spawn/build install --record /home/stefano/dev/Costanza/ros2_ws/build/multirobot_spawn/install.log --single-version-externally-managed install_data
