running egg_info
writing ../../build/shepherding_control/shepherding_control.egg-info/PKG-INFO
writing dependency_links to ../../build/shepherding_control/shepherding_control.egg-info/dependency_links.txt
writing entry points to ../../build/shepherding_control/shepherding_control.egg-info/entry_points.txt
writing requirements to ../../build/shepherding_control/shepherding_control.egg-info/requires.txt
writing top-level names to ../../build/shepherding_control/shepherding_control.egg-info/top_level.txt
reading manifest file '../../build/shepherding_control/shepherding_control.egg-info/SOURCES.txt'
writing manifest file '../../build/shepherding_control/shepherding_control.egg-info/SOURCES.txt'
running build
running build_py
copying shepherding_control/dummy_controller_node.py -> /home/stefano/dev/Costanza/ros2_ws/build/shepherding_control/build/lib/shepherding_control
running install
running install_lib
copying /home/stefano/dev/Costanza/ros2_ws/build/shepherding_control/build/lib/shepherding_control/dummy_controller_node.py -> /home/stefano/dev/Costanza/ros2_ws/install/shepherding_control/lib/python3.12/site-packages/shepherding_control
byte-compiling /home/stefano/dev/Costanza/ros2_ws/install/shepherding_control/lib/python3.12/site-packages/shepherding_control/dummy_controller_node.py to dummy_controller_node.cpython-312.pyc
running install_data
running install_egg_info
removing '/home/stefano/dev/Costanza/ros2_ws/install/shepherding_control/lib/python3.12/site-packages/shepherding_control-0.0.0-py3.12.egg-info' (and everything under it)
Copying ../../build/shepherding_control/shepherding_control.egg-info to /home/stefano/dev/Costanza/ros2_ws/install/shepherding_control/lib/python3.12/site-packages/shepherding_control-0.0.0-py3.12.egg-info
running install_scripts
Installing controller_node script to /home/stefano/dev/Costanza/ros2_ws/install/shepherding_control/lib/shepherding_control
Installing dummy_controller_node script to /home/stefano/dev/Costanza/ros2_ws/install/shepherding_control/lib/shepherding_control
writing list of installed files to '/home/stefano/dev/Costanza/ros2_ws/build/shepherding_control/install.log'
