/home/stefano/dev/Costanza/ros2_ws/install/shepherding_control/lib/python3.12/site-packages/shepherding_control/dummy_controller_node.py
/home/stefano/dev/Costanza/ros2_ws/install/shepherding_control/lib/python3.12/site-packages/shepherding_control/controller_node.py
/home/stefano/dev/Costanza/ros2_ws/install/shepherding_control/lib/python3.12/site-packages/shepherding_control/__init__.py
/home/stefano/dev/Costanza/ros2_ws/install/shepherding_control/lib/python3.12/site-packages/shepherding_control/lama_robot_controller_node.py
/home/stefano/dev/Costanza/ros2_ws/install/shepherding_control/lib/python3.12/site-packages/shepherding_control/my_control_library/robot_lama_control.py
/home/stefano/dev/Costanza/ros2_ws/install/shepherding_control/lib/python3.12/site-packages/shepherding_control/my_control_library/control.py
/home/stefano/dev/Costanza/ros2_ws/install/shepherding_control/lib/python3.12/site-packages/shepherding_control/my_control_library/lama_control.py
/home/stefano/dev/Costanza/ros2_ws/install/shepherding_control/lib/python3.12/site-packages/shepherding_control/my_control_library/lama_control_obs.py
/home/stefano/dev/Costanza/ros2_ws/install/shepherding_control/lib/python3.12/site-packages/shepherding_control/__pycache__/dummy_controller_node.cpython-312.pyc
/home/stefano/dev/Costanza/ros2_ws/install/shepherding_control/lib/python3.12/site-packages/shepherding_control/__pycache__/controller_node.cpython-312.pyc
/home/stefano/dev/Costanza/ros2_ws/install/shepherding_control/lib/python3.12/site-packages/shepherding_control/__pycache__/__init__.cpython-312.pyc
/home/stefano/dev/Costanza/ros2_ws/install/shepherding_control/lib/python3.12/site-packages/shepherding_control/__pycache__/lama_robot_controller_node.cpython-312.pyc
/home/stefano/dev/Costanza/ros2_ws/install/shepherding_control/lib/python3.12/site-packages/shepherding_control/my_control_library/__pycache__/robot_lama_control.cpython-312.pyc
/home/stefano/dev/Costanza/ros2_ws/install/shepherding_control/lib/python3.12/site-packages/shepherding_control/my_control_library/__pycache__/control.cpython-312.pyc
/home/stefano/dev/Costanza/ros2_ws/install/shepherding_control/lib/python3.12/site-packages/shepherding_control/my_control_library/__pycache__/lama_control.cpython-312.pyc
/home/stefano/dev/Costanza/ros2_ws/install/shepherding_control/lib/python3.12/site-packages/shepherding_control/my_control_library/__pycache__/lama_control_obs.cpython-312.pyc
/home/stefano/dev/Costanza/ros2_ws/install/shepherding_control/share/ament_index/resource_index/packages/shepherding_control
/home/stefano/dev/Costanza/ros2_ws/install/shepherding_control/share/shepherding_control/package.xml
/home/stefano/dev/Costanza/ros2_ws/install/shepherding_control/lib/python3.12/site-packages/shepherding_control-0.0.0-py3.12.egg-info/entry_points.txt
/home/stefano/dev/Costanza/ros2_ws/install/shepherding_control/lib/python3.12/site-packages/shepherding_control-0.0.0-py3.12.egg-info/SOURCES.txt
/home/stefano/dev/Costanza/ros2_ws/install/shepherding_control/lib/python3.12/site-packages/shepherding_control-0.0.0-py3.12.egg-info/dependency_links.txt
/home/stefano/dev/Costanza/ros2_ws/install/shepherding_control/lib/python3.12/site-packages/shepherding_control-0.0.0-py3.12.egg-info/requires.txt
/home/stefano/dev/Costanza/ros2_ws/install/shepherding_control/lib/python3.12/site-packages/shepherding_control-0.0.0-py3.12.egg-info/PKG-INFO
/home/stefano/dev/Costanza/ros2_ws/install/shepherding_control/lib/python3.12/site-packages/shepherding_control-0.0.0-py3.12.egg-info/top_level.txt
/home/stefano/dev/Costanza/ros2_ws/install/shepherding_control/lib/python3.12/site-packages/shepherding_control-0.0.0-py3.12.egg-info/zip-safe
/home/stefano/dev/Costanza/ros2_ws/install/shepherding_control/lib/shepherding_control/controller_node
/home/stefano/dev/Costanza/ros2_ws/install/shepherding_control/lib/shepherding_control/dummy_controller_node
/home/stefano/dev/Costanza/ros2_ws/install/shepherding_control/lib/shepherding_control/lama_robot_controller_node
