[3.444s] Invoking command in '/home/stefano/dev/Costanza/ros2_ws/src/robot_controller': DEBUGINFOD_URLS=https://debuginfod.ubuntu.com PYTHONPATH=/home/stefano/dev/Costanza/ros2_ws/build/robot_controller/prefix_override:/usr/lib/python3/dist-packages/colcon_core/task/python/colcon_distutils_commands:/home/stefano/dev/Costanza/ros2_ws/install/robot_controller/lib/python3.12/site-packages:${PYTHONPATH} /usr/bin/python3 -W ignore:setup.py install is deprecated -W ignore:easy_install command is deprecated setup.py egg_info --egg-base ../../build/robot_controller build --build-base /home/stefano/dev/Costanza/ros2_ws/build/robot_controller/build install --record /home/stefano/dev/Costanza/ros2_ws/build/robot_controller/install.log --single-version-externally-managed install_data
[4.323s] running egg_info
[4.381s] writing ../../build/robot_controller/robot_controller.egg-info/PKG-INFO
[4.381s] writing dependency_links to ../../build/robot_controller/robot_controller.egg-info/dependency_links.txt
[4.382s] writing entry points to ../../build/robot_controller/robot_controller.egg-info/entry_points.txt
[4.384s] writing requirements to ../../build/robot_controller/robot_controller.egg-info/requires.txt
[4.384s] writing top-level names to ../../build/robot_controller/robot_controller.egg-info/top_level.txt
[4.509s] reading manifest file '../../build/robot_controller/robot_controller.egg-info/SOURCES.txt'
[4.513s] writing manifest file '../../build/robot_controller/robot_controller.egg-info/SOURCES.txt'
[4.513s] running build
[4.514s] running build_py
[4.519s] running install
[4.534s] running install_lib
[4.583s] running install_data
[4.584s] running install_egg_info
[4.669s] removing '/home/stefano/dev/Costanza/ros2_ws/install/robot_controller/lib/python3.12/site-packages/robot_controller-0.0.0-py3.12.egg-info' (and everything under it)
[4.674s] Copying ../../build/robot_controller/robot_controller.egg-info to /home/stefano/dev/Costanza/ros2_ws/install/robot_controller/lib/python3.12/site-packages/robot_controller-0.0.0-py3.12.egg-info
[4.674s] running install_scripts
[4.993s] Installing controller script to /home/stefano/dev/Costanza/ros2_ws/install/robot_controller/lib/robot_controller
[4.993s] writing list of installed files to '/home/stefano/dev/Costanza/ros2_ws/build/robot_controller/install.log'
[5.069s] Invoked command in '/home/stefano/dev/Costanza/ros2_ws/src/robot_controller' returned '0': DEBUGINFOD_URLS=https://debuginfod.ubuntu.com PYTHONPATH=/home/stefano/dev/Costanza/ros2_ws/build/robot_controller/prefix_override:/usr/lib/python3/dist-packages/colcon_core/task/python/colcon_distutils_commands:/home/stefano/dev/Costanza/ros2_ws/install/robot_controller/lib/python3.12/site-packages:${PYTHONPATH} /usr/bin/python3 -W ignore:setup.py install is deprecated -W ignore:easy_install command is deprecated setup.py egg_info --egg-base ../../build/robot_controller build --build-base /home/stefano/dev/Costanza/ros2_ws/build/robot_controller/build install --record /home/stefano/dev/Costanza/ros2_ws/build/robot_controller/install.log --single-version-externally-managed install_data
