[1.615s] Invoking command in '/home/stefano/dev/Costanza/ros2_ws/build/vicon_receiver': CMAKE_PREFIX_PATH=${CMAKE_PREFIX_PATH}:/opt/ros/jazzy DEBUGINFOD_URLS=https://debuginfod.ubuntu.com /usr/bin/cmake --build /home/stefano/dev/Costanza/ros2_ws/build/vicon_receiver -- -j8 -l8
[1.727s] [  2%] Built target vicon_receiver__rosidl_generator_type_description
[1.761s] [  2%] Built target ament_cmake_python_symlink_vicon_receiver
[1.799s] [  4%] Built target vicon_receiver__cpp
[1.815s] [ 21%] Built target vicon_receiver__rosidl_generator_c
[1.883s] [ 29%] Built target vicon_receiver__rosidl_typesupport_cpp
[1.930s] [ 38%] Built target vicon_receiver__rosidl_typesupport_introspection_cpp
[1.987s] [ 46%] Built target vicon_receiver__rosidl_typesupport_fastrtps_cpp
[2.036s] [ 55%] Built target vicon_receiver__rosidl_typesupport_c
[2.082s] [ 63%] Built target vicon_receiver__rosidl_typesupport_introspection_c
[2.132s] [ 72%] Built target vicon_receiver__rosidl_typesupport_fastrtps_c
[2.181s] [ 72%] Built target vicon_receiver
[2.226s] [ 74%] Built target vicon_receiver__py
[2.281s] running egg_info
[2.311s] [ 80%] Built target vicon_client
[2.330s] writing vicon_receiver.egg-info/PKG-INFO
[2.333s] writing dependency_links to vicon_receiver.egg-info/dependency_links.txt
[2.336s] writing top-level names to vicon_receiver.egg-info/top_level.txt
[2.362s] [ 87%] Built target vicon_receiver__rosidl_generator_py
[2.412s] [ 91%] Built target vicon_receiver_s__rosidl_typesupport_fastrtps_c
[2.463s] [ 95%] Built target vicon_receiver_s__rosidl_typesupport_c
[2.467s] reading manifest file 'vicon_receiver.egg-info/SOURCES.txt'
[2.470s] writing manifest file 'vicon_receiver.egg-info/SOURCES.txt'
[2.509s] [100%] Built target vicon_receiver_s__rosidl_typesupport_introspection_c
[2.537s] [100%] Built target ament_cmake_python_build_vicon_receiver_egg
[2.579s] Invoked command in '/home/stefano/dev/Costanza/ros2_ws/build/vicon_receiver' returned '0': CMAKE_PREFIX_PATH=${CMAKE_PREFIX_PATH}:/opt/ros/jazzy DEBUGINFOD_URLS=https://debuginfod.ubuntu.com /usr/bin/cmake --build /home/stefano/dev/Costanza/ros2_ws/build/vicon_receiver -- -j8 -l8
[2.580s] Invoking command in '/home/stefano/dev/Costanza/ros2_ws/build/vicon_receiver': CMAKE_PREFIX_PATH=${CMAKE_PREFIX_PATH}:/opt/ros/jazzy DEBUGINFOD_URLS=https://debuginfod.ubuntu.com /usr/bin/cmake --install /home/stefano/dev/Costanza/ros2_ws/build/vicon_receiver
[2.597s] -- Install configuration: ""
[2.600s] -- Execute custom install script
[2.605s] -- Up-to-date symlink: /home/stefano/dev/Costanza/ros2_ws/install/vicon_receiver/share/ament_index/resource_index/rosidl_interfaces/vicon_receiver
[2.607s] -- Up-to-date symlink: /home/stefano/dev/Costanza/ros2_ws/install/vicon_receiver/share/vicon_receiver/msg/Position.json
[2.608s] -- Up-to-date symlink: /home/stefano/dev/Costanza/ros2_ws/install/vicon_receiver/share/vicon_receiver/msg/PositionList.json
[2.611s] -- Up-to-date symlink: /home/stefano/dev/Costanza/ros2_ws/install/vicon_receiver/include/vicon_receiver/vicon_receiver/msg/detail/position__functions.h
[2.611s] -- Up-to-date symlink: /home/stefano/dev/Costanza/ros2_ws/install/vicon_receiver/include/vicon_receiver/vicon_receiver/msg/detail/position__struct.h
[2.612s] -- Up-to-date symlink: /home/stefano/dev/Costanza/ros2_ws/install/vicon_receiver/include/vicon_receiver/vicon_receiver/msg/detail/position__type_support.h
[2.612s] -- Up-to-date symlink: /home/stefano/dev/Costanza/ros2_ws/install/vicon_receiver/include/vicon_receiver/vicon_receiver/msg/detail/position_list__functions.h
[2.613s] -- Up-to-date symlink: /home/stefano/dev/Costanza/ros2_ws/install/vicon_receiver/include/vicon_receiver/vicon_receiver/msg/detail/position_list__struct.h
[2.617s] -- Up-to-date symlink: /home/stefano/dev/Costanza/ros2_ws/install/vicon_receiver/include/vicon_receiver/vicon_receiver/msg/detail/position_list__type_support.h
[2.617s] -- Up-to-date symlink: /home/stefano/dev/Costanza/ros2_ws/install/vicon_receiver/include/vicon_receiver/vicon_receiver/msg/position.h
[2.618s] -- Up-to-date symlink: /home/stefano/dev/Costanza/ros2_ws/install/vicon_receiver/include/vicon_receiver/vicon_receiver/msg/position_list.h
[2.618s] -- Up-to-date symlink: /home/stefano/dev/Costanza/ros2_ws/install/vicon_receiver/include/vicon_receiver/vicon_receiver/msg/rosidl_generator_c__visibility_control.h
[2.618s] -- Up-to-date symlink: /home/stefano/dev/Costanza/ros2_ws/install/vicon_receiver/share/vicon_receiver/environment/library_path.sh
[2.618s] -- Up-to-date symlink: /home/stefano/dev/Costanza/ros2_ws/install/vicon_receiver/share/vicon_receiver/environment/library_path.dsv
[2.618s] -- Up-to-date symlink: /home/stefano/dev/Costanza/ros2_ws/install/vicon_receiver/include/vicon_receiver/vicon_receiver/msg/detail/position__rosidl_typesupport_fastrtps_c.h
[2.621s] -- Up-to-date symlink: /home/stefano/dev/Costanza/ros2_ws/install/vicon_receiver/include/vicon_receiver/vicon_receiver/msg/detail/position_list__rosidl_typesupport_fastrtps_c.h
[2.622s] -- Up-to-date symlink: /home/stefano/dev/Costanza/ros2_ws/install/vicon_receiver/include/vicon_receiver/vicon_receiver/msg/rosidl_typesupport_fastrtps_c__visibility_control.h
[2.622s] -- Up-to-date symlink: /home/stefano/dev/Costanza/ros2_ws/install/vicon_receiver/include/vicon_receiver/vicon_receiver/msg/detail/position__rosidl_typesupport_introspection_c.h
[2.622s] -- Up-to-date symlink: /home/stefano/dev/Costanza/ros2_ws/install/vicon_receiver/include/vicon_receiver/vicon_receiver/msg/detail/position_list__rosidl_typesupport_introspection_c.h
[2.622s] -- Up-to-date symlink: /home/stefano/dev/Costanza/ros2_ws/install/vicon_receiver/include/vicon_receiver/vicon_receiver/msg/rosidl_typesupport_introspection_c__visibility_control.h
[2.626s] -- Up-to-date symlink: /home/stefano/dev/Costanza/ros2_ws/install/vicon_receiver/include/vicon_receiver/vicon_receiver/msg/detail/position__builder.hpp
[2.626s] -- Up-to-date symlink: /home/stefano/dev/Costanza/ros2_ws/install/vicon_receiver/include/vicon_receiver/vicon_receiver/msg/detail/position__struct.hpp
[2.626s] -- Up-to-date symlink: /home/stefano/dev/Costanza/ros2_ws/install/vicon_receiver/include/vicon_receiver/vicon_receiver/msg/detail/position__traits.hpp
[2.626s] -- Up-to-date symlink: /home/stefano/dev/Costanza/ros2_ws/install/vicon_receiver/include/vicon_receiver/vicon_receiver/msg/detail/position__type_support.hpp
[2.627s] -- Up-to-date symlink: /home/stefano/dev/Costanza/ros2_ws/install/vicon_receiver/include/vicon_receiver/vicon_receiver/msg/detail/position_list__builder.hpp
[2.627s] -- Up-to-date symlink: /home/stefano/dev/Costanza/ros2_ws/install/vicon_receiver/include/vicon_receiver/vicon_receiver/msg/detail/position_list__struct.hpp
[2.629s] -- Up-to-date symlink: /home/stefano/dev/Costanza/ros2_ws/install/vicon_receiver/include/vicon_receiver/vicon_receiver/msg/detail/position_list__traits.hpp
[2.630s] -- Up-to-date symlink: /home/stefano/dev/Costanza/ros2_ws/install/vicon_receiver/include/vicon_receiver/vicon_receiver/msg/detail/position_list__type_support.hpp
[2.630s] -- Up-to-date symlink: /home/stefano/dev/Costanza/ros2_ws/install/vicon_receiver/include/vicon_receiver/vicon_receiver/msg/position.hpp
[2.631s] -- Up-to-date symlink: /home/stefano/dev/Costanza/ros2_ws/install/vicon_receiver/include/vicon_receiver/vicon_receiver/msg/position_list.hpp
[2.632s] -- Up-to-date symlink: /home/stefano/dev/Costanza/ros2_ws/install/vicon_receiver/include/vicon_receiver/vicon_receiver/msg/rosidl_generator_cpp__visibility_control.hpp
[2.634s] -- Up-to-date symlink: /home/stefano/dev/Costanza/ros2_ws/install/vicon_receiver/include/vicon_receiver/vicon_receiver/msg/detail/position__rosidl_typesupport_fastrtps_cpp.hpp
[2.635s] -- Up-to-date symlink: /home/stefano/dev/Costanza/ros2_ws/install/vicon_receiver/include/vicon_receiver/vicon_receiver/msg/detail/position_list__rosidl_typesupport_fastrtps_cpp.hpp
[2.635s] -- Up-to-date symlink: /home/stefano/dev/Costanza/ros2_ws/install/vicon_receiver/include/vicon_receiver/vicon_receiver/msg/rosidl_typesupport_fastrtps_cpp__visibility_control.h
[2.636s] -- Up-to-date symlink: /home/stefano/dev/Costanza/ros2_ws/install/vicon_receiver/include/vicon_receiver/vicon_receiver/msg/detail/position__rosidl_typesupport_introspection_cpp.hpp
[2.637s] -- Up-to-date symlink: /home/stefano/dev/Costanza/ros2_ws/install/vicon_receiver/include/vicon_receiver/vicon_receiver/msg/detail/position_list__rosidl_typesupport_introspection_cpp.hpp
[2.638s] -- Up-to-date symlink: /home/stefano/dev/Costanza/ros2_ws/install/vicon_receiver/share/vicon_receiver/environment/pythonpath.sh
[2.638s] -- Up-to-date symlink: /home/stefano/dev/Costanza/ros2_ws/install/vicon_receiver/share/vicon_receiver/environment/pythonpath.dsv
[2.639s] -- Up-to-date symlink: /home/stefano/dev/Costanza/ros2_ws/install/vicon_receiver/lib/python3.12/site-packages/vicon_receiver-0.1.1-py3.12.egg-info/PKG-INFO
[2.640s] -- Up-to-date symlink: /home/stefano/dev/Costanza/ros2_ws/install/vicon_receiver/lib/python3.12/site-packages/vicon_receiver-0.1.1-py3.12.egg-info/SOURCES.txt
[2.640s] -- Up-to-date symlink: /home/stefano/dev/Costanza/ros2_ws/install/vicon_receiver/lib/python3.12/site-packages/vicon_receiver-0.1.1-py3.12.egg-info/dependency_links.txt
[2.641s] -- Up-to-date symlink: /home/stefano/dev/Costanza/ros2_ws/install/vicon_receiver/lib/python3.12/site-packages/vicon_receiver-0.1.1-py3.12.egg-info/top_level.txt
[2.642s] -- Up-to-date symlink: /home/stefano/dev/Costanza/ros2_ws/install/vicon_receiver/lib/python3.12/site-packages/vicon_receiver/__init__.py
[2.642s] -- Up-to-date symlink: /home/stefano/dev/Costanza/ros2_ws/install/vicon_receiver/lib/python3.12/site-packages/vicon_receiver/_vicon_receiver_s.ep.rosidl_typesupport_c.c
[2.643s] -- Up-to-date symlink: /home/stefano/dev/Costanza/ros2_ws/install/vicon_receiver/lib/python3.12/site-packages/vicon_receiver/_vicon_receiver_s.ep.rosidl_typesupport_fastrtps_c.c
[2.644s] -- Up-to-date symlink: /home/stefano/dev/Costanza/ros2_ws/install/vicon_receiver/lib/python3.12/site-packages/vicon_receiver/_vicon_receiver_s.ep.rosidl_typesupport_introspection_c.c
[2.645s] -- Up-to-date symlink: /home/stefano/dev/Costanza/ros2_ws/install/vicon_receiver/lib/python3.12/site-packages/vicon_receiver/msg/__init__.py
[2.646s] -- Up-to-date symlink: /home/stefano/dev/Costanza/ros2_ws/install/vicon_receiver/lib/python3.12/site-packages/vicon_receiver/msg/_position.py
[2.646s] -- Up-to-date symlink: /home/stefano/dev/Costanza/ros2_ws/install/vicon_receiver/lib/python3.12/site-packages/vicon_receiver/msg/_position_list.py
[2.646s] -- Up-to-date symlink: /home/stefano/dev/Costanza/ros2_ws/install/vicon_receiver/lib/python3.12/site-packages/vicon_receiver/msg/_position_list_s.c
[2.647s] -- Up-to-date symlink: /home/stefano/dev/Costanza/ros2_ws/install/vicon_receiver/lib/python3.12/site-packages/vicon_receiver/msg/_position_s.c
[2.647s] -- Up-to-date symlink: /home/stefano/dev/Costanza/ros2_ws/install/vicon_receiver/lib/python3.12/site-packages/vicon_receiver/vicon_receiver_s__rosidl_typesupport_c.so
[2.647s] -- Up-to-date symlink: /home/stefano/dev/Costanza/ros2_ws/install/vicon_receiver/lib/python3.12/site-packages/vicon_receiver/vicon_receiver_s__rosidl_typesupport_fastrtps_c.so
[2.648s] -- Up-to-date symlink: /home/stefano/dev/Costanza/ros2_ws/install/vicon_receiver/lib/python3.12/site-packages/vicon_receiver/vicon_receiver_s__rosidl_typesupport_introspection_c.so
[2.649s] -- Up-to-date symlink: /home/stefano/dev/Costanza/ros2_ws/install/vicon_receiver/lib/python3.12/site-packages/vicon_receiver/vicon_receiver_s__rosidl_typesupport_fastrtps_c.so
[2.650s] -- Up-to-date symlink: /home/stefano/dev/Costanza/ros2_ws/install/vicon_receiver/lib/python3.12/site-packages/vicon_receiver/vicon_receiver_s__rosidl_typesupport_introspection_c.so
[2.652s] -- Up-to-date symlink: /home/stefano/dev/Costanza/ros2_ws/install/vicon_receiver/lib/python3.12/site-packages/vicon_receiver/vicon_receiver_s__rosidl_typesupport_c.so
[2.653s] -- Up-to-date symlink: /home/stefano/dev/Costanza/ros2_ws/install/vicon_receiver/share/vicon_receiver/msg/Position.idl
[2.654s] -- Up-to-date symlink: /home/stefano/dev/Costanza/ros2_ws/install/vicon_receiver/share/vicon_receiver/msg/PositionList.idl
[2.654s] -- Up-to-date symlink: /home/stefano/dev/Costanza/ros2_ws/install/vicon_receiver/share/vicon_receiver/msg/Position.msg
[2.655s] -- Up-to-date symlink: /home/stefano/dev/Costanza/ros2_ws/install/vicon_receiver/share/vicon_receiver/msg/PositionList.msg
[2.656s] -- Up-to-date symlink: /home/stefano/dev/Costanza/ros2_ws/install/vicon_receiver/lib/vicon_receiver/vicon_client
[2.657s] -- Up-to-date symlink: /home/stefano/dev/Costanza/ros2_ws/install/vicon_receiver/share/vicon_receiver//launch/client.launch.py
[2.657s] -- Up-to-date symlink: /home/stefano/dev/Costanza/ros2_ws/install/vicon_receiver/share/ament_index/resource_index/package_run_dependencies/vicon_receiver
[2.658s] -- Up-to-date symlink: /home/stefano/dev/Costanza/ros2_ws/install/vicon_receiver/share/ament_index/resource_index/parent_prefix_path/vicon_receiver
[2.659s] -- Up-to-date symlink: /home/stefano/dev/Costanza/ros2_ws/install/vicon_receiver/share/vicon_receiver/environment/ament_prefix_path.sh
[2.659s] -- Up-to-date symlink: /home/stefano/dev/Costanza/ros2_ws/install/vicon_receiver/share/vicon_receiver/environment/ament_prefix_path.dsv
[2.660s] -- Up-to-date symlink: /home/stefano/dev/Costanza/ros2_ws/install/vicon_receiver/share/vicon_receiver/environment/path.sh
[2.660s] -- Up-to-date symlink: /home/stefano/dev/Costanza/ros2_ws/install/vicon_receiver/share/vicon_receiver/environment/path.dsv
[2.661s] -- Up-to-date symlink: /home/stefano/dev/Costanza/ros2_ws/install/vicon_receiver/share/vicon_receiver/local_setup.bash
[2.662s] -- Up-to-date symlink: /home/stefano/dev/Costanza/ros2_ws/install/vicon_receiver/share/vicon_receiver/local_setup.sh
[2.663s] -- Up-to-date symlink: /home/stefano/dev/Costanza/ros2_ws/install/vicon_receiver/share/vicon_receiver/local_setup.zsh
[2.665s] -- Up-to-date symlink: /home/stefano/dev/Costanza/ros2_ws/install/vicon_receiver/share/vicon_receiver/local_setup.dsv
[2.666s] -- Symlinking: /home/stefano/dev/Costanza/ros2_ws/install/vicon_receiver/share/vicon_receiver/package.dsv
[2.685s] -- Up-to-date symlink: /home/stefano/dev/Costanza/ros2_ws/install/vicon_receiver/share/ament_index/resource_index/packages/vicon_receiver
[2.687s] -- Up-to-date symlink: /home/stefano/dev/Costanza/ros2_ws/install/vicon_receiver/share/vicon_receiver/cmake/rosidl_cmake-extras.cmake
[2.687s] -- Up-to-date symlink: /home/stefano/dev/Costanza/ros2_ws/install/vicon_receiver/share/vicon_receiver/cmake/ament_cmake_export_dependencies-extras.cmake
[2.688s] -- Up-to-date symlink: /home/stefano/dev/Costanza/ros2_ws/install/vicon_receiver/share/vicon_receiver/cmake/ament_cmake_export_include_directories-extras.cmake
[2.689s] -- Up-to-date symlink: /home/stefano/dev/Costanza/ros2_ws/install/vicon_receiver/share/vicon_receiver/cmake/ament_cmake_export_libraries-extras.cmake
[2.689s] -- Up-to-date symlink: /home/stefano/dev/Costanza/ros2_ws/install/vicon_receiver/share/vicon_receiver/cmake/ament_cmake_export_targets-extras.cmake
[2.691s] -- Up-to-date symlink: /home/stefano/dev/Costanza/ros2_ws/install/vicon_receiver/share/vicon_receiver/cmake/rosidl_cmake_export_typesupport_targets-extras.cmake
[2.691s] -- Up-to-date symlink: /home/stefano/dev/Costanza/ros2_ws/install/vicon_receiver/share/vicon_receiver/cmake/rosidl_cmake_export_typesupport_libraries-extras.cmake
[2.691s] -- Up-to-date symlink: /home/stefano/dev/Costanza/ros2_ws/install/vicon_receiver/share/vicon_receiver/cmake/vicon_receiverConfig.cmake
[2.692s] -- Up-to-date symlink: /home/stefano/dev/Costanza/ros2_ws/install/vicon_receiver/share/vicon_receiver/cmake/vicon_receiverConfig-version.cmake
[2.692s] -- Up-to-date symlink: /home/stefano/dev/Costanza/ros2_ws/install/vicon_receiver/share/vicon_receiver/package.xml
[2.693s] -- Up-to-date: /home/stefano/dev/Costanza/ros2_ws/install/vicon_receiver/lib/libvicon_receiver__rosidl_generator_c.so
[2.694s] -- Up-to-date: /home/stefano/dev/Costanza/ros2_ws/install/vicon_receiver/lib/libvicon_receiver__rosidl_typesupport_fastrtps_c.so
[2.695s] -- Up-to-date: /home/stefano/dev/Costanza/ros2_ws/install/vicon_receiver/lib/libvicon_receiver__rosidl_typesupport_introspection_c.so
[2.696s] -- Up-to-date: /home/stefano/dev/Costanza/ros2_ws/install/vicon_receiver/lib/libvicon_receiver__rosidl_typesupport_c.so
[2.697s] -- Up-to-date: /home/stefano/dev/Costanza/ros2_ws/install/vicon_receiver/lib/libvicon_receiver__rosidl_typesupport_fastrtps_cpp.so
[2.698s] -- Up-to-date: /home/stefano/dev/Costanza/ros2_ws/install/vicon_receiver/lib/libvicon_receiver__rosidl_typesupport_introspection_cpp.so
[2.698s] -- Up-to-date: /home/stefano/dev/Costanza/ros2_ws/install/vicon_receiver/lib/libvicon_receiver__rosidl_typesupport_cpp.so
[2.769s] Listing '/home/stefano/dev/Costanza/ros2_ws/install/vicon_receiver/lib/python3.12/site-packages/vicon_receiver'...
[2.769s] Listing '/home/stefano/dev/Costanza/ros2_ws/install/vicon_receiver/lib/python3.12/site-packages/vicon_receiver/msg'...
[2.782s] -- Up-to-date: /home/stefano/dev/Costanza/ros2_ws/install/vicon_receiver/lib/libvicon_receiver__rosidl_generator_py.so
[2.784s] -- Up-to-date: /home/stefano/dev/Costanza/ros2_ws/install/vicon_receiver/share/vicon_receiver/cmake/export_vicon_receiver__rosidl_generator_cExport.cmake
[2.787s] -- Up-to-date: /home/stefano/dev/Costanza/ros2_ws/install/vicon_receiver/share/vicon_receiver/cmake/export_vicon_receiver__rosidl_generator_cExport-noconfig.cmake
[2.787s] -- Up-to-date: /home/stefano/dev/Costanza/ros2_ws/install/vicon_receiver/share/vicon_receiver/cmake/export_vicon_receiver__rosidl_typesupport_fastrtps_cExport.cmake
[2.787s] -- Up-to-date: /home/stefano/dev/Costanza/ros2_ws/install/vicon_receiver/share/vicon_receiver/cmake/export_vicon_receiver__rosidl_typesupport_fastrtps_cExport-noconfig.cmake
[2.788s] -- Up-to-date: /home/stefano/dev/Costanza/ros2_ws/install/vicon_receiver/share/vicon_receiver/cmake/vicon_receiver__rosidl_typesupport_introspection_cExport.cmake
[2.788s] -- Up-to-date: /home/stefano/dev/Costanza/ros2_ws/install/vicon_receiver/share/vicon_receiver/cmake/vicon_receiver__rosidl_typesupport_introspection_cExport-noconfig.cmake
[2.789s] -- Up-to-date: /home/stefano/dev/Costanza/ros2_ws/install/vicon_receiver/share/vicon_receiver/cmake/vicon_receiver__rosidl_typesupport_cExport.cmake
[2.790s] -- Up-to-date: /home/stefano/dev/Costanza/ros2_ws/install/vicon_receiver/share/vicon_receiver/cmake/vicon_receiver__rosidl_typesupport_cExport-noconfig.cmake
[2.790s] -- Up-to-date: /home/stefano/dev/Costanza/ros2_ws/install/vicon_receiver/share/vicon_receiver/cmake/export_vicon_receiver__rosidl_generator_cppExport.cmake
[2.792s] -- Up-to-date: /home/stefano/dev/Costanza/ros2_ws/install/vicon_receiver/share/vicon_receiver/cmake/export_vicon_receiver__rosidl_typesupport_fastrtps_cppExport.cmake
[2.792s] -- Up-to-date: /home/stefano/dev/Costanza/ros2_ws/install/vicon_receiver/share/vicon_receiver/cmake/export_vicon_receiver__rosidl_typesupport_fastrtps_cppExport-noconfig.cmake
[2.792s] -- Up-to-date: /home/stefano/dev/Costanza/ros2_ws/install/vicon_receiver/share/vicon_receiver/cmake/vicon_receiver__rosidl_typesupport_introspection_cppExport.cmake
[2.795s] -- Up-to-date: /home/stefano/dev/Costanza/ros2_ws/install/vicon_receiver/share/vicon_receiver/cmake/vicon_receiver__rosidl_typesupport_introspection_cppExport-noconfig.cmake
[2.795s] -- Up-to-date: /home/stefano/dev/Costanza/ros2_ws/install/vicon_receiver/share/vicon_receiver/cmake/vicon_receiver__rosidl_typesupport_cppExport.cmake
[2.795s] -- Up-to-date: /home/stefano/dev/Costanza/ros2_ws/install/vicon_receiver/share/vicon_receiver/cmake/vicon_receiver__rosidl_typesupport_cppExport-noconfig.cmake
[2.795s] -- Up-to-date: /home/stefano/dev/Costanza/ros2_ws/install/vicon_receiver/share/vicon_receiver/cmake/export_vicon_receiver__rosidl_generator_pyExport.cmake
[2.796s] -- Up-to-date: /home/stefano/dev/Costanza/ros2_ws/install/vicon_receiver/share/vicon_receiver/cmake/export_vicon_receiver__rosidl_generator_pyExport-noconfig.cmake
[2.807s] Invoked command in '/home/stefano/dev/Costanza/ros2_ws/build/vicon_receiver' returned '0': CMAKE_PREFIX_PATH=${CMAKE_PREFIX_PATH}:/opt/ros/jazzy DEBUGINFOD_URLS=https://debuginfod.ubuntu.com /usr/bin/cmake --install /home/stefano/dev/Costanza/ros2_ws/build/vicon_receiver
