[2.086s] DEBUG:colcon:Command line arguments: ['/usr/bin/colcon', 'build']
[2.086s] DEBUG:colcon:Parsed command line arguments: Namespace(log_base=None, log_level=None, verb_name='build', build_base='build', install_base='install', merge_install=False, symlink_install=False, test_result_base=None, continue_on_error=False, executor='sequential', event_handlers=None, base_paths=['.'], paths=None, cmake_args=None, cmake_target=None, cmake_target_skip_unavailable=False, cmake_clean_cache=False, cmake_clean_first=False, cmake_force_configure=False, ament_cmake_args=None, catkin_cmake_args=None, catkin_skip_building_tests=False, verb_parser=CustomArgumentParser(prog='colcon build', usage=None, description='Build a set of packages.', formatter_class=<class 'colcon_core.command.CustomFormatter'>, conflict_handler='error', add_help=True), verb_extension=<colcon_core.verb.build.BuildVerb object at 0xffffbaabdbd0>, main=<bound method BuildVerb.main of <colcon_core.verb.build.BuildVerb object at 0xffffbaabdbd0>>)
[2.367s] Level 1:colcon.colcon_core.package_discovery:discover_packages(recursive) check parameters
[2.368s] Level 1:colcon.colcon_core.package_discovery:discover_packages(path) check parameters
[2.368s] Level 1:colcon.colcon_core.package_discovery:discover_packages(recursive) discover
[2.369s] INFO:colcon.colcon_core.package_discovery:Crawling recursively for packages in '/home/pi/ssm_ws'
[2.370s] Level 1:colcon.colcon_core.package_identification:_identify(.) by extensions ['ignore', 'ignore_ament_install']
[2.372s] Level 1:colcon.colcon_core.package_identification:_identify(.) by extension 'ignore'
[2.373s] Level 1:colcon.colcon_core.package_identification:_identify(.) by extension 'ignore_ament_install'
[2.374s] Level 1:colcon.colcon_core.package_identification:_identify(.) by extensions ['ros']
[2.374s] Level 1:colcon.colcon_core.package_identification:_identify(.) by extension 'ros'
[2.473s] Level 1:colcon.colcon_core.package_identification:_identify(.) by extensions ['cmake', 'python']
[2.474s] Level 1:colcon.colcon_core.package_identification:_identify(.) by extension 'cmake'
[2.474s] Level 1:colcon.colcon_core.package_identification:_identify(.) by extension 'python'
[2.475s] Level 1:colcon.colcon_core.package_identification:_identify(.) by extensions ['python_setup_py']
[2.475s] Level 1:colcon.colcon_core.package_identification:_identify(.) by extension 'python_setup_py'
[2.475s] Level 1:colcon.colcon_core.package_identification:_identify(build) by extensions ['ignore', 'ignore_ament_install']
[2.476s] Level 1:colcon.colcon_core.package_identification:_identify(build) by extension 'ignore'
[2.476s] Level 1:colcon.colcon_core.package_identification:_identify(build) ignored
[2.477s] Level 1:colcon.colcon_core.package_identification:_identify(install) by extensions ['ignore', 'ignore_ament_install']
[2.477s] Level 1:colcon.colcon_core.package_identification:_identify(install) by extension 'ignore'
[2.477s] Level 1:colcon.colcon_core.package_identification:_identify(install) ignored
[2.478s] Level 1:colcon.colcon_core.package_identification:_identify(log) by extensions ['ignore', 'ignore_ament_install']
[2.478s] Level 1:colcon.colcon_core.package_identification:_identify(log) by extension 'ignore'
[2.479s] Level 1:colcon.colcon_core.package_identification:_identify(log) ignored
[2.479s] Level 1:colcon.colcon_core.package_identification:_identify(src) by extensions ['ignore', 'ignore_ament_install']
[2.479s] Level 1:colcon.colcon_core.package_identification:_identify(src) by extension 'ignore'
[2.480s] Level 1:colcon.colcon_core.package_identification:_identify(src) by extension 'ignore_ament_install'
[2.480s] Level 1:colcon.colcon_core.package_identification:_identify(src) by extensions ['ros']
[2.480s] Level 1:colcon.colcon_core.package_identification:_identify(src) by extension 'ros'
[2.480s] Level 1:colcon.colcon_core.package_identification:_identify(src) by extensions ['cmake', 'python']
[2.481s] Level 1:colcon.colcon_core.package_identification:_identify(src) by extension 'cmake'
[2.481s] Level 1:colcon.colcon_core.package_identification:_identify(src) by extension 'python'
[2.481s] Level 1:colcon.colcon_core.package_identification:_identify(src) by extensions ['python_setup_py']
[2.481s] Level 1:colcon.colcon_core.package_identification:_identify(src) by extension 'python_setup_py'
[2.483s] Level 1:colcon.colcon_core.package_identification:_identify(src/build) by extensions ['ignore', 'ignore_ament_install']
[2.484s] Level 1:colcon.colcon_core.package_identification:_identify(src/build) by extension 'ignore'
[2.485s] Level 1:colcon.colcon_core.package_identification:_identify(src/build) ignored
[2.487s] Level 1:colcon.colcon_core.package_identification:_identify(src/install) by extensions ['ignore', 'ignore_ament_install']
[2.488s] Level 1:colcon.colcon_core.package_identification:_identify(src/install) by extension 'ignore'
[2.488s] Level 1:colcon.colcon_core.package_identification:_identify(src/install) ignored
[2.494s] Level 1:colcon.colcon_core.package_identification:_identify(src/log) by extensions ['ignore', 'ignore_ament_install']
[2.495s] Level 1:colcon.colcon_core.package_identification:_identify(src/log) by extension 'ignore'
[2.496s] Level 1:colcon.colcon_core.package_identification:_identify(src/log) ignored
[2.497s] Level 1:colcon.colcon_core.package_identification:_identify(src/robot_controller) by extensions ['ignore', 'ignore_ament_install']
[2.499s] Level 1:colcon.colcon_core.package_identification:_identify(src/robot_controller) by extension 'ignore'
[2.499s] Level 1:colcon.colcon_core.package_identification:_identify(src/robot_controller) by extension 'ignore_ament_install'
[2.501s] Level 1:colcon.colcon_core.package_identification:_identify(src/robot_controller) by extensions ['ros']
[2.501s] Level 1:colcon.colcon_core.package_identification:_identify(src/robot_controller) by extension 'ros'
[2.533s] DEBUG:colcon.colcon_core.package_identification:Package 'src/robot_controller' with type 'ros.ament_python' and name 'robot_controller'
[2.533s] Level 1:colcon.colcon_core.package_discovery:discover_packages(recursive) using defaults
[2.534s] Level 1:colcon.colcon_core.package_discovery:discover_packages(path) discover
[2.534s] Level 1:colcon.colcon_core.package_discovery:discover_packages(path) using defaults
[2.758s] Level 5:colcon.colcon_core.verb:set package 'robot_controller' build argument 'cmake_args' from command line to 'None'
[2.758s] Level 5:colcon.colcon_core.verb:set package 'robot_controller' build argument 'cmake_target' from command line to 'None'
[2.758s] Level 5:colcon.colcon_core.verb:set package 'robot_controller' build argument 'cmake_target_skip_unavailable' from command line to 'False'
[2.758s] Level 5:colcon.colcon_core.verb:set package 'robot_controller' build argument 'cmake_clean_cache' from command line to 'False'
[2.759s] Level 5:colcon.colcon_core.verb:set package 'robot_controller' build argument 'cmake_clean_first' from command line to 'False'
[2.759s] Level 5:colcon.colcon_core.verb:set package 'robot_controller' build argument 'cmake_force_configure' from command line to 'False'
[2.759s] Level 5:colcon.colcon_core.verb:set package 'robot_controller' build argument 'ament_cmake_args' from command line to 'None'
[2.759s] Level 5:colcon.colcon_core.verb:set package 'robot_controller' build argument 'catkin_cmake_args' from command line to 'None'
[2.759s] Level 5:colcon.colcon_core.verb:set package 'robot_controller' build argument 'catkin_skip_building_tests' from command line to 'False'
[2.759s] DEBUG:colcon.colcon_core.verb:Building package 'robot_controller' with the following arguments: {'ament_cmake_args': None, 'build_base': '/home/pi/ssm_ws/build/robot_controller', 'catkin_cmake_args': None, 'catkin_skip_building_tests': False, 'cmake_args': None, 'cmake_clean_cache': False, 'cmake_clean_first': False, 'cmake_force_configure': False, 'cmake_target': None, 'cmake_target_skip_unavailable': False, 'install_base': '/home/pi/ssm_ws/install/robot_controller', 'merge_install': False, 'path': '/home/pi/ssm_ws/src/robot_controller', 'symlink_install': False, 'test_result_base': None}
[2.761s] INFO:colcon.colcon_core.executor:Executing jobs using 'sequential' executor
[2.769s] DEBUG:colcon.colcon_core.executor.sequential:run_until_complete 'robot_controller'
[2.770s] INFO:colcon.colcon_ros.task.ament_python.build:Building ROS package in '/home/pi/ssm_ws/src/robot_controller' with build type 'ament_python'
[2.770s] Level 1:colcon.colcon_core.shell:create_environment_hook('robot_controller', 'ament_prefix_path')
[2.785s] INFO:colcon.colcon_core.plugin_system:Skipping extension 'colcon_core.shell.bat': Not used on non-Windows systems
[2.786s] INFO:colcon.colcon_core.shell:Creating environment descriptor '/home/pi/ssm_ws/install/robot_controller/share/robot_controller/hook/ament_prefix_path.dsv'
[2.794s] INFO:colcon.colcon_core.shell:Creating environment hook '/home/pi/ssm_ws/install/robot_controller/share/robot_controller/hook/ament_prefix_path.sh'
[2.806s] DEBUG:colcon.colcon_core.shell:Skip shell extension 'dsv' for command environment
[4.193s] INFO:colcon.colcon_core.task.python.build:Building Python package in '/home/pi/ssm_ws/src/robot_controller'
[4.196s] DEBUG:colcon.colcon_core.shell:Skip shell extension 'dsv' for command environment
[6.227s] DEBUG:colcon.colcon_core.event_handler.log_command:Invoking command in '/home/pi/ssm_ws/src/robot_controller': PYTHONPATH=/home/pi/ssm_ws/build/robot_controller/prefix_override:/home/pi/ssm_ws/install/robot_controller/lib/python3.10/site-packages:${PYTHONPATH} /usr/bin/python3 setup.py egg_info --egg-base ../../build/robot_controller build --build-base /home/pi/ssm_ws/build/robot_controller/build install --record /home/pi/ssm_ws/build/robot_controller/install.log --single-version-externally-managed
[7.743s] DEBUG:colcon.colcon_core.event_handler.log_command:Invoked command in '/home/pi/ssm_ws/src/robot_controller' returned '0': PYTHONPATH=/home/pi/ssm_ws/build/robot_controller/prefix_override:/home/pi/ssm_ws/install/robot_controller/lib/python3.10/site-packages:${PYTHONPATH} /usr/bin/python3 setup.py egg_info --egg-base ../../build/robot_controller build --build-base /home/pi/ssm_ws/build/robot_controller/build install --record /home/pi/ssm_ws/build/robot_controller/install.log --single-version-externally-managed
[7.782s] Level 1:colcon.colcon_core.environment:checking '/home/pi/ssm_ws/install/robot_controller' for CMake module files
[7.785s] Level 1:colcon.colcon_core.environment:checking '/home/pi/ssm_ws/install/robot_controller' for CMake config files
[7.790s] Level 1:colcon.colcon_core.environment:checking '/home/pi/ssm_ws/install/robot_controller/lib'
[7.791s] Level 1:colcon.colcon_core.environment:checking '/home/pi/ssm_ws/install/robot_controller/bin'
[7.792s] Level 1:colcon.colcon_core.environment:checking '/home/pi/ssm_ws/install/robot_controller/lib/pkgconfig/robot_controller.pc'
[7.793s] Level 1:colcon.colcon_core.environment:checking '/home/pi/ssm_ws/install/robot_controller/lib/python3.10/site-packages'
[7.793s] Level 1:colcon.colcon_core.shell:create_environment_hook('robot_controller', 'pythonpath')
[7.797s] INFO:colcon.colcon_core.shell:Creating environment descriptor '/home/pi/ssm_ws/install/robot_controller/share/robot_controller/hook/pythonpath.dsv'
[7.799s] INFO:colcon.colcon_core.shell:Creating environment hook '/home/pi/ssm_ws/install/robot_controller/share/robot_controller/hook/pythonpath.sh'
[7.802s] Level 1:colcon.colcon_core.environment:checking '/home/pi/ssm_ws/install/robot_controller/bin'
[7.802s] Level 1:colcon.colcon_core.environment:create_environment_scripts_only(robot_controller)
[7.807s] INFO:colcon.colcon_core.shell:Creating package descriptor '/home/pi/ssm_ws/install/robot_controller/share/robot_controller/package.dsv'
[7.810s] INFO:colcon.colcon_core.shell:Creating package script '/home/pi/ssm_ws/install/robot_controller/share/robot_controller/package.sh'
[7.815s] Level 1:colcon.colcon_core.environment:create_file_with_runtime_dependencies(/home/pi/ssm_ws/install/robot_controller/share/colcon-core/packages/robot_controller)
[7.816s] DEBUG:colcon.colcon_core.executor.sequential:run_until_complete 'robot_controller' finished with '0'
[7.817s] DEBUG:colcon.colcon_core.executor.sequential:closing loop
[7.818s] DEBUG:colcon.colcon_core.executor.sequential:loop closed
[7.818s] DEBUG:colcon.colcon_core.event_reactor:joining thread
[7.818s] DEBUG:colcon.colcon_core.event_reactor:joined thread
[7.822s] INFO:colcon.colcon_core.shell:Creating prefix script '/home/pi/ssm_ws/install/local_setup.sh'
[7.826s] INFO:colcon.colcon_core.shell:Creating prefix util module '/home/pi/ssm_ws/install/_local_setup_util_sh.py'
[7.834s] INFO:colcon.colcon_core.shell:Creating prefix chain script '/home/pi/ssm_ws/install/setup.sh'
