[1.823s] Invoking command in '/home/stefano/dev/Costanza/ros2_ws/build/vicon_receiver': CMAKE_PREFIX_PATH=${CMAKE_PREFIX_PATH}:/opt/ros/jazzy DEBUGINFOD_URLS=https://debuginfod.ubuntu.com /usr/bin/cmake --build /home/stefano/dev/Costanza/ros2_ws/build/vicon_receiver -- -j8 -l8
[1.952s] [  2%] Built target vicon_receiver__rosidl_generator_type_description
[2.019s] [  2%] Built target ament_cmake_python_symlink_vicon_receiver
[2.078s] [ 19%] Built target vicon_receiver__rosidl_generator_c
[2.591s] running egg_info
[2.643s] writing vicon_receiver.egg-info/PKG-INFO
[2.643s] writing dependency_links to vicon_receiver.egg-info/dependency_links.txt
[2.646s] writing top-level names to vicon_receiver.egg-info/top_level.txt
[2.788s] reading manifest file 'vicon_receiver.egg-info/SOURCES.txt'
[2.789s] writing manifest file 'vicon_receiver.egg-info/SOURCES.txt'
[2.853s] [ 19%] Built target ament_cmake_python_build_vicon_receiver_egg
[2.905s] [ 27%] Built target vicon_receiver__rosidl_typesupport_c
[2.955s] [ 36%] Built target vicon_receiver__rosidl_typesupport_introspection_c
[3.010s] [ 44%] Built target vicon_receiver__rosidl_typesupport_fastrtps_c
[3.064s] [ 46%] Built target vicon_receiver__cpp
[3.149s] [ 55%] Built target vicon_receiver__rosidl_typesupport_cpp
[3.216s] [ 63%] Built target vicon_receiver__rosidl_typesupport_introspection_cpp
[3.267s] [ 72%] Built target vicon_receiver__rosidl_typesupport_fastrtps_cpp
[3.338s] [ 72%] Built target vicon_receiver
[3.409s] [ 74%] Built target vicon_receiver__py
[3.525s] [ 80%] Built target vicon_client
[3.576s] [ 87%] Built target vicon_receiver__rosidl_generator_py
[3.626s] [ 91%] Built target vicon_receiver_s__rosidl_typesupport_fastrtps_c
[3.672s] [ 95%] Built target vicon_receiver_s__rosidl_typesupport_c
[3.721s] [100%] Built target vicon_receiver_s__rosidl_typesupport_introspection_c
[3.758s] Invoked command in '/home/stefano/dev/Costanza/ros2_ws/build/vicon_receiver' returned '0': CMAKE_PREFIX_PATH=${CMAKE_PREFIX_PATH}:/opt/ros/jazzy DEBUGINFOD_URLS=https://debuginfod.ubuntu.com /usr/bin/cmake --build /home/stefano/dev/Costanza/ros2_ws/build/vicon_receiver -- -j8 -l8
[3.761s] Invoking command in '/home/stefano/dev/Costanza/ros2_ws/build/vicon_receiver': CMAKE_PREFIX_PATH=${CMAKE_PREFIX_PATH}:/opt/ros/jazzy DEBUGINFOD_URLS=https://debuginfod.ubuntu.com /usr/bin/cmake --install /home/stefano/dev/Costanza/ros2_ws/build/vicon_receiver
[3.786s] -- Install configuration: ""
[3.786s] -- Execute custom install script
[3.787s] -- Up-to-date symlink: /home/stefano/dev/Costanza/ros2_ws/install/vicon_receiver/share/ament_index/resource_index/rosidl_interfaces/vicon_receiver
[3.790s] -- Up-to-date symlink: /home/stefano/dev/Costanza/ros2_ws/install/vicon_receiver/share/vicon_receiver/msg/Position.json
[3.794s] -- Up-to-date symlink: /home/stefano/dev/Costanza/ros2_ws/install/vicon_receiver/share/vicon_receiver/msg/PositionList.json
[3.796s] -- Up-to-date symlink: /home/stefano/dev/Costanza/ros2_ws/install/vicon_receiver/include/vicon_receiver/vicon_receiver/msg/detail/position__functions.h
[3.797s] -- Up-to-date symlink: /home/stefano/dev/Costanza/ros2_ws/install/vicon_receiver/include/vicon_receiver/vicon_receiver/msg/detail/position__struct.h
[3.797s] -- Up-to-date symlink: /home/stefano/dev/Costanza/ros2_ws/install/vicon_receiver/include/vicon_receiver/vicon_receiver/msg/detail/position__type_support.h
[3.797s] -- Up-to-date symlink: /home/stefano/dev/Costanza/ros2_ws/install/vicon_receiver/include/vicon_receiver/vicon_receiver/msg/detail/position_list__functions.h
[3.798s] -- Up-to-date symlink: /home/stefano/dev/Costanza/ros2_ws/install/vicon_receiver/include/vicon_receiver/vicon_receiver/msg/detail/position_list__struct.h
[3.798s] -- Up-to-date symlink: /home/stefano/dev/Costanza/ros2_ws/install/vicon_receiver/include/vicon_receiver/vicon_receiver/msg/detail/position_list__type_support.h
[3.805s] -- Up-to-date symlink: /home/stefano/dev/Costanza/ros2_ws/install/vicon_receiver/include/vicon_receiver/vicon_receiver/msg/position.h
[3.806s] -- Up-to-date symlink: /home/stefano/dev/Costanza/ros2_ws/install/vicon_receiver/include/vicon_receiver/vicon_receiver/msg/position_list.h
[3.806s] -- Up-to-date symlink: /home/stefano/dev/Costanza/ros2_ws/install/vicon_receiver/include/vicon_receiver/vicon_receiver/msg/rosidl_generator_c__visibility_control.h
[3.806s] -- Up-to-date symlink: /home/stefano/dev/Costanza/ros2_ws/install/vicon_receiver/share/vicon_receiver/environment/library_path.sh
[3.807s] -- Up-to-date symlink: /home/stefano/dev/Costanza/ros2_ws/install/vicon_receiver/share/vicon_receiver/environment/library_path.dsv
[3.810s] -- Up-to-date symlink: /home/stefano/dev/Costanza/ros2_ws/install/vicon_receiver/include/vicon_receiver/vicon_receiver/msg/detail/position__rosidl_typesupport_fastrtps_c.h
[3.812s] -- Up-to-date symlink: /home/stefano/dev/Costanza/ros2_ws/install/vicon_receiver/include/vicon_receiver/vicon_receiver/msg/detail/position_list__rosidl_typesupport_fastrtps_c.h
[3.815s] -- Up-to-date symlink: /home/stefano/dev/Costanza/ros2_ws/install/vicon_receiver/include/vicon_receiver/vicon_receiver/msg/rosidl_typesupport_fastrtps_c__visibility_control.h
[3.820s] -- Up-to-date symlink: /home/stefano/dev/Costanza/ros2_ws/install/vicon_receiver/include/vicon_receiver/vicon_receiver/msg/detail/position__rosidl_typesupport_introspection_c.h
[3.820s] -- Up-to-date symlink: /home/stefano/dev/Costanza/ros2_ws/install/vicon_receiver/include/vicon_receiver/vicon_receiver/msg/detail/position_list__rosidl_typesupport_introspection_c.h
[3.820s] -- Up-to-date symlink: /home/stefano/dev/Costanza/ros2_ws/install/vicon_receiver/include/vicon_receiver/vicon_receiver/msg/rosidl_typesupport_introspection_c__visibility_control.h
[3.821s] -- Up-to-date symlink: /home/stefano/dev/Costanza/ros2_ws/install/vicon_receiver/include/vicon_receiver/vicon_receiver/msg/detail/position__builder.hpp
[3.827s] -- Up-to-date symlink: /home/stefano/dev/Costanza/ros2_ws/install/vicon_receiver/include/vicon_receiver/vicon_receiver/msg/detail/position__struct.hpp
[3.827s] -- Up-to-date symlink: /home/stefano/dev/Costanza/ros2_ws/install/vicon_receiver/include/vicon_receiver/vicon_receiver/msg/detail/position__traits.hpp
[3.828s] -- Up-to-date symlink: /home/stefano/dev/Costanza/ros2_ws/install/vicon_receiver/include/vicon_receiver/vicon_receiver/msg/detail/position__type_support.hpp
[3.828s] -- Up-to-date symlink: /home/stefano/dev/Costanza/ros2_ws/install/vicon_receiver/include/vicon_receiver/vicon_receiver/msg/detail/position_list__builder.hpp
[3.828s] -- Up-to-date symlink: /home/stefano/dev/Costanza/ros2_ws/install/vicon_receiver/include/vicon_receiver/vicon_receiver/msg/detail/position_list__struct.hpp
[3.828s] -- Up-to-date symlink: /home/stefano/dev/Costanza/ros2_ws/install/vicon_receiver/include/vicon_receiver/vicon_receiver/msg/detail/position_list__traits.hpp
[3.828s] -- Up-to-date symlink: /home/stefano/dev/Costanza/ros2_ws/install/vicon_receiver/include/vicon_receiver/vicon_receiver/msg/detail/position_list__type_support.hpp
[3.829s] -- Up-to-date symlink: /home/stefano/dev/Costanza/ros2_ws/install/vicon_receiver/include/vicon_receiver/vicon_receiver/msg/position.hpp
[3.829s] -- Up-to-date symlink: /home/stefano/dev/Costanza/ros2_ws/install/vicon_receiver/include/vicon_receiver/vicon_receiver/msg/position_list.hpp
[3.830s] -- Up-to-date symlink: /home/stefano/dev/Costanza/ros2_ws/install/vicon_receiver/include/vicon_receiver/vicon_receiver/msg/rosidl_generator_cpp__visibility_control.hpp
[3.836s] -- Up-to-date symlink: /home/stefano/dev/Costanza/ros2_ws/install/vicon_receiver/include/vicon_receiver/vicon_receiver/msg/detail/position__rosidl_typesupport_fastrtps_cpp.hpp
[3.836s] -- Up-to-date symlink: /home/stefano/dev/Costanza/ros2_ws/install/vicon_receiver/include/vicon_receiver/vicon_receiver/msg/detail/position_list__rosidl_typesupport_fastrtps_cpp.hpp
[3.836s] -- Up-to-date symlink: /home/stefano/dev/Costanza/ros2_ws/install/vicon_receiver/include/vicon_receiver/vicon_receiver/msg/rosidl_typesupport_fastrtps_cpp__visibility_control.h
[3.836s] -- Up-to-date symlink: /home/stefano/dev/Costanza/ros2_ws/install/vicon_receiver/include/vicon_receiver/vicon_receiver/msg/detail/position__rosidl_typesupport_introspection_cpp.hpp
[3.837s] -- Up-to-date symlink: /home/stefano/dev/Costanza/ros2_ws/install/vicon_receiver/include/vicon_receiver/vicon_receiver/msg/detail/position_list__rosidl_typesupport_introspection_cpp.hpp
[3.838s] -- Up-to-date symlink: /home/stefano/dev/Costanza/ros2_ws/install/vicon_receiver/share/vicon_receiver/environment/pythonpath.sh
[3.838s] -- Up-to-date symlink: /home/stefano/dev/Costanza/ros2_ws/install/vicon_receiver/share/vicon_receiver/environment/pythonpath.dsv
[3.839s] -- Up-to-date symlink: /home/stefano/dev/Costanza/ros2_ws/install/vicon_receiver/lib/python3.12/site-packages/vicon_receiver-0.1.1-py3.12.egg-info/PKG-INFO
[3.840s] -- Up-to-date symlink: /home/stefano/dev/Costanza/ros2_ws/install/vicon_receiver/lib/python3.12/site-packages/vicon_receiver-0.1.1-py3.12.egg-info/SOURCES.txt
[3.840s] -- Up-to-date symlink: /home/stefano/dev/Costanza/ros2_ws/install/vicon_receiver/lib/python3.12/site-packages/vicon_receiver-0.1.1-py3.12.egg-info/dependency_links.txt
[3.840s] -- Up-to-date symlink: /home/stefano/dev/Costanza/ros2_ws/install/vicon_receiver/lib/python3.12/site-packages/vicon_receiver-0.1.1-py3.12.egg-info/top_level.txt
[3.845s] -- Up-to-date symlink: /home/stefano/dev/Costanza/ros2_ws/install/vicon_receiver/lib/python3.12/site-packages/vicon_receiver/__init__.py
[3.846s] -- Up-to-date symlink: /home/stefano/dev/Costanza/ros2_ws/install/vicon_receiver/lib/python3.12/site-packages/vicon_receiver/_vicon_receiver_s.ep.rosidl_typesupport_c.c
[3.846s] -- Up-to-date symlink: /home/stefano/dev/Costanza/ros2_ws/install/vicon_receiver/lib/python3.12/site-packages/vicon_receiver/_vicon_receiver_s.ep.rosidl_typesupport_fastrtps_c.c
[3.847s] -- Up-to-date symlink: /home/stefano/dev/Costanza/ros2_ws/install/vicon_receiver/lib/python3.12/site-packages/vicon_receiver/_vicon_receiver_s.ep.rosidl_typesupport_introspection_c.c
[3.847s] -- Up-to-date symlink: /home/stefano/dev/Costanza/ros2_ws/install/vicon_receiver/lib/python3.12/site-packages/vicon_receiver/msg/__init__.py
[3.847s] -- Up-to-date symlink: /home/stefano/dev/Costanza/ros2_ws/install/vicon_receiver/lib/python3.12/site-packages/vicon_receiver/msg/_position.py
[3.848s] -- Up-to-date symlink: /home/stefano/dev/Costanza/ros2_ws/install/vicon_receiver/lib/python3.12/site-packages/vicon_receiver/msg/_position_list.py
[3.848s] -- Up-to-date symlink: /home/stefano/dev/Costanza/ros2_ws/install/vicon_receiver/lib/python3.12/site-packages/vicon_receiver/msg/_position_list_s.c
[3.848s] -- Up-to-date symlink: /home/stefano/dev/Costanza/ros2_ws/install/vicon_receiver/lib/python3.12/site-packages/vicon_receiver/msg/_position_s.c
[3.848s] -- Up-to-date symlink: /home/stefano/dev/Costanza/ros2_ws/install/vicon_receiver/lib/python3.12/site-packages/vicon_receiver/vicon_receiver_s__rosidl_typesupport_c.so
[3.848s] -- Up-to-date symlink: /home/stefano/dev/Costanza/ros2_ws/install/vicon_receiver/lib/python3.12/site-packages/vicon_receiver/vicon_receiver_s__rosidl_typesupport_fastrtps_c.so
[3.848s] -- Up-to-date symlink: /home/stefano/dev/Costanza/ros2_ws/install/vicon_receiver/lib/python3.12/site-packages/vicon_receiver/vicon_receiver_s__rosidl_typesupport_introspection_c.so
[3.851s] -- Up-to-date symlink: /home/stefano/dev/Costanza/ros2_ws/install/vicon_receiver/lib/python3.12/site-packages/vicon_receiver/vicon_receiver_s__rosidl_typesupport_fastrtps_c.so
[3.851s] -- Up-to-date symlink: /home/stefano/dev/Costanza/ros2_ws/install/vicon_receiver/lib/python3.12/site-packages/vicon_receiver/vicon_receiver_s__rosidl_typesupport_introspection_c.so
[3.853s] -- Up-to-date symlink: /home/stefano/dev/Costanza/ros2_ws/install/vicon_receiver/lib/python3.12/site-packages/vicon_receiver/vicon_receiver_s__rosidl_typesupport_c.so
[3.853s] -- Up-to-date symlink: /home/stefano/dev/Costanza/ros2_ws/install/vicon_receiver/share/vicon_receiver/msg/Position.idl
[3.854s] -- Up-to-date symlink: /home/stefano/dev/Costanza/ros2_ws/install/vicon_receiver/share/vicon_receiver/msg/PositionList.idl
[3.855s] -- Up-to-date symlink: /home/stefano/dev/Costanza/ros2_ws/install/vicon_receiver/share/vicon_receiver/msg/Position.msg
[3.855s] -- Up-to-date symlink: /home/stefano/dev/Costanza/ros2_ws/install/vicon_receiver/share/vicon_receiver/msg/PositionList.msg
[3.856s] -- Up-to-date symlink: /home/stefano/dev/Costanza/ros2_ws/install/vicon_receiver/lib/vicon_receiver/vicon_client
[3.856s] -- Up-to-date symlink: /home/stefano/dev/Costanza/ros2_ws/install/vicon_receiver/share/vicon_receiver//launch/client.launch.py
[3.857s] -- Up-to-date symlink: /home/stefano/dev/Costanza/ros2_ws/install/vicon_receiver/share/ament_index/resource_index/package_run_dependencies/vicon_receiver
[3.857s] -- Up-to-date symlink: /home/stefano/dev/Costanza/ros2_ws/install/vicon_receiver/share/ament_index/resource_index/parent_prefix_path/vicon_receiver
[3.859s] -- Up-to-date symlink: /home/stefano/dev/Costanza/ros2_ws/install/vicon_receiver/share/vicon_receiver/environment/ament_prefix_path.sh
[3.859s] -- Up-to-date symlink: /home/stefano/dev/Costanza/ros2_ws/install/vicon_receiver/share/vicon_receiver/environment/ament_prefix_path.dsv
[3.859s] -- Up-to-date symlink: /home/stefano/dev/Costanza/ros2_ws/install/vicon_receiver/share/vicon_receiver/environment/path.sh
[3.859s] -- Up-to-date symlink: /home/stefano/dev/Costanza/ros2_ws/install/vicon_receiver/share/vicon_receiver/environment/path.dsv
[3.860s] -- Up-to-date symlink: /home/stefano/dev/Costanza/ros2_ws/install/vicon_receiver/share/vicon_receiver/local_setup.bash
[3.860s] -- Up-to-date symlink: /home/stefano/dev/Costanza/ros2_ws/install/vicon_receiver/share/vicon_receiver/local_setup.sh
[3.860s] -- Up-to-date symlink: /home/stefano/dev/Costanza/ros2_ws/install/vicon_receiver/share/vicon_receiver/local_setup.zsh
[3.860s] -- Up-to-date symlink: /home/stefano/dev/Costanza/ros2_ws/install/vicon_receiver/share/vicon_receiver/local_setup.dsv
[3.861s] -- Symlinking: /home/stefano/dev/Costanza/ros2_ws/install/vicon_receiver/share/vicon_receiver/package.dsv
[3.887s] -- Up-to-date symlink: /home/stefano/dev/Costanza/ros2_ws/install/vicon_receiver/share/ament_index/resource_index/packages/vicon_receiver
[3.890s] -- Up-to-date symlink: /home/stefano/dev/Costanza/ros2_ws/install/vicon_receiver/share/vicon_receiver/cmake/rosidl_cmake-extras.cmake
[3.892s] -- Up-to-date symlink: /home/stefano/dev/Costanza/ros2_ws/install/vicon_receiver/share/vicon_receiver/cmake/ament_cmake_export_dependencies-extras.cmake
[3.892s] -- Up-to-date symlink: /home/stefano/dev/Costanza/ros2_ws/install/vicon_receiver/share/vicon_receiver/cmake/ament_cmake_export_include_directories-extras.cmake
[3.896s] -- Up-to-date symlink: /home/stefano/dev/Costanza/ros2_ws/install/vicon_receiver/share/vicon_receiver/cmake/ament_cmake_export_libraries-extras.cmake
[3.896s] -- Up-to-date symlink: /home/stefano/dev/Costanza/ros2_ws/install/vicon_receiver/share/vicon_receiver/cmake/ament_cmake_export_targets-extras.cmake
[3.898s] -- Up-to-date symlink: /home/stefano/dev/Costanza/ros2_ws/install/vicon_receiver/share/vicon_receiver/cmake/rosidl_cmake_export_typesupport_targets-extras.cmake
[3.900s] -- Up-to-date symlink: /home/stefano/dev/Costanza/ros2_ws/install/vicon_receiver/share/vicon_receiver/cmake/rosidl_cmake_export_typesupport_libraries-extras.cmake
[3.900s] -- Up-to-date symlink: /home/stefano/dev/Costanza/ros2_ws/install/vicon_receiver/share/vicon_receiver/cmake/vicon_receiverConfig.cmake
[3.903s] -- Up-to-date symlink: /home/stefano/dev/Costanza/ros2_ws/install/vicon_receiver/share/vicon_receiver/cmake/vicon_receiverConfig-version.cmake
[3.903s] -- Up-to-date symlink: /home/stefano/dev/Costanza/ros2_ws/install/vicon_receiver/share/vicon_receiver/package.xml
[3.904s] -- Up-to-date: /home/stefano/dev/Costanza/ros2_ws/install/vicon_receiver/lib/libvicon_receiver__rosidl_generator_c.so
[3.905s] -- Up-to-date: /home/stefano/dev/Costanza/ros2_ws/install/vicon_receiver/lib/libvicon_receiver__rosidl_typesupport_fastrtps_c.so
[3.908s] -- Up-to-date: /home/stefano/dev/Costanza/ros2_ws/install/vicon_receiver/lib/libvicon_receiver__rosidl_typesupport_introspection_c.so
[3.909s] -- Up-to-date: /home/stefano/dev/Costanza/ros2_ws/install/vicon_receiver/lib/libvicon_receiver__rosidl_typesupport_c.so
[3.910s] -- Up-to-date: /home/stefano/dev/Costanza/ros2_ws/install/vicon_receiver/lib/libvicon_receiver__rosidl_typesupport_fastrtps_cpp.so
[3.910s] -- Up-to-date: /home/stefano/dev/Costanza/ros2_ws/install/vicon_receiver/lib/libvicon_receiver__rosidl_typesupport_introspection_cpp.so
[3.911s] -- Up-to-date: /home/stefano/dev/Costanza/ros2_ws/install/vicon_receiver/lib/libvicon_receiver__rosidl_typesupport_cpp.so
[3.988s] Listing '/home/stefano/dev/Costanza/ros2_ws/install/vicon_receiver/lib/python3.12/site-packages/vicon_receiver'...
[3.988s] Listing '/home/stefano/dev/Costanza/ros2_ws/install/vicon_receiver/lib/python3.12/site-packages/vicon_receiver/msg'...
[3.998s] -- Up-to-date: /home/stefano/dev/Costanza/ros2_ws/install/vicon_receiver/lib/libvicon_receiver__rosidl_generator_py.so
[3.998s] -- Up-to-date: /home/stefano/dev/Costanza/ros2_ws/install/vicon_receiver/share/vicon_receiver/cmake/export_vicon_receiver__rosidl_generator_cExport.cmake
[3.999s] -- Up-to-date: /home/stefano/dev/Costanza/ros2_ws/install/vicon_receiver/share/vicon_receiver/cmake/export_vicon_receiver__rosidl_generator_cExport-noconfig.cmake
[3.999s] -- Up-to-date: /home/stefano/dev/Costanza/ros2_ws/install/vicon_receiver/share/vicon_receiver/cmake/export_vicon_receiver__rosidl_typesupport_fastrtps_cExport.cmake
[4.000s] -- Up-to-date: /home/stefano/dev/Costanza/ros2_ws/install/vicon_receiver/share/vicon_receiver/cmake/export_vicon_receiver__rosidl_typesupport_fastrtps_cExport-noconfig.cmake
[4.000s] -- Up-to-date: /home/stefano/dev/Costanza/ros2_ws/install/vicon_receiver/share/vicon_receiver/cmake/vicon_receiver__rosidl_typesupport_introspection_cExport.cmake
[4.001s] -- Up-to-date: /home/stefano/dev/Costanza/ros2_ws/install/vicon_receiver/share/vicon_receiver/cmake/vicon_receiver__rosidl_typesupport_introspection_cExport-noconfig.cmake
[4.001s] -- Up-to-date: /home/stefano/dev/Costanza/ros2_ws/install/vicon_receiver/share/vicon_receiver/cmake/vicon_receiver__rosidl_typesupport_cExport.cmake
[4.001s] -- Up-to-date: /home/stefano/dev/Costanza/ros2_ws/install/vicon_receiver/share/vicon_receiver/cmake/vicon_receiver__rosidl_typesupport_cExport-noconfig.cmake
[4.002s] -- Up-to-date: /home/stefano/dev/Costanza/ros2_ws/install/vicon_receiver/share/vicon_receiver/cmake/export_vicon_receiver__rosidl_generator_cppExport.cmake
[4.002s] -- Up-to-date: /home/stefano/dev/Costanza/ros2_ws/install/vicon_receiver/share/vicon_receiver/cmake/export_vicon_receiver__rosidl_typesupport_fastrtps_cppExport.cmake
[4.002s] -- Up-to-date: /home/stefano/dev/Costanza/ros2_ws/install/vicon_receiver/share/vicon_receiver/cmake/export_vicon_receiver__rosidl_typesupport_fastrtps_cppExport-noconfig.cmake
[4.002s] -- Up-to-date: /home/stefano/dev/Costanza/ros2_ws/install/vicon_receiver/share/vicon_receiver/cmake/vicon_receiver__rosidl_typesupport_introspection_cppExport.cmake
[4.002s] -- Up-to-date: /home/stefano/dev/Costanza/ros2_ws/install/vicon_receiver/share/vicon_receiver/cmake/vicon_receiver__rosidl_typesupport_introspection_cppExport-noconfig.cmake
[4.002s] -- Up-to-date: /home/stefano/dev/Costanza/ros2_ws/install/vicon_receiver/share/vicon_receiver/cmake/vicon_receiver__rosidl_typesupport_cppExport.cmake
[4.003s] -- Up-to-date: /home/stefano/dev/Costanza/ros2_ws/install/vicon_receiver/share/vicon_receiver/cmake/vicon_receiver__rosidl_typesupport_cppExport-noconfig.cmake
[4.005s] -- Up-to-date: /home/stefano/dev/Costanza/ros2_ws/install/vicon_receiver/share/vicon_receiver/cmake/export_vicon_receiver__rosidl_generator_pyExport.cmake
[4.005s] -- Up-to-date: /home/stefano/dev/Costanza/ros2_ws/install/vicon_receiver/share/vicon_receiver/cmake/export_vicon_receiver__rosidl_generator_pyExport-noconfig.cmake
[4.006s] Invoked command in '/home/stefano/dev/Costanza/ros2_ws/build/vicon_receiver' returned '0': CMAKE_PREFIX_PATH=${CMAKE_PREFIX_PATH}:/opt/ros/jazzy DEBUGINFOD_URLS=https://debuginfod.ubuntu.com /usr/bin/cmake --install /home/stefano/dev/Costanza/ros2_ws/build/vicon_receiver
