[1.461s] Invoking command in '/home/stefano/dev/Costanza/ros2_ws/src/shepherding_control': DEBUGINFOD_URLS=https://debuginfod.ubuntu.com PYTHONPATH=/home/stefano/dev/Costanza/ros2_ws/build/shepherding_control/prefix_override:/usr/lib/python3/dist-packages/colcon_core/task/python/colcon_distutils_commands:/home/stefano/dev/Costanza/ros2_ws/install/shepherding_control/lib/python3.12/site-packages:${PYTHONPATH} /usr/bin/python3 -W ignore:setup.py install is deprecated -W ignore:easy_install command is deprecated setup.py egg_info --egg-base ../../build/shepherding_control build --build-base /home/stefano/dev/Costanza/ros2_ws/build/shepherding_control/build install --record /home/stefano/dev/Costanza/ros2_ws/build/shepherding_control/install.log --single-version-externally-managed install_data
[1.703s] running egg_info
[1.720s] writing ../../build/shepherding_control/shepherding_control.egg-info/PKG-INFO
[1.721s] writing dependency_links to ../../build/shepherding_control/shepherding_control.egg-info/dependency_links.txt
[1.721s] writing entry points to ../../build/shepherding_control/shepherding_control.egg-info/entry_points.txt
[1.721s] writing requirements to ../../build/shepherding_control/shepherding_control.egg-info/requires.txt
[1.721s] writing top-level names to ../../build/shepherding_control/shepherding_control.egg-info/top_level.txt
[1.760s] reading manifest file '../../build/shepherding_control/shepherding_control.egg-info/SOURCES.txt'
[1.760s] writing manifest file '../../build/shepherding_control/shepherding_control.egg-info/SOURCES.txt'
[1.760s] running build
[1.761s] running build_py
[1.761s] copying shepherding_control/my_control_library/learning_control.py -> /home/stefano/dev/Costanza/ros2_ws/build/shepherding_control/build/lib/shepherding_control/my_control_library
[1.762s] running install
[1.768s] running install_lib
[1.786s] copying /home/stefano/dev/Costanza/ros2_ws/build/shepherding_control/build/lib/shepherding_control/my_control_library/learning_control.py -> /home/stefano/dev/Costanza/ros2_ws/install/shepherding_control/lib/python3.12/site-packages/shepherding_control/my_control_library
[1.787s] byte-compiling /home/stefano/dev/Costanza/ros2_ws/install/shepherding_control/lib/python3.12/site-packages/shepherding_control/my_control_library/learning_control.py to learning_control.cpython-312.pyc
[1.788s] running install_data
[1.788s] running install_egg_info
[1.813s] removing '/home/stefano/dev/Costanza/ros2_ws/install/shepherding_control/lib/python3.12/site-packages/shepherding_control-0.0.0-py3.12.egg-info' (and everything under it)
[1.813s] Copying ../../build/shepherding_control/shepherding_control.egg-info to /home/stefano/dev/Costanza/ros2_ws/install/shepherding_control/lib/python3.12/site-packages/shepherding_control-0.0.0-py3.12.egg-info
[1.813s] running install_scripts
[1.929s] Installing controller_node script to /home/stefano/dev/Costanza/ros2_ws/install/shepherding_control/lib/shepherding_control
[1.930s] Installing controller_node_rl script to /home/stefano/dev/Costanza/ros2_ws/install/shepherding_control/lib/shepherding_control
[1.930s] Installing dummy_controller_node script to /home/stefano/dev/Costanza/ros2_ws/install/shepherding_control/lib/shepherding_control
[1.930s] Installing lama_robot_controller_node script to /home/stefano/dev/Costanza/ros2_ws/install/shepherding_control/lib/shepherding_control
[1.930s] Installing obs_robot_controller script to /home/stefano/dev/Costanza/ros2_ws/install/shepherding_control/lib/shepherding_control
[1.930s] Installing robot_controller_rl script to /home/stefano/dev/Costanza/ros2_ws/install/shepherding_control/lib/shepherding_control
[1.930s] writing list of installed files to '/home/stefano/dev/Costanza/ros2_ws/build/shepherding_control/install.log'
[1.963s] Invoked command in '/home/stefano/dev/Costanza/ros2_ws/src/shepherding_control' returned '0': DEBUGINFOD_URLS=https://debuginfod.ubuntu.com PYTHONPATH=/home/stefano/dev/Costanza/ros2_ws/build/shepherding_control/prefix_override:/usr/lib/python3/dist-packages/colcon_core/task/python/colcon_distutils_commands:/home/stefano/dev/Costanza/ros2_ws/install/shepherding_control/lib/python3.12/site-packages:${PYTHONPATH} /usr/bin/python3 -W ignore:setup.py install is deprecated -W ignore:easy_install command is deprecated setup.py egg_info --egg-base ../../build/shepherding_control build --build-base /home/stefano/dev/Costanza/ros2_ws/build/shepherding_control/build install --record /home/stefano/dev/Costanza/ros2_ws/build/shepherding_control/install.log --single-version-externally-managed install_data
