running egg_info
creating ../../build/shepherding_control/shepherding_control.egg-info
writing ../../build/shepherding_control/shepherding_control.egg-info/PKG-INFO
writing dependency_links to ../../build/shepherding_control/shepherding_control.egg-info/dependency_links.txt
writing entry points to ../../build/shepherding_control/shepherding_control.egg-info/entry_points.txt
writing requirements to ../../build/shepherding_control/shepherding_control.egg-info/requires.txt
writing top-level names to ../../build/shepherding_control/shepherding_control.egg-info/top_level.txt
writing manifest file '../../build/shepherding_control/shepherding_control.egg-info/SOURCES.txt'
reading manifest file '../../build/shepherding_control/shepherding_control.egg-info/SOURCES.txt'
writing manifest file '../../build/shepherding_control/shepherding_control.egg-info/SOURCES.txt'
running build
running build_py
creating /home/stefano/dev/Costanza/ros2_ws/build/shepherding_control/build
creating /home/stefano/dev/Costanza/ros2_ws/build/shepherding_control/build/lib
creating /home/stefano/dev/Costanza/ros2_ws/build/shepherding_control/build/lib/shepherding_control
copying shepherding_control/controller_node.py -> /home/stefano/dev/Costanza/ros2_ws/build/shepherding_control/build/lib/shepherding_control
copying shepherding_control/__init__.py -> /home/stefano/dev/Costanza/ros2_ws/build/shepherding_control/build/lib/shepherding_control
creating /home/stefano/dev/Costanza/ros2_ws/build/shepherding_control/build/lib/shepherding_control/my_control_library
copying shepherding_control/my_control_library/control.py -> /home/stefano/dev/Costanza/ros2_ws/build/shepherding_control/build/lib/shepherding_control/my_control_library
copying shepherding_control/my_control_library/lama_control.py -> /home/stefano/dev/Costanza/ros2_ws/build/shepherding_control/build/lib/shepherding_control/my_control_library
copying shepherding_control/my_control_library/lama_control_obs.py -> /home/stefano/dev/Costanza/ros2_ws/build/shepherding_control/build/lib/shepherding_control/my_control_library
running install
running install_lib
creating /home/stefano/dev/Costanza/ros2_ws/install/shepherding_control/lib/python3.12/site-packages/shepherding_control
copying /home/stefano/dev/Costanza/ros2_ws/build/shepherding_control/build/lib/shepherding_control/controller_node.py -> /home/stefano/dev/Costanza/ros2_ws/install/shepherding_control/lib/python3.12/site-packages/shepherding_control
copying /home/stefano/dev/Costanza/ros2_ws/build/shepherding_control/build/lib/shepherding_control/__init__.py -> /home/stefano/dev/Costanza/ros2_ws/install/shepherding_control/lib/python3.12/site-packages/shepherding_control
creating /home/stefano/dev/Costanza/ros2_ws/install/shepherding_control/lib/python3.12/site-packages/shepherding_control/my_control_library
copying /home/stefano/dev/Costanza/ros2_ws/build/shepherding_control/build/lib/shepherding_control/my_control_library/control.py -> /home/stefano/dev/Costanza/ros2_ws/install/shepherding_control/lib/python3.12/site-packages/shepherding_control/my_control_library
copying /home/stefano/dev/Costanza/ros2_ws/build/shepherding_control/build/lib/shepherding_control/my_control_library/lama_control.py -> /home/stefano/dev/Costanza/ros2_ws/install/shepherding_control/lib/python3.12/site-packages/shepherding_control/my_control_library
copying /home/stefano/dev/Costanza/ros2_ws/build/shepherding_control/build/lib/shepherding_control/my_control_library/lama_control_obs.py -> /home/stefano/dev/Costanza/ros2_ws/install/shepherding_control/lib/python3.12/site-packages/shepherding_control/my_control_library
byte-compiling /home/stefano/dev/Costanza/ros2_ws/install/shepherding_control/lib/python3.12/site-packages/shepherding_control/controller_node.py to controller_node.cpython-312.pyc
byte-compiling /home/stefano/dev/Costanza/ros2_ws/install/shepherding_control/lib/python3.12/site-packages/shepherding_control/__init__.py to __init__.cpython-312.pyc
byte-compiling /home/stefano/dev/Costanza/ros2_ws/install/shepherding_control/lib/python3.12/site-packages/shepherding_control/my_control_library/control.py to control.cpython-312.pyc
byte-compiling /home/stefano/dev/Costanza/ros2_ws/install/shepherding_control/lib/python3.12/site-packages/shepherding_control/my_control_library/lama_control.py to lama_control.cpython-312.pyc
byte-compiling /home/stefano/dev/Costanza/ros2_ws/install/shepherding_control/lib/python3.12/site-packages/shepherding_control/my_control_library/lama_control_obs.py to lama_control_obs.cpython-312.pyc
running install_data
creating /home/stefano/dev/Costanza/ros2_ws/install/shepherding_control/share/ament_index
creating /home/stefano/dev/Costanza/ros2_ws/install/shepherding_control/share/ament_index/resource_index
creating /home/stefano/dev/Costanza/ros2_ws/install/shepherding_control/share/ament_index/resource_index/packages
copying resource/shepherding_control -> /home/stefano/dev/Costanza/ros2_ws/install/shepherding_control/share/ament_index/resource_index/packages
copying package.xml -> /home/stefano/dev/Costanza/ros2_ws/install/shepherding_control/share/shepherding_control
running install_egg_info
Copying ../../build/shepherding_control/shepherding_control.egg-info to /home/stefano/dev/Costanza/ros2_ws/install/shepherding_control/lib/python3.12/site-packages/shepherding_control-0.0.0-py3.12.egg-info
running install_scripts
Installing controller_node script to /home/stefano/dev/Costanza/ros2_ws/install/shepherding_control/lib/shepherding_control
writing list of installed files to '/home/stefano/dev/Costanza/ros2_ws/build/shepherding_control/install.log'
