[1.008s] Invoking command in '/home/stefano/dev/Costanza/ros2_ws/src/shepherding_control': DEBUGINFOD_URLS=https://debuginfod.ubuntu.com PYTHONPATH=/home/stefano/dev/Costanza/ros2_ws/build/shepherding_control/prefix_override:/usr/lib/python3/dist-packages/colcon_core/task/python/colcon_distutils_commands:/home/stefano/dev/Costanza/ros2_ws/install/shepherding_control/lib/python3.12/site-packages:${PYTHONPATH} /usr/bin/python3 -W ignore:setup.py install is deprecated -W ignore:easy_install command is deprecated setup.py egg_info --egg-base ../../build/shepherding_control build --build-base /home/stefano/dev/Costanza/ros2_ws/build/shepherding_control/build install --record /home/stefano/dev/Costanza/ros2_ws/build/shepherding_control/install.log --single-version-externally-managed install_data
[1.194s] running egg_info
[1.195s] creating ../../build/shepherding_control/shepherding_control.egg-info
[1.208s] writing ../../build/shepherding_control/shepherding_control.egg-info/PKG-INFO
[1.208s] writing dependency_links to ../../build/shepherding_control/shepherding_control.egg-info/dependency_links.txt
[1.208s] writing entry points to ../../build/shepherding_control/shepherding_control.egg-info/entry_points.txt
[1.208s] writing requirements to ../../build/shepherding_control/shepherding_control.egg-info/requires.txt
[1.208s] writing top-level names to ../../build/shepherding_control/shepherding_control.egg-info/top_level.txt
[1.208s] writing manifest file '../../build/shepherding_control/shepherding_control.egg-info/SOURCES.txt'
[1.236s] reading manifest file '../../build/shepherding_control/shepherding_control.egg-info/SOURCES.txt'
[1.236s] writing manifest file '../../build/shepherding_control/shepherding_control.egg-info/SOURCES.txt'
[1.236s] running build
[1.237s] running build_py
[1.237s] creating /home/stefano/dev/Costanza/ros2_ws/build/shepherding_control/build
[1.237s] creating /home/stefano/dev/Costanza/ros2_ws/build/shepherding_control/build/lib
[1.237s] creating /home/stefano/dev/Costanza/ros2_ws/build/shepherding_control/build/lib/shepherding_control
[1.237s] copying shepherding_control/controller_node.py -> /home/stefano/dev/Costanza/ros2_ws/build/shepherding_control/build/lib/shepherding_control
[1.237s] copying shepherding_control/__init__.py -> /home/stefano/dev/Costanza/ros2_ws/build/shepherding_control/build/lib/shepherding_control
[1.237s] creating /home/stefano/dev/Costanza/ros2_ws/build/shepherding_control/build/lib/shepherding_control/my_control_library
[1.237s] copying shepherding_control/my_control_library/control.py -> /home/stefano/dev/Costanza/ros2_ws/build/shepherding_control/build/lib/shepherding_control/my_control_library
[1.237s] copying shepherding_control/my_control_library/lama_control.py -> /home/stefano/dev/Costanza/ros2_ws/build/shepherding_control/build/lib/shepherding_control/my_control_library
[1.237s] copying shepherding_control/my_control_library/lama_control_obs.py -> /home/stefano/dev/Costanza/ros2_ws/build/shepherding_control/build/lib/shepherding_control/my_control_library
[1.238s] running install
[1.243s] running install_lib
[1.256s] creating /home/stefano/dev/Costanza/ros2_ws/install/shepherding_control/lib/python3.12/site-packages/shepherding_control
[1.257s] copying /home/stefano/dev/Costanza/ros2_ws/build/shepherding_control/build/lib/shepherding_control/controller_node.py -> /home/stefano/dev/Costanza/ros2_ws/install/shepherding_control/lib/python3.12/site-packages/shepherding_control
[1.257s] copying /home/stefano/dev/Costanza/ros2_ws/build/shepherding_control/build/lib/shepherding_control/__init__.py -> /home/stefano/dev/Costanza/ros2_ws/install/shepherding_control/lib/python3.12/site-packages/shepherding_control
[1.257s] creating /home/stefano/dev/Costanza/ros2_ws/install/shepherding_control/lib/python3.12/site-packages/shepherding_control/my_control_library
[1.257s] copying /home/stefano/dev/Costanza/ros2_ws/build/shepherding_control/build/lib/shepherding_control/my_control_library/control.py -> /home/stefano/dev/Costanza/ros2_ws/install/shepherding_control/lib/python3.12/site-packages/shepherding_control/my_control_library
[1.257s] copying /home/stefano/dev/Costanza/ros2_ws/build/shepherding_control/build/lib/shepherding_control/my_control_library/lama_control.py -> /home/stefano/dev/Costanza/ros2_ws/install/shepherding_control/lib/python3.12/site-packages/shepherding_control/my_control_library
[1.257s] copying /home/stefano/dev/Costanza/ros2_ws/build/shepherding_control/build/lib/shepherding_control/my_control_library/lama_control_obs.py -> /home/stefano/dev/Costanza/ros2_ws/install/shepherding_control/lib/python3.12/site-packages/shepherding_control/my_control_library
[1.257s] byte-compiling /home/stefano/dev/Costanza/ros2_ws/install/shepherding_control/lib/python3.12/site-packages/shepherding_control/controller_node.py to controller_node.cpython-312.pyc
[1.258s] byte-compiling /home/stefano/dev/Costanza/ros2_ws/install/shepherding_control/lib/python3.12/site-packages/shepherding_control/__init__.py to __init__.cpython-312.pyc
[1.258s] byte-compiling /home/stefano/dev/Costanza/ros2_ws/install/shepherding_control/lib/python3.12/site-packages/shepherding_control/my_control_library/control.py to control.cpython-312.pyc
[1.259s] byte-compiling /home/stefano/dev/Costanza/ros2_ws/install/shepherding_control/lib/python3.12/site-packages/shepherding_control/my_control_library/lama_control.py to lama_control.cpython-312.pyc
[1.260s] byte-compiling /home/stefano/dev/Costanza/ros2_ws/install/shepherding_control/lib/python3.12/site-packages/shepherding_control/my_control_library/lama_control_obs.py to lama_control_obs.cpython-312.pyc
[1.262s] running install_data
[1.262s] creating /home/stefano/dev/Costanza/ros2_ws/install/shepherding_control/share/ament_index
[1.262s] creating /home/stefano/dev/Costanza/ros2_ws/install/shepherding_control/share/ament_index/resource_index
[1.262s] creating /home/stefano/dev/Costanza/ros2_ws/install/shepherding_control/share/ament_index/resource_index/packages
[1.262s] copying resource/shepherding_control -> /home/stefano/dev/Costanza/ros2_ws/install/shepherding_control/share/ament_index/resource_index/packages
[1.262s] copying package.xml -> /home/stefano/dev/Costanza/ros2_ws/install/shepherding_control/share/shepherding_control
[1.263s] running install_egg_info
[1.277s] Copying ../../build/shepherding_control/shepherding_control.egg-info to /home/stefano/dev/Costanza/ros2_ws/install/shepherding_control/lib/python3.12/site-packages/shepherding_control-0.0.0-py3.12.egg-info
[1.278s] running install_scripts
[1.370s] Installing controller_node script to /home/stefano/dev/Costanza/ros2_ws/install/shepherding_control/lib/shepherding_control
[1.371s] writing list of installed files to '/home/stefano/dev/Costanza/ros2_ws/build/shepherding_control/install.log'
[1.408s] Invoked command in '/home/stefano/dev/Costanza/ros2_ws/src/shepherding_control' returned '0': DEBUGINFOD_URLS=https://debuginfod.ubuntu.com PYTHONPATH=/home/stefano/dev/Costanza/ros2_ws/build/shepherding_control/prefix_override:/usr/lib/python3/dist-packages/colcon_core/task/python/colcon_distutils_commands:/home/stefano/dev/Costanza/ros2_ws/install/shepherding_control/lib/python3.12/site-packages:${PYTHONPATH} /usr/bin/python3 -W ignore:setup.py install is deprecated -W ignore:easy_install command is deprecated setup.py egg_info --egg-base ../../build/shepherding_control build --build-base /home/stefano/dev/Costanza/ros2_ws/build/shepherding_control/build install --record /home/stefano/dev/Costanza/ros2_ws/build/shepherding_control/install.log --single-version-externally-managed install_data
