[1.813s] Invoking command in '/home/stefano/dev/Costanza/ros2_ws/src/robot_controller': DEBUGINFOD_URLS=https://debuginfod.ubuntu.com PYTHONPATH=/home/stefano/dev/Costanza/ros2_ws/build/robot_controller/prefix_override:/usr/lib/python3/dist-packages/colcon_core/task/python/colcon_distutils_commands:/home/stefano/dev/Costanza/ros2_ws/install/robot_controller/lib/python3.12/site-packages:${PYTHONPATH} /usr/bin/python3 -W ignore:setup.py install is deprecated -W ignore:easy_install command is deprecated setup.py egg_info --egg-base ../../build/robot_controller build --build-base /home/stefano/dev/Costanza/ros2_ws/build/robot_controller/build install --record /home/stefano/dev/Costanza/ros2_ws/build/robot_controller/install.log --single-version-externally-managed install_data
[2.129s] running egg_info
[2.147s] writing ../../build/robot_controller/robot_controller.egg-info/PKG-INFO
[2.149s] writing dependency_links to ../../build/robot_controller/robot_controller.egg-info/dependency_links.txt
[2.149s] writing entry points to ../../build/robot_controller/robot_controller.egg-info/entry_points.txt
[2.149s] writing requirements to ../../build/robot_controller/robot_controller.egg-info/requires.txt
[2.150s] writing top-level names to ../../build/robot_controller/robot_controller.egg-info/top_level.txt
[2.206s] reading manifest file '../../build/robot_controller/robot_controller.egg-info/SOURCES.txt'
[2.206s] writing manifest file '../../build/robot_controller/robot_controller.egg-info/SOURCES.txt'
[2.206s] running build
[2.206s] running build_py
[2.206s] running install
[2.216s] running install_lib
[2.246s] running install_data
[2.246s] running install_egg_info
[2.280s] removing '/home/stefano/dev/Costanza/ros2_ws/install/robot_controller/lib/python3.12/site-packages/robot_controller-0.0.0-py3.12.egg-info' (and everything under it)
[2.280s] Copying ../../build/robot_controller/robot_controller.egg-info to /home/stefano/dev/Costanza/ros2_ws/install/robot_controller/lib/python3.12/site-packages/robot_controller-0.0.0-py3.12.egg-info
[2.283s] running install_scripts
[2.480s] Installing controller script to /home/stefano/dev/Costanza/ros2_ws/install/robot_controller/lib/robot_controller
[2.480s] writing list of installed files to '/home/stefano/dev/Costanza/ros2_ws/build/robot_controller/install.log'
[2.537s] Invoked command in '/home/stefano/dev/Costanza/ros2_ws/src/robot_controller' returned '0': DEBUGINFOD_URLS=https://debuginfod.ubuntu.com PYTHONPATH=/home/stefano/dev/Costanza/ros2_ws/build/robot_controller/prefix_override:/usr/lib/python3/dist-packages/colcon_core/task/python/colcon_distutils_commands:/home/stefano/dev/Costanza/ros2_ws/install/robot_controller/lib/python3.12/site-packages:${PYTHONPATH} /usr/bin/python3 -W ignore:setup.py install is deprecated -W ignore:easy_install command is deprecated setup.py egg_info --egg-base ../../build/robot_controller build --build-base /home/stefano/dev/Costanza/ros2_ws/build/robot_controller/build install --record /home/stefano/dev/Costanza/ros2_ws/build/robot_controller/install.log --single-version-externally-managed install_data
