[1.652s] Invoking command in '/home/stefano/dev/Costanza/ros2_ws/src/shepherding_control': DEBUGINFOD_URLS=https://debuginfod.ubuntu.com PYTHONPATH=/home/stefano/dev/Costanza/ros2_ws/build/shepherding_control/prefix_override:/usr/lib/python3/dist-packages/colcon_core/task/python/colcon_distutils_commands:/home/stefano/dev/Costanza/ros2_ws/install/shepherding_control/lib/python3.12/site-packages:${PYTHONPATH} /usr/bin/python3 -W ignore:setup.py install is deprecated -W ignore:easy_install command is deprecated setup.py egg_info --egg-base ../../build/shepherding_control build --build-base /home/stefano/dev/Costanza/ros2_ws/build/shepherding_control/build install --record /home/stefano/dev/Costanza/ros2_ws/build/shepherding_control/install.log --single-version-externally-managed install_data
[2.060s] running egg_info
[2.096s] writing ../../build/shepherding_control/shepherding_control.egg-info/PKG-INFO
[2.096s] writing dependency_links to ../../build/shepherding_control/shepherding_control.egg-info/dependency_links.txt
[2.096s] writing entry points to ../../build/shepherding_control/shepherding_control.egg-info/entry_points.txt
[2.096s] writing requirements to ../../build/shepherding_control/shepherding_control.egg-info/requires.txt
[2.096s] writing top-level names to ../../build/shepherding_control/shepherding_control.egg-info/top_level.txt
[2.161s] reading manifest file '../../build/shepherding_control/shepherding_control.egg-info/SOURCES.txt'
[2.161s] writing manifest file '../../build/shepherding_control/shepherding_control.egg-info/SOURCES.txt'
[2.162s] running build
[2.162s] running build_py
[2.164s] copying shepherding_control/my_control_library/learning_control.py -> /home/stefano/dev/Costanza/ros2_ws/build/shepherding_control/build/lib/shepherding_control/my_control_library
[2.164s] running install
[2.184s] running install_lib
[2.209s] copying /home/stefano/dev/Costanza/ros2_ws/build/shepherding_control/build/lib/shepherding_control/my_control_library/learning_control.py -> /home/stefano/dev/Costanza/ros2_ws/install/shepherding_control/lib/python3.12/site-packages/shepherding_control/my_control_library
[2.209s] byte-compiling /home/stefano/dev/Costanza/ros2_ws/install/shepherding_control/lib/python3.12/site-packages/shepherding_control/my_control_library/learning_control.py to learning_control.cpython-312.pyc
[2.214s] running install_data
[2.214s] running install_egg_info
[2.244s] removing '/home/stefano/dev/Costanza/ros2_ws/install/shepherding_control/lib/python3.12/site-packages/shepherding_control-0.0.0-py3.12.egg-info' (and everything under it)
[2.245s] Copying ../../build/shepherding_control/shepherding_control.egg-info to /home/stefano/dev/Costanza/ros2_ws/install/shepherding_control/lib/python3.12/site-packages/shepherding_control-0.0.0-py3.12.egg-info
[2.246s] running install_scripts
[2.448s] Installing controller_node script to /home/stefano/dev/Costanza/ros2_ws/install/shepherding_control/lib/shepherding_control
[2.449s] Installing controller_node_rl script to /home/stefano/dev/Costanza/ros2_ws/install/shepherding_control/lib/shepherding_control
[2.449s] Installing dummy_controller_node script to /home/stefano/dev/Costanza/ros2_ws/install/shepherding_control/lib/shepherding_control
[2.450s] Installing lama_robot_controller_node script to /home/stefano/dev/Costanza/ros2_ws/install/shepherding_control/lib/shepherding_control
[2.450s] Installing obs_robot_controller script to /home/stefano/dev/Costanza/ros2_ws/install/shepherding_control/lib/shepherding_control
[2.450s] Installing robot_controller_rl script to /home/stefano/dev/Costanza/ros2_ws/install/shepherding_control/lib/shepherding_control
[2.452s] writing list of installed files to '/home/stefano/dev/Costanza/ros2_ws/build/shepherding_control/install.log'
[2.515s] Invoked command in '/home/stefano/dev/Costanza/ros2_ws/src/shepherding_control' returned '0': DEBUGINFOD_URLS=https://debuginfod.ubuntu.com PYTHONPATH=/home/stefano/dev/Costanza/ros2_ws/build/shepherding_control/prefix_override:/usr/lib/python3/dist-packages/colcon_core/task/python/colcon_distutils_commands:/home/stefano/dev/Costanza/ros2_ws/install/shepherding_control/lib/python3.12/site-packages:${PYTHONPATH} /usr/bin/python3 -W ignore:setup.py install is deprecated -W ignore:easy_install command is deprecated setup.py egg_info --egg-base ../../build/shepherding_control build --build-base /home/stefano/dev/Costanza/ros2_ws/build/shepherding_control/build install --record /home/stefano/dev/Costanza/ros2_ws/build/shepherding_control/install.log --single-version-externally-managed install_data
