[0.067s] Invoking command in '/home/stefano/dev/Costanza/ros2_ws/build/ionic_demo': CMAKE_PREFIX_PATH=${CMAKE_PREFIX_PATH}:/opt/ros/jazzy DEBUGINFOD_URLS=https://debuginfod.ubuntu.com /usr/bin/cmake --build /home/stefano/dev/Costanza/ros2_ws/build/ionic_demo -- -j8 -l8
[1.862s] Invoked command in '/home/stefano/dev/Costanza/ros2_ws/build/ionic_demo' returned '0': CMAKE_PREFIX_PATH=${CMAKE_PREFIX_PATH}:/opt/ros/jazzy DEBUGINFOD_URLS=https://debuginfod.ubuntu.com /usr/bin/cmake --build /home/stefano/dev/Costanza/ros2_ws/build/ionic_demo -- -j8 -l8
[1.878s] Invoking command in '/home/stefano/dev/Costanza/ros2_ws/build/ionic_demo': CMAKE_PREFIX_PATH=${CMAKE_PREFIX_PATH}:/opt/ros/jazzy DEBUGINFOD_URLS=https://debuginfod.ubuntu.com /usr/bin/cmake --install /home/stefano/dev/Costanza/ros2_ws/build/ionic_demo
[1.898s] -- Install configuration: ""
[1.900s] -- Execute custom install script
[1.901s] -- Up-to-date symlink: /home/stefano/dev/Costanza/ros2_ws/install/ionic_demo/share/ionic_demo/configs/nav2.rviz
[1.901s] -- Up-to-date symlink: /home/stefano/dev/Costanza/ros2_ws/install/ionic_demo/share/ionic_demo/configs/tb4_camera_bridge.yaml
[1.903s] -- Up-to-date symlink: /home/stefano/dev/Costanza/ros2_ws/install/ionic_demo/share/ionic_demo/launch/ionic_moveit_demo_launch.py
[1.903s] -- Up-to-date symlink: /home/stefano/dev/Costanza/ros2_ws/install/ionic_demo/share/ionic_demo/launch/ionic_navigation_demo_launch.py
[1.904s] -- Up-to-date symlink: /home/stefano/dev/Costanza/ros2_ws/install/ionic_demo/share/ionic_demo/launch/ionic_navigation_demo_launch.xml
[1.905s] -- Up-to-date symlink: /home/stefano/dev/Costanza/ros2_ws/install/ionic_demo/share/ionic_demo/launch/ionic_rmf_demo_launch.py
[1.905s] -- Up-to-date symlink: /home/stefano/dev/Costanza/ros2_ws/install/ionic_demo/share/ionic_demo/launch/tb4_spawn_launch.py
[1.905s] -- Up-to-date symlink: /home/stefano/dev/Costanza/ros2_ws/install/ionic_demo/share/ionic_demo/launch/tb4_spawn_launch.xml
[1.907s] -- Up-to-date symlink: /home/stefano/dev/Costanza/ros2_ws/install/ionic_demo/share/ionic_demo/launch/world_launch.py
[1.908s] -- Up-to-date symlink: /home/stefano/dev/Costanza/ros2_ws/install/ionic_demo/share/ionic_demo/launch/world_launch.xml
[1.909s] -- Up-to-date symlink: /home/stefano/dev/Costanza/ros2_ws/install/ionic_demo/share/ionic_demo/maps/ionic_demo.pgm
[1.910s] -- Up-to-date symlink: /home/stefano/dev/Costanza/ros2_ws/install/ionic_demo/share/ionic_demo/maps/ionic_demo.yaml
[1.910s] -- Up-to-date symlink: /home/stefano/dev/Costanza/ros2_ws/install/ionic_demo/share/ionic_demo/worlds/ionic.sdf
[1.916s] -- Up-to-date symlink: /home/stefano/dev/Costanza/ros2_ws/install/ionic_demo/share/ionic_demo/models/ionic_tb4.urdf.xacro
[1.917s] -- Up-to-date symlink: /home/stefano/dev/Costanza/ros2_ws/install/ionic_demo/share/ionic_demo/models/test.urdf
[1.917s] -- Up-to-date symlink: /home/stefano/dev/Costanza/ros2_ws/install/ionic_demo/share/ionic_demo/rviz/nav2_default_view.rviz
[1.917s] -- Up-to-date symlink: /home/stefano/dev/Costanza/ros2_ws/install/ionic_demo/share/ionic_demo/params/nav2_params.yaml
[1.918s] -- Up-to-date symlink: /home/stefano/dev/Costanza/ros2_ws/install/ionic_demo/share/ionic_demo/environment/ionic_demo.dsv
[1.918s] -- Up-to-date symlink: /home/stefano/dev/Costanza/ros2_ws/install/ionic_demo/share/ament_index/resource_index/package_run_dependencies/ionic_demo
[1.918s] -- Up-to-date symlink: /home/stefano/dev/Costanza/ros2_ws/install/ionic_demo/share/ament_index/resource_index/parent_prefix_path/ionic_demo
[1.918s] -- Up-to-date symlink: /home/stefano/dev/Costanza/ros2_ws/install/ionic_demo/share/ionic_demo/environment/ament_prefix_path.sh
[1.919s] -- Up-to-date symlink: /home/stefano/dev/Costanza/ros2_ws/install/ionic_demo/share/ionic_demo/environment/ament_prefix_path.dsv
[1.919s] -- Up-to-date symlink: /home/stefano/dev/Costanza/ros2_ws/install/ionic_demo/share/ionic_demo/environment/path.sh
[1.919s] -- Up-to-date symlink: /home/stefano/dev/Costanza/ros2_ws/install/ionic_demo/share/ionic_demo/environment/path.dsv
[1.919s] -- Up-to-date symlink: /home/stefano/dev/Costanza/ros2_ws/install/ionic_demo/share/ionic_demo/local_setup.bash
[1.920s] -- Up-to-date symlink: /home/stefano/dev/Costanza/ros2_ws/install/ionic_demo/share/ionic_demo/local_setup.sh
[1.920s] -- Up-to-date symlink: /home/stefano/dev/Costanza/ros2_ws/install/ionic_demo/share/ionic_demo/local_setup.zsh
[1.920s] -- Up-to-date symlink: /home/stefano/dev/Costanza/ros2_ws/install/ionic_demo/share/ionic_demo/local_setup.dsv
[1.920s] -- Symlinking: /home/stefano/dev/Costanza/ros2_ws/install/ionic_demo/share/ionic_demo/package.dsv
[1.944s] -- Up-to-date symlink: /home/stefano/dev/Costanza/ros2_ws/install/ionic_demo/share/ament_index/resource_index/packages/ionic_demo
[1.944s] -- Up-to-date symlink: /home/stefano/dev/Costanza/ros2_ws/install/ionic_demo/share/ionic_demo/cmake/ionic_demoConfig.cmake
[1.946s] -- Up-to-date symlink: /home/stefano/dev/Costanza/ros2_ws/install/ionic_demo/share/ionic_demo/cmake/ionic_demoConfig-version.cmake
[1.946s] -- Up-to-date symlink: /home/stefano/dev/Costanza/ros2_ws/install/ionic_demo/share/ionic_demo/package.xml
[1.953s] Invoked command in '/home/stefano/dev/Costanza/ros2_ws/build/ionic_demo' returned '0': CMAKE_PREFIX_PATH=${CMAKE_PREFIX_PATH}:/opt/ros/jazzy DEBUGINFOD_URLS=https://debuginfod.ubuntu.com /usr/bin/cmake --install /home/stefano/dev/Costanza/ros2_ws/build/ionic_demo
