[1.240s] Invoking command in '/home/stefano/dev/Costanza/ros2_ws/src/shepherding_control': DEBUGINFOD_URLS=https://debuginfod.ubuntu.com PYTHONPATH=/home/stefano/dev/Costanza/ros2_ws/build/shepherding_control/prefix_override:/usr/lib/python3/dist-packages/colcon_core/task/python/colcon_distutils_commands:/home/stefano/dev/Costanza/ros2_ws/install/shepherding_control/lib/python3.12/site-packages:${PYTHONPATH} /usr/bin/python3 -W ignore:setup.py install is deprecated -W ignore:easy_install command is deprecated setup.py egg_info --egg-base ../../build/shepherding_control build --build-base /home/stefano/dev/Costanza/ros2_ws/build/shepherding_control/build install --record /home/stefano/dev/Costanza/ros2_ws/build/shepherding_control/install.log --single-version-externally-managed install_data
[1.445s] running egg_info
[1.460s] writing ../../build/shepherding_control/shepherding_control.egg-info/PKG-INFO
[1.460s] writing dependency_links to ../../build/shepherding_control/shepherding_control.egg-info/dependency_links.txt
[1.461s] writing entry points to ../../build/shepherding_control/shepherding_control.egg-info/entry_points.txt
[1.461s] writing requirements to ../../build/shepherding_control/shepherding_control.egg-info/requires.txt
[1.461s] writing top-level names to ../../build/shepherding_control/shepherding_control.egg-info/top_level.txt
[1.492s] reading manifest file '../../build/shepherding_control/shepherding_control.egg-info/SOURCES.txt'
[1.493s] writing manifest file '../../build/shepherding_control/shepherding_control.egg-info/SOURCES.txt'
[1.493s] running build
[1.493s] running build_py
[1.493s] copying shepherding_control/obs_robot_controller.py -> /home/stefano/dev/Costanza/ros2_ws/build/shepherding_control/build/lib/shepherding_control
[1.494s] running install
[1.500s] running install_lib
[1.516s] copying /home/stefano/dev/Costanza/ros2_ws/build/shepherding_control/build/lib/shepherding_control/obs_robot_controller.py -> /home/stefano/dev/Costanza/ros2_ws/install/shepherding_control/lib/python3.12/site-packages/shepherding_control
[1.517s] byte-compiling /home/stefano/dev/Costanza/ros2_ws/install/shepherding_control/lib/python3.12/site-packages/shepherding_control/obs_robot_controller.py to obs_robot_controller.cpython-312.pyc
[1.518s] running install_data
[1.518s] running install_egg_info
[1.535s] removing '/home/stefano/dev/Costanza/ros2_ws/install/shepherding_control/lib/python3.12/site-packages/shepherding_control-0.0.0-py3.12.egg-info' (and everything under it)
[1.535s] Copying ../../build/shepherding_control/shepherding_control.egg-info to /home/stefano/dev/Costanza/ros2_ws/install/shepherding_control/lib/python3.12/site-packages/shepherding_control-0.0.0-py3.12.egg-info
[1.536s] running install_scripts
[1.644s] Installing controller_node script to /home/stefano/dev/Costanza/ros2_ws/install/shepherding_control/lib/shepherding_control
[1.644s] Installing dummy_controller_node script to /home/stefano/dev/Costanza/ros2_ws/install/shepherding_control/lib/shepherding_control
[1.644s] Installing lama_robot_controller_node script to /home/stefano/dev/Costanza/ros2_ws/install/shepherding_control/lib/shepherding_control
[1.644s] Installing obs_robot_controller script to /home/stefano/dev/Costanza/ros2_ws/install/shepherding_control/lib/shepherding_control
[1.644s] writing list of installed files to '/home/stefano/dev/Costanza/ros2_ws/build/shepherding_control/install.log'
[1.681s] Invoked command in '/home/stefano/dev/Costanza/ros2_ws/src/shepherding_control' returned '0': DEBUGINFOD_URLS=https://debuginfod.ubuntu.com PYTHONPATH=/home/stefano/dev/Costanza/ros2_ws/build/shepherding_control/prefix_override:/usr/lib/python3/dist-packages/colcon_core/task/python/colcon_distutils_commands:/home/stefano/dev/Costanza/ros2_ws/install/shepherding_control/lib/python3.12/site-packages:${PYTHONPATH} /usr/bin/python3 -W ignore:setup.py install is deprecated -W ignore:easy_install command is deprecated setup.py egg_info --egg-base ../../build/shepherding_control build --build-base /home/stefano/dev/Costanza/ros2_ws/build/shepherding_control/build install --record /home/stefano/dev/Costanza/ros2_ws/build/shepherding_control/install.log --single-version-externally-managed install_data
