[1.345s] Invoking command in '/home/stefano/dev/Costanza/ros2_ws/src/robot_controller': DEBUGINFOD_URLS=https://debuginfod.ubuntu.com PYTHONPATH=/home/stefano/dev/Costanza/ros2_ws/build/robot_controller/prefix_override:/usr/lib/python3/dist-packages/colcon_core/task/python/colcon_distutils_commands:/home/stefano/dev/Costanza/ros2_ws/install/robot_controller/lib/python3.12/site-packages:${PYTHONPATH} /usr/bin/python3 -W ignore:setup.py install is deprecated -W ignore:easy_install command is deprecated setup.py egg_info --egg-base ../../build/robot_controller build --build-base /home/stefano/dev/Costanza/ros2_ws/build/robot_controller/build install --record /home/stefano/dev/Costanza/ros2_ws/build/robot_controller/install.log --single-version-externally-managed install_data
[1.751s] running egg_info
[1.779s] writing ../../build/robot_controller/robot_controller.egg-info/PKG-INFO
[1.779s] writing dependency_links to ../../build/robot_controller/robot_controller.egg-info/dependency_links.txt
[1.779s] writing entry points to ../../build/robot_controller/robot_controller.egg-info/entry_points.txt
[1.779s] writing requirements to ../../build/robot_controller/robot_controller.egg-info/requires.txt
[1.779s] writing top-level names to ../../build/robot_controller/robot_controller.egg-info/top_level.txt
[1.817s] reading manifest file '../../build/robot_controller/robot_controller.egg-info/SOURCES.txt'
[1.818s] writing manifest file '../../build/robot_controller/robot_controller.egg-info/SOURCES.txt'
[1.818s] running build
[1.818s] running build_py
[1.818s] running install
[1.824s] running install_lib
[1.843s] running install_data
[1.844s] running install_egg_info
[1.864s] removing '/home/stefano/dev/Costanza/ros2_ws/install/robot_controller/lib/python3.12/site-packages/robot_controller-0.0.0-py3.12.egg-info' (and everything under it)
[1.866s] Copying ../../build/robot_controller/robot_controller.egg-info to /home/stefano/dev/Costanza/ros2_ws/install/robot_controller/lib/python3.12/site-packages/robot_controller-0.0.0-py3.12.egg-info
[1.866s] running install_scripts
[2.069s] Installing controller script to /home/stefano/dev/Costanza/ros2_ws/install/robot_controller/lib/robot_controller
[2.069s] writing list of installed files to '/home/stefano/dev/Costanza/ros2_ws/build/robot_controller/install.log'
[2.112s] Invoked command in '/home/stefano/dev/Costanza/ros2_ws/src/robot_controller' returned '0': DEBUGINFOD_URLS=https://debuginfod.ubuntu.com PYTHONPATH=/home/stefano/dev/Costanza/ros2_ws/build/robot_controller/prefix_override:/usr/lib/python3/dist-packages/colcon_core/task/python/colcon_distutils_commands:/home/stefano/dev/Costanza/ros2_ws/install/robot_controller/lib/python3.12/site-packages:${PYTHONPATH} /usr/bin/python3 -W ignore:setup.py install is deprecated -W ignore:easy_install command is deprecated setup.py egg_info --egg-base ../../build/robot_controller build --build-base /home/stefano/dev/Costanza/ros2_ws/build/robot_controller/build install --record /home/stefano/dev/Costanza/ros2_ws/build/robot_controller/install.log --single-version-externally-managed install_data
