[2.113s] Invoking command in '/home/stefano/dev/Costanza/ros2_ws/src/shepherding_control': DEBUGINFOD_URLS=https://debuginfod.ubuntu.com PYTHONPATH=/home/stefano/dev/Costanza/ros2_ws/build/shepherding_control/prefix_override:/usr/lib/python3/dist-packages/colcon_core/task/python/colcon_distutils_commands:/home/stefano/dev/Costanza/ros2_ws/install/shepherding_control/lib/python3.12/site-packages:${PYTHONPATH} /usr/bin/python3 -W ignore:setup.py install is deprecated -W ignore:easy_install command is deprecated setup.py egg_info --egg-base ../../build/shepherding_control build --build-base /home/stefano/dev/Costanza/ros2_ws/build/shepherding_control/build install --record /home/stefano/dev/Costanza/ros2_ws/build/shepherding_control/install.log --single-version-externally-managed install_data
[2.549s] running egg_info
[2.589s] writing ../../build/shepherding_control/shepherding_control.egg-info/PKG-INFO
[2.590s] writing dependency_links to ../../build/shepherding_control/shepherding_control.egg-info/dependency_links.txt
[2.591s] writing entry points to ../../build/shepherding_control/shepherding_control.egg-info/entry_points.txt
[2.593s] writing requirements to ../../build/shepherding_control/shepherding_control.egg-info/requires.txt
[2.593s] writing top-level names to ../../build/shepherding_control/shepherding_control.egg-info/top_level.txt
[2.653s] reading manifest file '../../build/shepherding_control/shepherding_control.egg-info/SOURCES.txt'
[2.655s] writing manifest file '../../build/shepherding_control/shepherding_control.egg-info/SOURCES.txt'
[2.655s] running build
[2.655s] running build_py
[2.656s] copying shepherding_control/controller_node_rl.py -> /home/stefano/dev/Costanza/ros2_ws/build/shepherding_control/build/lib/shepherding_control
[2.656s] copying shepherding_control/my_control_library/actor_critic_base.py -> /home/stefano/dev/Costanza/ros2_ws/build/shepherding_control/build/lib/shepherding_control/my_control_library
[2.657s] copying shepherding_control/my_control_library/actor_critic_continuous.py -> /home/stefano/dev/Costanza/ros2_ws/build/shepherding_control/build/lib/shepherding_control/my_control_library
[2.657s] copying shepherding_control/my_control_library/utils.py -> /home/stefano/dev/Costanza/ros2_ws/build/shepherding_control/build/lib/shepherding_control/my_control_library
[2.657s] copying shepherding_control/my_control_library/actor_critic_mappo_discrete.py -> /home/stefano/dev/Costanza/ros2_ws/build/shepherding_control/build/lib/shepherding_control/my_control_library
[2.657s] copying shepherding_control/my_control_library/learning_control.py -> /home/stefano/dev/Costanza/ros2_ws/build/shepherding_control/build/lib/shepherding_control/my_control_library
[2.657s] running install
[2.668s] running install_lib
[2.690s] copying /home/stefano/dev/Costanza/ros2_ws/build/shepherding_control/build/lib/shepherding_control/my_control_library/actor_critic_base.py -> /home/stefano/dev/Costanza/ros2_ws/install/shepherding_control/lib/python3.12/site-packages/shepherding_control/my_control_library
[2.691s] copying /home/stefano/dev/Costanza/ros2_ws/build/shepherding_control/build/lib/shepherding_control/my_control_library/actor_critic_continuous.py -> /home/stefano/dev/Costanza/ros2_ws/install/shepherding_control/lib/python3.12/site-packages/shepherding_control/my_control_library
[2.691s] copying /home/stefano/dev/Costanza/ros2_ws/build/shepherding_control/build/lib/shepherding_control/my_control_library/utils.py -> /home/stefano/dev/Costanza/ros2_ws/install/shepherding_control/lib/python3.12/site-packages/shepherding_control/my_control_library
[2.691s] copying /home/stefano/dev/Costanza/ros2_ws/build/shepherding_control/build/lib/shepherding_control/my_control_library/actor_critic_mappo_discrete.py -> /home/stefano/dev/Costanza/ros2_ws/install/shepherding_control/lib/python3.12/site-packages/shepherding_control/my_control_library
[2.691s] copying /home/stefano/dev/Costanza/ros2_ws/build/shepherding_control/build/lib/shepherding_control/my_control_library/learning_control.py -> /home/stefano/dev/Costanza/ros2_ws/install/shepherding_control/lib/python3.12/site-packages/shepherding_control/my_control_library
[2.692s] copying /home/stefano/dev/Costanza/ros2_ws/build/shepherding_control/build/lib/shepherding_control/controller_node_rl.py -> /home/stefano/dev/Costanza/ros2_ws/install/shepherding_control/lib/python3.12/site-packages/shepherding_control
[2.692s] byte-compiling /home/stefano/dev/Costanza/ros2_ws/install/shepherding_control/lib/python3.12/site-packages/shepherding_control/my_control_library/actor_critic_base.py to actor_critic_base.cpython-312.pyc
[2.694s] byte-compiling /home/stefano/dev/Costanza/ros2_ws/install/shepherding_control/lib/python3.12/site-packages/shepherding_control/my_control_library/actor_critic_continuous.py to actor_critic_continuous.cpython-312.pyc
[2.695s] byte-compiling /home/stefano/dev/Costanza/ros2_ws/install/shepherding_control/lib/python3.12/site-packages/shepherding_control/my_control_library/utils.py to utils.cpython-312.pyc
[2.703s] byte-compiling /home/stefano/dev/Costanza/ros2_ws/install/shepherding_control/lib/python3.12/site-packages/shepherding_control/my_control_library/actor_critic_mappo_discrete.py to actor_critic_mappo_discrete.cpython-312.pyc
[2.704s] byte-compiling /home/stefano/dev/Costanza/ros2_ws/install/shepherding_control/lib/python3.12/site-packages/shepherding_control/my_control_library/learning_control.py to learning_control.cpython-312.pyc
[2.708s] byte-compiling /home/stefano/dev/Costanza/ros2_ws/install/shepherding_control/lib/python3.12/site-packages/shepherding_control/controller_node_rl.py to controller_node_rl.cpython-312.pyc
[2.713s] running install_data
[2.713s] running install_egg_info
[2.745s] removing '/home/stefano/dev/Costanza/ros2_ws/install/shepherding_control/lib/python3.12/site-packages/shepherding_control-0.0.0-py3.12.egg-info' (and everything under it)
[2.746s] Copying ../../build/shepherding_control/shepherding_control.egg-info to /home/stefano/dev/Costanza/ros2_ws/install/shepherding_control/lib/python3.12/site-packages/shepherding_control-0.0.0-py3.12.egg-info
[2.746s] running install_scripts
[2.945s] Installing controller_node script to /home/stefano/dev/Costanza/ros2_ws/install/shepherding_control/lib/shepherding_control
[2.947s] Installing controller_node_rl script to /home/stefano/dev/Costanza/ros2_ws/install/shepherding_control/lib/shepherding_control
[2.947s] Installing dummy_controller_node script to /home/stefano/dev/Costanza/ros2_ws/install/shepherding_control/lib/shepherding_control
[2.947s] Installing lama_robot_controller_node script to /home/stefano/dev/Costanza/ros2_ws/install/shepherding_control/lib/shepherding_control
[2.947s] Installing obs_robot_controller script to /home/stefano/dev/Costanza/ros2_ws/install/shepherding_control/lib/shepherding_control
[2.948s] writing list of installed files to '/home/stefano/dev/Costanza/ros2_ws/build/shepherding_control/install.log'
[3.000s] Invoked command in '/home/stefano/dev/Costanza/ros2_ws/src/shepherding_control' returned '0': DEBUGINFOD_URLS=https://debuginfod.ubuntu.com PYTHONPATH=/home/stefano/dev/Costanza/ros2_ws/build/shepherding_control/prefix_override:/usr/lib/python3/dist-packages/colcon_core/task/python/colcon_distutils_commands:/home/stefano/dev/Costanza/ros2_ws/install/shepherding_control/lib/python3.12/site-packages:${PYTHONPATH} /usr/bin/python3 -W ignore:setup.py install is deprecated -W ignore:easy_install command is deprecated setup.py egg_info --egg-base ../../build/shepherding_control build --build-base /home/stefano/dev/Costanza/ros2_ws/build/shepherding_control/build install --record /home/stefano/dev/Costanza/ros2_ws/build/shepherding_control/install.log --single-version-externally-managed install_data
