[1.803s] Invoking command in '/home/stefano/dev/Costanza/ros2_ws/src/multirobot_spawn_obs': DEBUGINFOD_URLS=https://debuginfod.ubuntu.com PYTHONPATH=/home/stefano/dev/Costanza/ros2_ws/build/multirobot_spawn_obs/prefix_override:/usr/lib/python3/dist-packages/colcon_core/task/python/colcon_distutils_commands:/home/stefano/dev/Costanza/ros2_ws/install/multirobot_spawn_obs/lib/python3.12/site-packages:${PYTHONPATH} /usr/bin/python3 -W ignore:setup.py install is deprecated -W ignore:easy_install command is deprecated setup.py egg_info --egg-base ../../build/multirobot_spawn_obs build --build-base /home/stefano/dev/Costanza/ros2_ws/build/multirobot_spawn_obs/build install --record /home/stefano/dev/Costanza/ros2_ws/build/multirobot_spawn_obs/install.log --single-version-externally-managed install_data
[2.066s] running egg_info
[2.085s] writing ../../build/multirobot_spawn_obs/multirobot_spawn_obs.egg-info/PKG-INFO
[2.085s] writing dependency_links to ../../build/multirobot_spawn_obs/multirobot_spawn_obs.egg-info/dependency_links.txt
[2.085s] writing requirements to ../../build/multirobot_spawn_obs/multirobot_spawn_obs.egg-info/requires.txt
[2.085s] writing top-level names to ../../build/multirobot_spawn_obs/multirobot_spawn_obs.egg-info/top_level.txt
[2.126s] reading manifest file '../../build/multirobot_spawn_obs/multirobot_spawn_obs.egg-info/SOURCES.txt'
[2.126s] writing manifest file '../../build/multirobot_spawn_obs/multirobot_spawn_obs.egg-info/SOURCES.txt'
[2.126s] running build
[2.127s] running build_py
[2.127s] running install
[2.133s] running install_lib
[2.153s] running install_data
[2.153s] copying launch/multi_robot_spawn_obs.launch.py -> /home/stefano/dev/Costanza/ros2_ws/install/multirobot_spawn_obs/share/multirobot_spawn_obs/launch
[2.154s] running install_egg_info
[2.174s] removing '/home/stefano/dev/Costanza/ros2_ws/install/multirobot_spawn_obs/lib/python3.12/site-packages/multirobot_spawn_obs-0.0.1-py3.12.egg-info' (and everything under it)
[2.174s] Copying ../../build/multirobot_spawn_obs/multirobot_spawn_obs.egg-info to /home/stefano/dev/Costanza/ros2_ws/install/multirobot_spawn_obs/lib/python3.12/site-packages/multirobot_spawn_obs-0.0.1-py3.12.egg-info
[2.175s] running install_scripts
[2.337s] writing list of installed files to '/home/stefano/dev/Costanza/ros2_ws/build/multirobot_spawn_obs/install.log'
[2.382s] Invoked command in '/home/stefano/dev/Costanza/ros2_ws/src/multirobot_spawn_obs' returned '0': DEBUGINFOD_URLS=https://debuginfod.ubuntu.com PYTHONPATH=/home/stefano/dev/Costanza/ros2_ws/build/multirobot_spawn_obs/prefix_override:/usr/lib/python3/dist-packages/colcon_core/task/python/colcon_distutils_commands:/home/stefano/dev/Costanza/ros2_ws/install/multirobot_spawn_obs/lib/python3.12/site-packages:${PYTHONPATH} /usr/bin/python3 -W ignore:setup.py install is deprecated -W ignore:easy_install command is deprecated setup.py egg_info --egg-base ../../build/multirobot_spawn_obs build --build-base /home/stefano/dev/Costanza/ros2_ws/build/multirobot_spawn_obs/build install --record /home/stefano/dev/Costanza/ros2_ws/build/multirobot_spawn_obs/install.log --single-version-externally-managed install_data
