[1.055s] DEBUG:colcon:Command line arguments: ['/usr/bin/colcon', 'build']
[1.056s] DEBUG:colcon:Parsed command line arguments: Namespace(log_base=None, log_level=None, verb_name='build', build_base='build', install_base='install', merge_install=False, symlink_install=False, test_result_base=None, continue_on_error=False, executor='sequential', event_handlers=None, base_paths=['.'], paths=None, cmake_args=None, cmake_target=None, cmake_target_skip_unavailable=False, cmake_clean_cache=False, cmake_clean_first=False, cmake_force_configure=False, ament_cmake_args=None, catkin_cmake_args=None, catkin_skip_building_tests=False, verb_parser=CustomArgumentParser(prog='colcon build', usage=None, description='Build a set of packages.', formatter_class=<class 'colcon_core.command.CustomFormatter'>, conflict_handler='error', add_help=True), verb_extension=<colcon_core.verb.build.BuildVerb object at 0xffffa99ddb70>, main=<bound method BuildVerb.main of <colcon_core.verb.build.BuildVerb object at 0xffffa99ddb70>>)
[1.171s] Level 1:colcon.colcon_core.package_discovery:discover_packages(recursive) check parameters
[1.172s] Level 1:colcon.colcon_core.package_discovery:discover_packages(path) check parameters
[1.172s] Level 1:colcon.colcon_core.package_discovery:discover_packages(recursive) discover
[1.172s] INFO:colcon.colcon_core.package_discovery:Crawling recursively for packages in '/home/pi/ssm_ws'
[1.173s] Level 1:colcon.colcon_core.package_identification:_identify(.) by extensions ['ignore', 'ignore_ament_install']
[1.173s] Level 1:colcon.colcon_core.package_identification:_identify(.) by extension 'ignore'
[1.173s] Level 1:colcon.colcon_core.package_identification:_identify(.) by extension 'ignore_ament_install'
[1.174s] Level 1:colcon.colcon_core.package_identification:_identify(.) by extensions ['ros']
[1.174s] Level 1:colcon.colcon_core.package_identification:_identify(.) by extension 'ros'
[1.226s] Level 1:colcon.colcon_core.package_identification:_identify(.) by extensions ['cmake', 'python']
[1.226s] Level 1:colcon.colcon_core.package_identification:_identify(.) by extension 'cmake'
[1.226s] Level 1:colcon.colcon_core.package_identification:_identify(.) by extension 'python'
[1.227s] Level 1:colcon.colcon_core.package_identification:_identify(.) by extensions ['python_setup_py']
[1.227s] Level 1:colcon.colcon_core.package_identification:_identify(.) by extension 'python_setup_py'
[1.227s] Level 1:colcon.colcon_core.package_identification:_identify(build) by extensions ['ignore', 'ignore_ament_install']
[1.228s] Level 1:colcon.colcon_core.package_identification:_identify(build) by extension 'ignore'
[1.228s] Level 1:colcon.colcon_core.package_identification:_identify(build) ignored
[1.229s] Level 1:colcon.colcon_core.package_identification:_identify(install) by extensions ['ignore', 'ignore_ament_install']
[1.229s] Level 1:colcon.colcon_core.package_identification:_identify(install) by extension 'ignore'
[1.229s] Level 1:colcon.colcon_core.package_identification:_identify(install) ignored
[1.230s] Level 1:colcon.colcon_core.package_identification:_identify(log) by extensions ['ignore', 'ignore_ament_install']
[1.230s] Level 1:colcon.colcon_core.package_identification:_identify(log) by extension 'ignore'
[1.230s] Level 1:colcon.colcon_core.package_identification:_identify(log) ignored
[1.231s] Level 1:colcon.colcon_core.package_identification:_identify(src) by extensions ['ignore', 'ignore_ament_install']
[1.231s] Level 1:colcon.colcon_core.package_identification:_identify(src) by extension 'ignore'
[1.231s] Level 1:colcon.colcon_core.package_identification:_identify(src) by extension 'ignore_ament_install'
[1.232s] Level 1:colcon.colcon_core.package_identification:_identify(src) by extensions ['ros']
[1.232s] Level 1:colcon.colcon_core.package_identification:_identify(src) by extension 'ros'
[1.232s] Level 1:colcon.colcon_core.package_identification:_identify(src) by extensions ['cmake', 'python']
[1.232s] Level 1:colcon.colcon_core.package_identification:_identify(src) by extension 'cmake'
[1.232s] Level 1:colcon.colcon_core.package_identification:_identify(src) by extension 'python'
[1.233s] Level 1:colcon.colcon_core.package_identification:_identify(src) by extensions ['python_setup_py']
[1.233s] Level 1:colcon.colcon_core.package_identification:_identify(src) by extension 'python_setup_py'
[1.233s] Level 1:colcon.colcon_core.package_identification:_identify(src/build) by extensions ['ignore', 'ignore_ament_install']
[1.234s] Level 1:colcon.colcon_core.package_identification:_identify(src/build) by extension 'ignore'
[1.234s] Level 1:colcon.colcon_core.package_identification:_identify(src/build) ignored
[1.234s] Level 1:colcon.colcon_core.package_identification:_identify(src/install) by extensions ['ignore', 'ignore_ament_install']
[1.235s] Level 1:colcon.colcon_core.package_identification:_identify(src/install) by extension 'ignore'
[1.235s] Level 1:colcon.colcon_core.package_identification:_identify(src/install) ignored
[1.235s] Level 1:colcon.colcon_core.package_identification:_identify(src/log) by extensions ['ignore', 'ignore_ament_install']
[1.236s] Level 1:colcon.colcon_core.package_identification:_identify(src/log) by extension 'ignore'
[1.236s] Level 1:colcon.colcon_core.package_identification:_identify(src/log) ignored
[1.236s] Level 1:colcon.colcon_core.package_identification:_identify(src/robot_controller) by extensions ['ignore', 'ignore_ament_install']
[1.237s] Level 1:colcon.colcon_core.package_identification:_identify(src/robot_controller) by extension 'ignore'
[1.237s] Level 1:colcon.colcon_core.package_identification:_identify(src/robot_controller) by extension 'ignore_ament_install'
[1.237s] Level 1:colcon.colcon_core.package_identification:_identify(src/robot_controller) by extensions ['ros']
[1.237s] Level 1:colcon.colcon_core.package_identification:_identify(src/robot_controller) by extension 'ros'
[1.252s] DEBUG:colcon.colcon_core.package_identification:Package 'src/robot_controller' with type 'ros.ament_python' and name 'robot_controller'
[1.252s] Level 1:colcon.colcon_core.package_discovery:discover_packages(recursive) using defaults
[1.252s] Level 1:colcon.colcon_core.package_discovery:discover_packages(path) discover
[1.252s] Level 1:colcon.colcon_core.package_discovery:discover_packages(path) using defaults
[1.379s] Level 5:colcon.colcon_core.verb:set package 'robot_controller' build argument 'cmake_args' from command line to 'None'
[1.379s] Level 5:colcon.colcon_core.verb:set package 'robot_controller' build argument 'cmake_target' from command line to 'None'
[1.380s] Level 5:colcon.colcon_core.verb:set package 'robot_controller' build argument 'cmake_target_skip_unavailable' from command line to 'False'
[1.380s] Level 5:colcon.colcon_core.verb:set package 'robot_controller' build argument 'cmake_clean_cache' from command line to 'False'
[1.380s] Level 5:colcon.colcon_core.verb:set package 'robot_controller' build argument 'cmake_clean_first' from command line to 'False'
[1.380s] Level 5:colcon.colcon_core.verb:set package 'robot_controller' build argument 'cmake_force_configure' from command line to 'False'
[1.380s] Level 5:colcon.colcon_core.verb:set package 'robot_controller' build argument 'ament_cmake_args' from command line to 'None'
[1.380s] Level 5:colcon.colcon_core.verb:set package 'robot_controller' build argument 'catkin_cmake_args' from command line to 'None'
[1.380s] Level 5:colcon.colcon_core.verb:set package 'robot_controller' build argument 'catkin_skip_building_tests' from command line to 'False'
[1.380s] DEBUG:colcon.colcon_core.verb:Building package 'robot_controller' with the following arguments: {'ament_cmake_args': None, 'build_base': '/home/pi/ssm_ws/build/robot_controller', 'catkin_cmake_args': None, 'catkin_skip_building_tests': False, 'cmake_args': None, 'cmake_clean_cache': False, 'cmake_clean_first': False, 'cmake_force_configure': False, 'cmake_target': None, 'cmake_target_skip_unavailable': False, 'install_base': '/home/pi/ssm_ws/install/robot_controller', 'merge_install': False, 'path': '/home/pi/ssm_ws/src/robot_controller', 'symlink_install': False, 'test_result_base': None}
[1.382s] INFO:colcon.colcon_core.executor:Executing jobs using 'sequential' executor
[1.390s] DEBUG:colcon.colcon_core.executor.sequential:run_until_complete 'robot_controller'
[1.391s] INFO:colcon.colcon_ros.task.ament_python.build:Building ROS package in '/home/pi/ssm_ws/src/robot_controller' with build type 'ament_python'
[1.391s] Level 1:colcon.colcon_core.shell:create_environment_hook('robot_controller', 'ament_prefix_path')
[1.399s] INFO:colcon.colcon_core.plugin_system:Skipping extension 'colcon_core.shell.bat': Not used on non-Windows systems
[1.400s] INFO:colcon.colcon_core.shell:Creating environment descriptor '/home/pi/ssm_ws/install/robot_controller/share/robot_controller/hook/ament_prefix_path.dsv'
[1.402s] INFO:colcon.colcon_core.shell:Creating environment hook '/home/pi/ssm_ws/install/robot_controller/share/robot_controller/hook/ament_prefix_path.sh'
[1.409s] DEBUG:colcon.colcon_core.shell:Skip shell extension 'dsv' for command environment
[2.702s] INFO:colcon.colcon_core.task.python.build:Building Python package in '/home/pi/ssm_ws/src/robot_controller'
[2.706s] DEBUG:colcon.colcon_core.shell:Skip shell extension 'dsv' for command environment
[4.446s] DEBUG:colcon.colcon_core.event_handler.log_command:Invoking command in '/home/pi/ssm_ws/src/robot_controller': PYTHONPATH=/home/pi/ssm_ws/build/robot_controller/prefix_override:/home/pi/ssm_ws/install/robot_controller/lib/python3.10/site-packages:${PYTHONPATH} /usr/bin/python3 setup.py egg_info --egg-base ../../build/robot_controller build --build-base /home/pi/ssm_ws/build/robot_controller/build install --record /home/pi/ssm_ws/build/robot_controller/install.log --single-version-externally-managed
[5.922s] DEBUG:colcon.colcon_core.event_handler.log_command:Invoked command in '/home/pi/ssm_ws/src/robot_controller' returned '0': PYTHONPATH=/home/pi/ssm_ws/build/robot_controller/prefix_override:/home/pi/ssm_ws/install/robot_controller/lib/python3.10/site-packages:${PYTHONPATH} /usr/bin/python3 setup.py egg_info --egg-base ../../build/robot_controller build --build-base /home/pi/ssm_ws/build/robot_controller/build install --record /home/pi/ssm_ws/build/robot_controller/install.log --single-version-externally-managed
[5.944s] Level 1:colcon.colcon_core.environment:checking '/home/pi/ssm_ws/install/robot_controller' for CMake module files
[5.947s] Level 1:colcon.colcon_core.environment:checking '/home/pi/ssm_ws/install/robot_controller' for CMake config files
[5.951s] Level 1:colcon.colcon_core.environment:checking '/home/pi/ssm_ws/install/robot_controller/lib'
[5.952s] Level 1:colcon.colcon_core.environment:checking '/home/pi/ssm_ws/install/robot_controller/bin'
[5.952s] Level 1:colcon.colcon_core.environment:checking '/home/pi/ssm_ws/install/robot_controller/lib/pkgconfig/robot_controller.pc'
[5.953s] Level 1:colcon.colcon_core.environment:checking '/home/pi/ssm_ws/install/robot_controller/lib/python3.10/site-packages'
[5.954s] Level 1:colcon.colcon_core.shell:create_environment_hook('robot_controller', 'pythonpath')
[5.957s] INFO:colcon.colcon_core.shell:Creating environment descriptor '/home/pi/ssm_ws/install/robot_controller/share/robot_controller/hook/pythonpath.dsv'
[5.959s] INFO:colcon.colcon_core.shell:Creating environment hook '/home/pi/ssm_ws/install/robot_controller/share/robot_controller/hook/pythonpath.sh'
[5.962s] Level 1:colcon.colcon_core.environment:checking '/home/pi/ssm_ws/install/robot_controller/bin'
[5.962s] Level 1:colcon.colcon_core.environment:create_environment_scripts_only(robot_controller)
[5.967s] INFO:colcon.colcon_core.shell:Creating package descriptor '/home/pi/ssm_ws/install/robot_controller/share/robot_controller/package.dsv'
[5.970s] INFO:colcon.colcon_core.shell:Creating package script '/home/pi/ssm_ws/install/robot_controller/share/robot_controller/package.sh'
[5.974s] Level 1:colcon.colcon_core.environment:create_file_with_runtime_dependencies(/home/pi/ssm_ws/install/robot_controller/share/colcon-core/packages/robot_controller)
[5.975s] DEBUG:colcon.colcon_core.executor.sequential:run_until_complete 'robot_controller' finished with '0'
[5.975s] DEBUG:colcon.colcon_core.executor.sequential:closing loop
[5.976s] DEBUG:colcon.colcon_core.executor.sequential:loop closed
[5.976s] DEBUG:colcon.colcon_core.event_reactor:joining thread
[5.977s] DEBUG:colcon.colcon_core.event_reactor:joined thread
[5.981s] INFO:colcon.colcon_core.shell:Creating prefix script '/home/pi/ssm_ws/install/local_setup.sh'
[5.984s] INFO:colcon.colcon_core.shell:Creating prefix util module '/home/pi/ssm_ws/install/_local_setup_util_sh.py'
[5.990s] INFO:colcon.colcon_core.shell:Creating prefix chain script '/home/pi/ssm_ws/install/setup.sh'
