[3.169s] Invoking command in '/home/stefano/dev/Costanza/ros2_ws/src/shepherding_control': DEBUGINFOD_URLS=https://debuginfod.ubuntu.com PYTHONPATH=/home/stefano/dev/Costanza/ros2_ws/build/shepherding_control/prefix_override:/usr/lib/python3/dist-packages/colcon_core/task/python/colcon_distutils_commands:/home/stefano/dev/Costanza/ros2_ws/install/shepherding_control/lib/python3.12/site-packages:${PYTHONPATH} /usr/bin/python3 -W ignore:setup.py install is deprecated -W ignore:easy_install command is deprecated setup.py egg_info --egg-base ../../build/shepherding_control build --build-base /home/stefano/dev/Costanza/ros2_ws/build/shepherding_control/build install --record /home/stefano/dev/Costanza/ros2_ws/build/shepherding_control/install.log --single-version-externally-managed install_data
[3.751s] running egg_info
[3.799s] writing ../../build/shepherding_control/shepherding_control.egg-info/PKG-INFO
[3.799s] writing dependency_links to ../../build/shepherding_control/shepherding_control.egg-info/dependency_links.txt
[3.800s] writing entry points to ../../build/shepherding_control/shepherding_control.egg-info/entry_points.txt
[3.800s] writing requirements to ../../build/shepherding_control/shepherding_control.egg-info/requires.txt
[3.801s] writing top-level names to ../../build/shepherding_control/shepherding_control.egg-info/top_level.txt
[3.896s] reading manifest file '../../build/shepherding_control/shepherding_control.egg-info/SOURCES.txt'
[3.898s] writing manifest file '../../build/shepherding_control/shepherding_control.egg-info/SOURCES.txt'
[3.899s] running build
[3.899s] running build_py
[3.902s] copying shepherding_control/my_control_library/actor_critic_continuous.py -> /home/stefano/dev/Costanza/ros2_ws/build/shepherding_control/build/lib/shepherding_control/my_control_library
[3.903s] copying shepherding_control/my_control_library/actor_critic_mappo_discrete.py -> /home/stefano/dev/Costanza/ros2_ws/build/shepherding_control/build/lib/shepherding_control/my_control_library
[3.908s] running install
[3.921s] running install_lib
[3.965s] copying /home/stefano/dev/Costanza/ros2_ws/build/shepherding_control/build/lib/shepherding_control/my_control_library/actor_critic_continuous.py -> /home/stefano/dev/Costanza/ros2_ws/install/shepherding_control/lib/python3.12/site-packages/shepherding_control/my_control_library
[3.965s] copying /home/stefano/dev/Costanza/ros2_ws/build/shepherding_control/build/lib/shepherding_control/my_control_library/actor_critic_mappo_discrete.py -> /home/stefano/dev/Costanza/ros2_ws/install/shepherding_control/lib/python3.12/site-packages/shepherding_control/my_control_library
[3.966s] byte-compiling /home/stefano/dev/Costanza/ros2_ws/install/shepherding_control/lib/python3.12/site-packages/shepherding_control/my_control_library/actor_critic_continuous.py to actor_critic_continuous.cpython-312.pyc
[3.971s] byte-compiling /home/stefano/dev/Costanza/ros2_ws/install/shepherding_control/lib/python3.12/site-packages/shepherding_control/my_control_library/actor_critic_mappo_discrete.py to actor_critic_mappo_discrete.cpython-312.pyc
[3.973s] running install_data
[3.974s] running install_egg_info
[4.020s] removing '/home/stefano/dev/Costanza/ros2_ws/install/shepherding_control/lib/python3.12/site-packages/shepherding_control-0.0.0-py3.12.egg-info' (and everything under it)
[4.022s] Copying ../../build/shepherding_control/shepherding_control.egg-info to /home/stefano/dev/Costanza/ros2_ws/install/shepherding_control/lib/python3.12/site-packages/shepherding_control-0.0.0-py3.12.egg-info
[4.026s] running install_scripts
[4.309s] Installing controller_node script to /home/stefano/dev/Costanza/ros2_ws/install/shepherding_control/lib/shepherding_control
[4.310s] Installing controller_node_rl script to /home/stefano/dev/Costanza/ros2_ws/install/shepherding_control/lib/shepherding_control
[4.311s] Installing dummy_controller_node script to /home/stefano/dev/Costanza/ros2_ws/install/shepherding_control/lib/shepherding_control
[4.311s] Installing lama_robot_controller_node script to /home/stefano/dev/Costanza/ros2_ws/install/shepherding_control/lib/shepherding_control
[4.311s] Installing obs_robot_controller script to /home/stefano/dev/Costanza/ros2_ws/install/shepherding_control/lib/shepherding_control
[4.311s] writing list of installed files to '/home/stefano/dev/Costanza/ros2_ws/build/shepherding_control/install.log'
[4.383s] Invoked command in '/home/stefano/dev/Costanza/ros2_ws/src/shepherding_control' returned '0': DEBUGINFOD_URLS=https://debuginfod.ubuntu.com PYTHONPATH=/home/stefano/dev/Costanza/ros2_ws/build/shepherding_control/prefix_override:/usr/lib/python3/dist-packages/colcon_core/task/python/colcon_distutils_commands:/home/stefano/dev/Costanza/ros2_ws/install/shepherding_control/lib/python3.12/site-packages:${PYTHONPATH} /usr/bin/python3 -W ignore:setup.py install is deprecated -W ignore:easy_install command is deprecated setup.py egg_info --egg-base ../../build/shepherding_control build --build-base /home/stefano/dev/Costanza/ros2_ws/build/shepherding_control/build install --record /home/stefano/dev/Costanza/ros2_ws/build/shepherding_control/install.log --single-version-externally-managed install_data
