[1.319s] Invoking command in '/home/stefano/dev/Costanza/ros2_ws/build/multirobot_spawn': DEBUGINFOD_URLS=https://debuginfod.ubuntu.com PYTHONPATH=/home/stefano/dev/Costanza/ros2_ws/build/multirobot_spawn/prefix_override:/usr/lib/python3/dist-packages/colcon_core/task/python/colcon_distutils_commands:/home/stefano/dev/Costanza/ros2_ws/install/multirobot_spawn/lib/python3.12/site-packages:${PYTHONPATH} /usr/bin/python3 -W ignore:setup.py install is deprecated -W ignore:easy_install command is deprecated setup.py develop --uninstall --editable --build-directory /home/stefano/dev/Costanza/ros2_ws/build/multirobot_spawn/build
[1.644s] running develop
[1.851s] Removing /home/stefano/dev/Costanza/ros2_ws/install/multirobot_spawn/lib/python3.12/site-packages/multirobot-spawn.egg-link (link to .)
[1.887s] Invoked command in '/home/stefano/dev/Costanza/ros2_ws/build/multirobot_spawn' returned '0': DEBUGINFOD_URLS=https://debuginfod.ubuntu.com PYTHONPATH=/home/stefano/dev/Costanza/ros2_ws/build/multirobot_spawn/prefix_override:/usr/lib/python3/dist-packages/colcon_core/task/python/colcon_distutils_commands:/home/stefano/dev/Costanza/ros2_ws/install/multirobot_spawn/lib/python3.12/site-packages:${PYTHONPATH} /usr/bin/python3 -W ignore:setup.py install is deprecated -W ignore:easy_install command is deprecated setup.py develop --uninstall --editable --build-directory /home/stefano/dev/Costanza/ros2_ws/build/multirobot_spawn/build
[1.888s] Invoking command in '/home/stefano/dev/Costanza/ros2_ws/src/multirobot_spawn': DEBUGINFOD_URLS=https://debuginfod.ubuntu.com PYTHONPATH=/home/stefano/dev/Costanza/ros2_ws/build/multirobot_spawn/prefix_override:/usr/lib/python3/dist-packages/colcon_core/task/python/colcon_distutils_commands:/home/stefano/dev/Costanza/ros2_ws/install/multirobot_spawn/lib/python3.12/site-packages:${PYTHONPATH} /usr/bin/python3 -W ignore:setup.py install is deprecated -W ignore:easy_install command is deprecated setup.py egg_info --egg-base ../../build/multirobot_spawn build --build-base /home/stefano/dev/Costanza/ros2_ws/build/multirobot_spawn/build install --record /home/stefano/dev/Costanza/ros2_ws/build/multirobot_spawn/install.log --single-version-externally-managed install_data --force
[2.172s] running egg_info
[2.191s] writing ../../build/multirobot_spawn/multirobot_spawn.egg-info/PKG-INFO
[2.191s] writing dependency_links to ../../build/multirobot_spawn/multirobot_spawn.egg-info/dependency_links.txt
[2.191s] writing requirements to ../../build/multirobot_spawn/multirobot_spawn.egg-info/requires.txt
[2.192s] writing top-level names to ../../build/multirobot_spawn/multirobot_spawn.egg-info/top_level.txt
[2.242s] reading manifest file '../../build/multirobot_spawn/multirobot_spawn.egg-info/SOURCES.txt'
[2.243s] writing manifest file '../../build/multirobot_spawn/multirobot_spawn.egg-info/SOURCES.txt'
[2.243s] running build
[2.243s] running build_py
[2.243s] running install
[2.250s] running install_lib
[2.276s] creating /home/stefano/dev/Costanza/ros2_ws/install/multirobot_spawn/lib/python3.12/site-packages/multirobot_spawn
[2.276s] copying /home/stefano/dev/Costanza/ros2_ws/build/multirobot_spawn/build/lib/multirobot_spawn/__init__.py -> /home/stefano/dev/Costanza/ros2_ws/install/multirobot_spawn/lib/python3.12/site-packages/multirobot_spawn
[2.277s] byte-compiling /home/stefano/dev/Costanza/ros2_ws/install/multirobot_spawn/lib/python3.12/site-packages/multirobot_spawn/__init__.py to __init__.cpython-312.pyc
[2.277s] running install_data
[2.277s] copying resource/multirobot_spawn -> /home/stefano/dev/Costanza/ros2_ws/install/multirobot_spawn/share/ament_index/resource_index/packages
[2.277s] copying package.xml -> /home/stefano/dev/Costanza/ros2_ws/install/multirobot_spawn/share/multirobot_spawn
[2.278s] copying launch/multi_robot_spawn.launch.py -> /home/stefano/dev/Costanza/ros2_ws/install/multirobot_spawn/share/multirobot_spawn/launch
[2.278s] running install_egg_info
[2.302s] Copying ../../build/multirobot_spawn/multirobot_spawn.egg-info to /home/stefano/dev/Costanza/ros2_ws/install/multirobot_spawn/lib/python3.12/site-packages/multirobot_spawn-0.0.1-py3.12.egg-info
[2.303s] running install_scripts
[2.448s] writing list of installed files to '/home/stefano/dev/Costanza/ros2_ws/build/multirobot_spawn/install.log'
[2.481s] Invoked command in '/home/stefano/dev/Costanza/ros2_ws/src/multirobot_spawn' returned '0': DEBUGINFOD_URLS=https://debuginfod.ubuntu.com PYTHONPATH=/home/stefano/dev/Costanza/ros2_ws/build/multirobot_spawn/prefix_override:/usr/lib/python3/dist-packages/colcon_core/task/python/colcon_distutils_commands:/home/stefano/dev/Costanza/ros2_ws/install/multirobot_spawn/lib/python3.12/site-packages:${PYTHONPATH} /usr/bin/python3 -W ignore:setup.py install is deprecated -W ignore:easy_install command is deprecated setup.py egg_info --egg-base ../../build/multirobot_spawn build --build-base /home/stefano/dev/Costanza/ros2_ws/build/multirobot_spawn/build install --record /home/stefano/dev/Costanza/ros2_ws/build/multirobot_spawn/install.log --single-version-externally-managed install_data --force
