[2.564s] DEBUG:colcon:Command line arguments: ['/usr/bin/colcon', 'build']
[2.565s] DEBUG:colcon:Parsed command line arguments: Namespace(log_base=None, log_level=None, verb_name='build', build_base='build', install_base='install', merge_install=False, symlink_install=False, test_result_base=None, continue_on_error=False, executor='sequential', event_handlers=None, base_paths=['.'], paths=None, cmake_args=None, cmake_target=None, cmake_target_skip_unavailable=False, cmake_clean_cache=False, cmake_clean_first=False, cmake_force_configure=False, ament_cmake_args=None, catkin_cmake_args=None, catkin_skip_building_tests=False, verb_parser=CustomArgumentParser(prog='colcon build', usage=None, description='Build a set of packages.', formatter_class=<class 'colcon_core.command.CustomFormatter'>, conflict_handler='error', add_help=True), verb_extension=<colcon_core.verb.build.BuildVerb object at 0xffff97cc1c00>, main=<bound method BuildVerb.main of <colcon_core.verb.build.BuildVerb object at 0xffff97cc1c00>>)
[2.862s] Level 1:colcon.colcon_core.package_discovery:discover_packages(recursive) check parameters
[2.862s] Level 1:colcon.colcon_core.package_discovery:discover_packages(path) check parameters
[2.863s] Level 1:colcon.colcon_core.package_discovery:discover_packages(recursive) discover
[2.863s] INFO:colcon.colcon_core.package_discovery:Crawling recursively for packages in '/home/pi/ssm_ws'
[2.864s] Level 1:colcon.colcon_core.package_identification:_identify(.) by extensions ['ignore', 'ignore_ament_install']
[2.865s] Level 1:colcon.colcon_core.package_identification:_identify(.) by extension 'ignore'
[2.866s] Level 1:colcon.colcon_core.package_identification:_identify(.) by extension 'ignore_ament_install'
[2.871s] Level 1:colcon.colcon_core.package_identification:_identify(.) by extensions ['ros']
[2.872s] Level 1:colcon.colcon_core.package_identification:_identify(.) by extension 'ros'
[2.973s] Level 1:colcon.colcon_core.package_identification:_identify(.) by extensions ['cmake', 'python']
[3.004s] Level 1:colcon.colcon_core.package_identification:_identify(.) by extension 'cmake'
[3.004s] Level 1:colcon.colcon_core.package_identification:_identify(.) by extension 'python'
[3.005s] Level 1:colcon.colcon_core.package_identification:_identify(.) by extensions ['python_setup_py']
[3.005s] Level 1:colcon.colcon_core.package_identification:_identify(.) by extension 'python_setup_py'
[3.007s] Level 1:colcon.colcon_core.package_identification:_identify(build) by extensions ['ignore', 'ignore_ament_install']
[3.007s] Level 1:colcon.colcon_core.package_identification:_identify(build) by extension 'ignore'
[3.008s] Level 1:colcon.colcon_core.package_identification:_identify(build) ignored
[3.010s] Level 1:colcon.colcon_core.package_identification:_identify(install) by extensions ['ignore', 'ignore_ament_install']
[3.011s] Level 1:colcon.colcon_core.package_identification:_identify(install) by extension 'ignore'
[3.011s] Level 1:colcon.colcon_core.package_identification:_identify(install) ignored
[3.014s] Level 1:colcon.colcon_core.package_identification:_identify(log) by extensions ['ignore', 'ignore_ament_install']
[3.015s] Level 1:colcon.colcon_core.package_identification:_identify(log) by extension 'ignore'
[3.015s] Level 1:colcon.colcon_core.package_identification:_identify(log) ignored
[3.016s] Level 1:colcon.colcon_core.package_identification:_identify(src) by extensions ['ignore', 'ignore_ament_install']
[3.017s] Level 1:colcon.colcon_core.package_identification:_identify(src) by extension 'ignore'
[3.018s] Level 1:colcon.colcon_core.package_identification:_identify(src) by extension 'ignore_ament_install'
[3.019s] Level 1:colcon.colcon_core.package_identification:_identify(src) by extensions ['ros']
[3.019s] Level 1:colcon.colcon_core.package_identification:_identify(src) by extension 'ros'
[3.020s] Level 1:colcon.colcon_core.package_identification:_identify(src) by extensions ['cmake', 'python']
[3.021s] Level 1:colcon.colcon_core.package_identification:_identify(src) by extension 'cmake'
[3.022s] Level 1:colcon.colcon_core.package_identification:_identify(src) by extension 'python'
[3.022s] Level 1:colcon.colcon_core.package_identification:_identify(src) by extensions ['python_setup_py']
[3.023s] Level 1:colcon.colcon_core.package_identification:_identify(src) by extension 'python_setup_py'
[3.024s] Level 1:colcon.colcon_core.package_identification:_identify(src/robot_controller) by extensions ['ignore', 'ignore_ament_install']
[3.025s] Level 1:colcon.colcon_core.package_identification:_identify(src/robot_controller) by extension 'ignore'
[3.026s] Level 1:colcon.colcon_core.package_identification:_identify(src/robot_controller) by extension 'ignore_ament_install'
[3.026s] Level 1:colcon.colcon_core.package_identification:_identify(src/robot_controller) by extensions ['ros']
[3.027s] Level 1:colcon.colcon_core.package_identification:_identify(src/robot_controller) by extension 'ros'
[3.059s] DEBUG:colcon.colcon_core.package_identification:Package 'src/robot_controller' with type 'ros.ament_python' and name 'robot_controller'
[3.059s] Level 1:colcon.colcon_core.package_discovery:discover_packages(recursive) using defaults
[3.060s] Level 1:colcon.colcon_core.package_discovery:discover_packages(path) discover
[3.060s] Level 1:colcon.colcon_core.package_discovery:discover_packages(path) using defaults
[3.294s] Level 5:colcon.colcon_core.verb:set package 'robot_controller' build argument 'cmake_args' from command line to 'None'
[3.294s] Level 5:colcon.colcon_core.verb:set package 'robot_controller' build argument 'cmake_target' from command line to 'None'
[3.295s] Level 5:colcon.colcon_core.verb:set package 'robot_controller' build argument 'cmake_target_skip_unavailable' from command line to 'False'
[3.295s] Level 5:colcon.colcon_core.verb:set package 'robot_controller' build argument 'cmake_clean_cache' from command line to 'False'
[3.296s] Level 5:colcon.colcon_core.verb:set package 'robot_controller' build argument 'cmake_clean_first' from command line to 'False'
[3.296s] Level 5:colcon.colcon_core.verb:set package 'robot_controller' build argument 'cmake_force_configure' from command line to 'False'
[3.296s] Level 5:colcon.colcon_core.verb:set package 'robot_controller' build argument 'ament_cmake_args' from command line to 'None'
[3.296s] Level 5:colcon.colcon_core.verb:set package 'robot_controller' build argument 'catkin_cmake_args' from command line to 'None'
[3.296s] Level 5:colcon.colcon_core.verb:set package 'robot_controller' build argument 'catkin_skip_building_tests' from command line to 'False'
[3.297s] DEBUG:colcon.colcon_core.verb:Building package 'robot_controller' with the following arguments: {'ament_cmake_args': None, 'build_base': '/home/pi/ssm_ws/build/robot_controller', 'catkin_cmake_args': None, 'catkin_skip_building_tests': False, 'cmake_args': None, 'cmake_clean_cache': False, 'cmake_clean_first': False, 'cmake_force_configure': False, 'cmake_target': None, 'cmake_target_skip_unavailable': False, 'install_base': '/home/pi/ssm_ws/install/robot_controller', 'merge_install': False, 'path': '/home/pi/ssm_ws/src/robot_controller', 'symlink_install': False, 'test_result_base': None}
[3.299s] INFO:colcon.colcon_core.executor:Executing jobs using 'sequential' executor
[3.310s] DEBUG:colcon.colcon_core.executor.sequential:run_until_complete 'robot_controller'
[3.311s] INFO:colcon.colcon_ros.task.ament_python.build:Building ROS package in '/home/pi/ssm_ws/src/robot_controller' with build type 'ament_python'
[3.312s] Level 1:colcon.colcon_core.shell:create_environment_hook('robot_controller', 'ament_prefix_path')
[3.325s] INFO:colcon.colcon_core.plugin_system:Skipping extension 'colcon_core.shell.bat': Not used on non-Windows systems
[3.327s] INFO:colcon.colcon_core.shell:Creating environment descriptor '/home/pi/ssm_ws/install/robot_controller/share/robot_controller/hook/ament_prefix_path.dsv'
[3.332s] INFO:colcon.colcon_core.shell:Creating environment hook '/home/pi/ssm_ws/install/robot_controller/share/robot_controller/hook/ament_prefix_path.sh'
[3.343s] DEBUG:colcon.colcon_core.shell:Skip shell extension 'dsv' for command environment
[5.389s] INFO:colcon.colcon_core.task.python.build:Building Python package in '/home/pi/ssm_ws/src/robot_controller'
[5.394s] DEBUG:colcon.colcon_core.shell:Skip shell extension 'dsv' for command environment
[8.218s] DEBUG:colcon.colcon_core.event_handler.log_command:Invoking command in '/home/pi/ssm_ws/src/robot_controller': PYTHONPATH=/home/pi/ssm_ws/build/robot_controller/prefix_override:/home/pi/ssm_ws/install/robot_controller/lib/python3.10/site-packages:${PYTHONPATH} /usr/bin/python3 setup.py egg_info --egg-base ../../build/robot_controller build --build-base /home/pi/ssm_ws/build/robot_controller/build install --record /home/pi/ssm_ws/build/robot_controller/install.log --single-version-externally-managed
[10.257s] DEBUG:colcon.colcon_core.event_handler.log_command:Invoked command in '/home/pi/ssm_ws/src/robot_controller' returned '0': PYTHONPATH=/home/pi/ssm_ws/build/robot_controller/prefix_override:/home/pi/ssm_ws/install/robot_controller/lib/python3.10/site-packages:${PYTHONPATH} /usr/bin/python3 setup.py egg_info --egg-base ../../build/robot_controller build --build-base /home/pi/ssm_ws/build/robot_controller/build install --record /home/pi/ssm_ws/build/robot_controller/install.log --single-version-externally-managed
[10.318s] Level 1:colcon.colcon_core.environment:checking '/home/pi/ssm_ws/install/robot_controller' for CMake module files
[10.325s] Level 1:colcon.colcon_core.environment:checking '/home/pi/ssm_ws/install/robot_controller' for CMake config files
[10.337s] Level 1:colcon.colcon_core.environment:checking '/home/pi/ssm_ws/install/robot_controller/lib'
[10.339s] Level 1:colcon.colcon_core.environment:checking '/home/pi/ssm_ws/install/robot_controller/bin'
[10.341s] Level 1:colcon.colcon_core.environment:checking '/home/pi/ssm_ws/install/robot_controller/lib/pkgconfig/robot_controller.pc'
[10.344s] Level 1:colcon.colcon_core.environment:checking '/home/pi/ssm_ws/install/robot_controller/lib/python3.10/site-packages'
[10.344s] Level 1:colcon.colcon_core.shell:create_environment_hook('robot_controller', 'pythonpath')
[10.355s] INFO:colcon.colcon_core.shell:Creating environment descriptor '/home/pi/ssm_ws/install/robot_controller/share/robot_controller/hook/pythonpath.dsv'
[10.358s] INFO:colcon.colcon_core.shell:Creating environment hook '/home/pi/ssm_ws/install/robot_controller/share/robot_controller/hook/pythonpath.sh'
[10.362s] Level 1:colcon.colcon_core.environment:checking '/home/pi/ssm_ws/install/robot_controller/bin'
[10.363s] Level 1:colcon.colcon_core.environment:create_environment_scripts_only(robot_controller)
[10.373s] INFO:colcon.colcon_core.shell:Creating package descriptor '/home/pi/ssm_ws/install/robot_controller/share/robot_controller/package.dsv'
[10.379s] INFO:colcon.colcon_core.shell:Creating package script '/home/pi/ssm_ws/install/robot_controller/share/robot_controller/package.sh'
[10.387s] Level 1:colcon.colcon_core.environment:create_file_with_runtime_dependencies(/home/pi/ssm_ws/install/robot_controller/share/colcon-core/packages/robot_controller)
[10.389s] DEBUG:colcon.colcon_core.executor.sequential:run_until_complete 'robot_controller' finished with '0'
[10.390s] DEBUG:colcon.colcon_core.executor.sequential:closing loop
[10.392s] DEBUG:colcon.colcon_core.executor.sequential:loop closed
[10.392s] DEBUG:colcon.colcon_core.event_reactor:joining thread
[10.394s] DEBUG:colcon.colcon_core.event_reactor:joined thread
[10.402s] INFO:colcon.colcon_core.shell:Creating prefix script '/home/pi/ssm_ws/install/local_setup.sh'
[10.407s] INFO:colcon.colcon_core.shell:Creating prefix util module '/home/pi/ssm_ws/install/_local_setup_util_sh.py'
[10.422s] INFO:colcon.colcon_core.shell:Creating prefix chain script '/home/pi/ssm_ws/install/setup.sh'
