[0.026s] Invoking command in '/home/stefano/dev/Costanza/ros2_ws/build/ionic_demo': CMAKE_PREFIX_PATH=${CMAKE_PREFIX_PATH}:/opt/ros/jazzy DEBUGINFOD_URLS=https://debuginfod.ubuntu.com /usr/bin/cmake /home/stefano/dev/Costanza/ros2_ws/src/ionic_demo/ionic_demo -DCMAKE_INSTALL_PREFIX=/home/stefano/dev/Costanza/ros2_ws/install/ionic_demo
[0.689s] -- Found ament_cmake: 2.5.4 (/opt/ros/jazzy/share/ament_cmake/cmake)
[0.690s] -- Override CMake install command with custom implementation using symlinks instead of copying resources
[0.690s] -- Found ament_lint_auto: 0.17.2 (/opt/ros/jazzy/share/ament_lint_auto/cmake)
[0.690s] -- Added test 'cppcheck' to perform static code analysis on C / C++ code
[0.690s] -- Configured cppcheck include dirs: 
[0.690s] -- Configured cppcheck exclude dirs and/or files: 
[0.690s] -- Added test 'flake8' to check Python code syntax and style conventions
[0.690s] -- Configured 'flake8' exclude dirs and/or files: 
[0.690s] -- Added test 'lint_cmake' to check CMake code style
[0.690s] -- Added test 'pep257' to check Python code against some of the docstring style conventions in PEP 257
[0.690s] -- Added test 'uncrustify' to check C / C++ code style
[0.690s] -- Configured uncrustify additional arguments: 
[0.690s] -- Added test 'xmllint' to check XML markup files
[0.691s] -- Configuring done (0.3s)
[0.691s] -- Generating done (0.0s)
[0.691s] -- Build files have been written to: /home/stefano/dev/Costanza/ros2_ws/build/ionic_demo
[0.691s] Invoked command in '/home/stefano/dev/Costanza/ros2_ws/build/ionic_demo' returned '0': CMAKE_PREFIX_PATH=${CMAKE_PREFIX_PATH}:/opt/ros/jazzy DEBUGINFOD_URLS=https://debuginfod.ubuntu.com /usr/bin/cmake /home/stefano/dev/Costanza/ros2_ws/src/ionic_demo/ionic_demo -DCMAKE_INSTALL_PREFIX=/home/stefano/dev/Costanza/ros2_ws/install/ionic_demo
[0.692s] Invoking command in '/home/stefano/dev/Costanza/ros2_ws/build/ionic_demo': CMAKE_PREFIX_PATH=${CMAKE_PREFIX_PATH}:/opt/ros/jazzy DEBUGINFOD_URLS=https://debuginfod.ubuntu.com /usr/bin/cmake --build /home/stefano/dev/Costanza/ros2_ws/build/ionic_demo -- -j8 -l8
[0.743s] Invoked command in '/home/stefano/dev/Costanza/ros2_ws/build/ionic_demo' returned '0': CMAKE_PREFIX_PATH=${CMAKE_PREFIX_PATH}:/opt/ros/jazzy DEBUGINFOD_URLS=https://debuginfod.ubuntu.com /usr/bin/cmake --build /home/stefano/dev/Costanza/ros2_ws/build/ionic_demo -- -j8 -l8
[0.754s] Invoking command in '/home/stefano/dev/Costanza/ros2_ws/build/ionic_demo': CMAKE_PREFIX_PATH=${CMAKE_PREFIX_PATH}:/opt/ros/jazzy DEBUGINFOD_URLS=https://debuginfod.ubuntu.com /usr/bin/cmake --install /home/stefano/dev/Costanza/ros2_ws/build/ionic_demo
[0.764s] -- Install configuration: ""
[0.765s] -- Execute custom install script
[0.765s] -- Up-to-date symlink: /home/stefano/dev/Costanza/ros2_ws/install/ionic_demo/share/ionic_demo/configs/nav2.rviz
[0.766s] -- Up-to-date symlink: /home/stefano/dev/Costanza/ros2_ws/install/ionic_demo/share/ionic_demo/configs/tb4_camera_bridge.yaml
[0.766s] -- Up-to-date symlink: /home/stefano/dev/Costanza/ros2_ws/install/ionic_demo/share/ionic_demo/launch/ionic_moveit_demo_launch.py
[0.766s] -- Up-to-date symlink: /home/stefano/dev/Costanza/ros2_ws/install/ionic_demo/share/ionic_demo/launch/ionic_navigation_demo_launch.py
[0.766s] -- Up-to-date symlink: /home/stefano/dev/Costanza/ros2_ws/install/ionic_demo/share/ionic_demo/launch/ionic_navigation_demo_launch.xml
[0.766s] -- Up-to-date symlink: /home/stefano/dev/Costanza/ros2_ws/install/ionic_demo/share/ionic_demo/launch/ionic_rmf_demo_launch.py
[0.767s] -- Up-to-date symlink: /home/stefano/dev/Costanza/ros2_ws/install/ionic_demo/share/ionic_demo/launch/tb4_spawn_launch.py
[0.767s] -- Up-to-date symlink: /home/stefano/dev/Costanza/ros2_ws/install/ionic_demo/share/ionic_demo/launch/tb4_spawn_launch.xml
[0.767s] -- Up-to-date symlink: /home/stefano/dev/Costanza/ros2_ws/install/ionic_demo/share/ionic_demo/launch/world_launch.py
[0.767s] -- Up-to-date symlink: /home/stefano/dev/Costanza/ros2_ws/install/ionic_demo/share/ionic_demo/launch/world_launch.xml
[0.767s] -- Up-to-date symlink: /home/stefano/dev/Costanza/ros2_ws/install/ionic_demo/share/ionic_demo/maps/ionic_demo.pgm
[0.768s] -- Up-to-date symlink: /home/stefano/dev/Costanza/ros2_ws/install/ionic_demo/share/ionic_demo/maps/ionic_demo.yaml
[0.768s] -- Up-to-date symlink: /home/stefano/dev/Costanza/ros2_ws/install/ionic_demo/share/ionic_demo/worlds/ionic.sdf
[0.768s] -- Up-to-date symlink: /home/stefano/dev/Costanza/ros2_ws/install/ionic_demo/share/ionic_demo/models/ionic_tb4.urdf.xacro
[0.768s] -- Up-to-date symlink: /home/stefano/dev/Costanza/ros2_ws/install/ionic_demo/share/ionic_demo/models/test.urdf
[0.769s] -- Up-to-date symlink: /home/stefano/dev/Costanza/ros2_ws/install/ionic_demo/share/ionic_demo/rviz/nav2_default_view.rviz
[0.769s] -- Up-to-date symlink: /home/stefano/dev/Costanza/ros2_ws/install/ionic_demo/share/ionic_demo/params/nav2_params.yaml
[0.769s] -- Up-to-date symlink: /home/stefano/dev/Costanza/ros2_ws/install/ionic_demo/share/ionic_demo/environment/ionic_demo.dsv
[0.769s] -- Up-to-date symlink: /home/stefano/dev/Costanza/ros2_ws/install/ionic_demo/share/ament_index/resource_index/package_run_dependencies/ionic_demo
[0.769s] -- Up-to-date symlink: /home/stefano/dev/Costanza/ros2_ws/install/ionic_demo/share/ament_index/resource_index/parent_prefix_path/ionic_demo
[0.770s] -- Up-to-date symlink: /home/stefano/dev/Costanza/ros2_ws/install/ionic_demo/share/ionic_demo/environment/ament_prefix_path.sh
[0.770s] -- Up-to-date symlink: /home/stefano/dev/Costanza/ros2_ws/install/ionic_demo/share/ionic_demo/environment/ament_prefix_path.dsv
[0.770s] -- Up-to-date symlink: /home/stefano/dev/Costanza/ros2_ws/install/ionic_demo/share/ionic_demo/environment/path.sh
[0.770s] -- Up-to-date symlink: /home/stefano/dev/Costanza/ros2_ws/install/ionic_demo/share/ionic_demo/environment/path.dsv
[0.771s] -- Up-to-date symlink: /home/stefano/dev/Costanza/ros2_ws/install/ionic_demo/share/ionic_demo/local_setup.bash
[0.771s] -- Up-to-date symlink: /home/stefano/dev/Costanza/ros2_ws/install/ionic_demo/share/ionic_demo/local_setup.sh
[0.771s] -- Up-to-date symlink: /home/stefano/dev/Costanza/ros2_ws/install/ionic_demo/share/ionic_demo/local_setup.zsh
[0.771s] -- Up-to-date symlink: /home/stefano/dev/Costanza/ros2_ws/install/ionic_demo/share/ionic_demo/local_setup.dsv
[0.771s] -- Symlinking: /home/stefano/dev/Costanza/ros2_ws/install/ionic_demo/share/ionic_demo/package.dsv
[0.782s] -- Up-to-date symlink: /home/stefano/dev/Costanza/ros2_ws/install/ionic_demo/share/ament_index/resource_index/packages/ionic_demo
[0.782s] -- Up-to-date symlink: /home/stefano/dev/Costanza/ros2_ws/install/ionic_demo/share/ionic_demo/cmake/ionic_demoConfig.cmake
[0.782s] -- Up-to-date symlink: /home/stefano/dev/Costanza/ros2_ws/install/ionic_demo/share/ionic_demo/cmake/ionic_demoConfig-version.cmake
[0.782s] -- Up-to-date symlink: /home/stefano/dev/Costanza/ros2_ws/install/ionic_demo/share/ionic_demo/package.xml
[0.784s] Invoked command in '/home/stefano/dev/Costanza/ros2_ws/build/ionic_demo' returned '0': CMAKE_PREFIX_PATH=${CMAKE_PREFIX_PATH}:/opt/ros/jazzy DEBUGINFOD_URLS=https://debuginfod.ubuntu.com /usr/bin/cmake --install /home/stefano/dev/Costanza/ros2_ws/build/ionic_demo
