[1.802s] Invoking command in '/home/stefano/dev/Costanza/ros2_ws/build/vicon_receiver': CMAKE_PREFIX_PATH=${CMAKE_PREFIX_PATH}:/opt/ros/jazzy DEBUGINFOD_URLS=https://debuginfod.ubuntu.com /usr/bin/cmake --build /home/stefano/dev/Costanza/ros2_ws/build/vicon_receiver -- -j8 -l8
[1.958s] [  2%] Built target vicon_receiver__rosidl_generator_type_description
[1.978s] [  2%] Built target ament_cmake_python_symlink_vicon_receiver
[2.020s] [  4%] Built target vicon_receiver__cpp
[2.029s] [ 21%] Built target vicon_receiver__rosidl_generator_c
[2.128s] [ 29%] Built target vicon_receiver__rosidl_typesupport_introspection_c
[2.146s] [ 38%] Built target vicon_receiver__rosidl_typesupport_cpp
[2.146s] [ 46%] Built target vicon_receiver__rosidl_typesupport_fastrtps_cpp
[2.155s] [ 55%] Built target vicon_receiver__rosidl_typesupport_c
[2.158s] [ 63%] Built target vicon_receiver__rosidl_typesupport_introspection_cpp
[2.164s] [ 72%] Built target vicon_receiver__rosidl_typesupport_fastrtps_c
[2.212s] [ 72%] Built target vicon_receiver
[2.286s] [ 74%] Built target vicon_receiver__py
[2.325s] [ 80%] Built target vicon_client
[2.358s] [ 87%] Built target vicon_receiver__rosidl_generator_py
[2.432s] [ 91%] Built target vicon_receiver_s__rosidl_typesupport_fastrtps_c
[2.433s] [ 95%] Built target vicon_receiver_s__rosidl_typesupport_c
[2.433s] [100%] Built target vicon_receiver_s__rosidl_typesupport_introspection_c
[2.587s] running egg_info
[2.632s] writing vicon_receiver.egg-info/PKG-INFO
[2.635s] writing dependency_links to vicon_receiver.egg-info/dependency_links.txt
[2.635s] writing top-level names to vicon_receiver.egg-info/top_level.txt
[2.753s] reading manifest file 'vicon_receiver.egg-info/SOURCES.txt'
[2.755s] writing manifest file 'vicon_receiver.egg-info/SOURCES.txt'
[2.812s] [100%] Built target ament_cmake_python_build_vicon_receiver_egg
[2.843s] Invoked command in '/home/stefano/dev/Costanza/ros2_ws/build/vicon_receiver' returned '0': CMAKE_PREFIX_PATH=${CMAKE_PREFIX_PATH}:/opt/ros/jazzy DEBUGINFOD_URLS=https://debuginfod.ubuntu.com /usr/bin/cmake --build /home/stefano/dev/Costanza/ros2_ws/build/vicon_receiver -- -j8 -l8
[2.845s] Invoking command in '/home/stefano/dev/Costanza/ros2_ws/build/vicon_receiver': CMAKE_PREFIX_PATH=${CMAKE_PREFIX_PATH}:/opt/ros/jazzy DEBUGINFOD_URLS=https://debuginfod.ubuntu.com /usr/bin/cmake --install /home/stefano/dev/Costanza/ros2_ws/build/vicon_receiver
[2.867s] -- Install configuration: ""
[2.868s] -- Execute custom install script
[2.877s] -- Up-to-date symlink: /home/stefano/dev/Costanza/ros2_ws/install/vicon_receiver/share/ament_index/resource_index/rosidl_interfaces/vicon_receiver
[2.878s] -- Up-to-date symlink: /home/stefano/dev/Costanza/ros2_ws/install/vicon_receiver/share/vicon_receiver/msg/Position.json
[2.878s] -- Up-to-date symlink: /home/stefano/dev/Costanza/ros2_ws/install/vicon_receiver/share/vicon_receiver/msg/PositionList.json
[2.882s] -- Up-to-date symlink: /home/stefano/dev/Costanza/ros2_ws/install/vicon_receiver/include/vicon_receiver/vicon_receiver/msg/detail/position__functions.h
[2.883s] -- Up-to-date symlink: /home/stefano/dev/Costanza/ros2_ws/install/vicon_receiver/include/vicon_receiver/vicon_receiver/msg/detail/position__struct.h
[2.883s] -- Up-to-date symlink: /home/stefano/dev/Costanza/ros2_ws/install/vicon_receiver/include/vicon_receiver/vicon_receiver/msg/detail/position__type_support.h
[2.883s] -- Up-to-date symlink: /home/stefano/dev/Costanza/ros2_ws/install/vicon_receiver/include/vicon_receiver/vicon_receiver/msg/detail/position_list__functions.h
[2.883s] -- Up-to-date symlink: /home/stefano/dev/Costanza/ros2_ws/install/vicon_receiver/include/vicon_receiver/vicon_receiver/msg/detail/position_list__struct.h
[2.884s] -- Up-to-date symlink: /home/stefano/dev/Costanza/ros2_ws/install/vicon_receiver/include/vicon_receiver/vicon_receiver/msg/detail/position_list__type_support.h
[2.884s] -- Up-to-date symlink: /home/stefano/dev/Costanza/ros2_ws/install/vicon_receiver/include/vicon_receiver/vicon_receiver/msg/position.h
[2.884s] -- Up-to-date symlink: /home/stefano/dev/Costanza/ros2_ws/install/vicon_receiver/include/vicon_receiver/vicon_receiver/msg/position_list.h
[2.884s] -- Up-to-date symlink: /home/stefano/dev/Costanza/ros2_ws/install/vicon_receiver/include/vicon_receiver/vicon_receiver/msg/rosidl_generator_c__visibility_control.h
[2.885s] -- Up-to-date symlink: /home/stefano/dev/Costanza/ros2_ws/install/vicon_receiver/share/vicon_receiver/environment/library_path.sh
[2.885s] -- Up-to-date symlink: /home/stefano/dev/Costanza/ros2_ws/install/vicon_receiver/share/vicon_receiver/environment/library_path.dsv
[2.885s] -- Up-to-date symlink: /home/stefano/dev/Costanza/ros2_ws/install/vicon_receiver/include/vicon_receiver/vicon_receiver/msg/detail/position__rosidl_typesupport_fastrtps_c.h
[2.885s] -- Up-to-date symlink: /home/stefano/dev/Costanza/ros2_ws/install/vicon_receiver/include/vicon_receiver/vicon_receiver/msg/detail/position_list__rosidl_typesupport_fastrtps_c.h
[2.886s] -- Up-to-date symlink: /home/stefano/dev/Costanza/ros2_ws/install/vicon_receiver/include/vicon_receiver/vicon_receiver/msg/rosidl_typesupport_fastrtps_c__visibility_control.h
[2.886s] -- Up-to-date symlink: /home/stefano/dev/Costanza/ros2_ws/install/vicon_receiver/include/vicon_receiver/vicon_receiver/msg/detail/position__rosidl_typesupport_introspection_c.h
[2.890s] -- Up-to-date symlink: /home/stefano/dev/Costanza/ros2_ws/install/vicon_receiver/include/vicon_receiver/vicon_receiver/msg/detail/position_list__rosidl_typesupport_introspection_c.h
[2.890s] -- Up-to-date symlink: /home/stefano/dev/Costanza/ros2_ws/install/vicon_receiver/include/vicon_receiver/vicon_receiver/msg/rosidl_typesupport_introspection_c__visibility_control.h
[2.890s] -- Up-to-date symlink: /home/stefano/dev/Costanza/ros2_ws/install/vicon_receiver/include/vicon_receiver/vicon_receiver/msg/detail/position__builder.hpp
[2.891s] -- Up-to-date symlink: /home/stefano/dev/Costanza/ros2_ws/install/vicon_receiver/include/vicon_receiver/vicon_receiver/msg/detail/position__struct.hpp
[2.891s] -- Up-to-date symlink: /home/stefano/dev/Costanza/ros2_ws/install/vicon_receiver/include/vicon_receiver/vicon_receiver/msg/detail/position__traits.hpp
[2.891s] -- Up-to-date symlink: /home/stefano/dev/Costanza/ros2_ws/install/vicon_receiver/include/vicon_receiver/vicon_receiver/msg/detail/position__type_support.hpp
[2.891s] -- Up-to-date symlink: /home/stefano/dev/Costanza/ros2_ws/install/vicon_receiver/include/vicon_receiver/vicon_receiver/msg/detail/position_list__builder.hpp
[2.892s] -- Up-to-date symlink: /home/stefano/dev/Costanza/ros2_ws/install/vicon_receiver/include/vicon_receiver/vicon_receiver/msg/detail/position_list__struct.hpp
[2.892s] -- Up-to-date symlink: /home/stefano/dev/Costanza/ros2_ws/install/vicon_receiver/include/vicon_receiver/vicon_receiver/msg/detail/position_list__traits.hpp
[2.892s] -- Up-to-date symlink: /home/stefano/dev/Costanza/ros2_ws/install/vicon_receiver/include/vicon_receiver/vicon_receiver/msg/detail/position_list__type_support.hpp
[2.895s] -- Up-to-date symlink: /home/stefano/dev/Costanza/ros2_ws/install/vicon_receiver/include/vicon_receiver/vicon_receiver/msg/position.hpp
[2.895s] -- Up-to-date symlink: /home/stefano/dev/Costanza/ros2_ws/install/vicon_receiver/include/vicon_receiver/vicon_receiver/msg/position_list.hpp
[2.896s] -- Up-to-date symlink: /home/stefano/dev/Costanza/ros2_ws/install/vicon_receiver/include/vicon_receiver/vicon_receiver/msg/rosidl_generator_cpp__visibility_control.hpp
[2.897s] -- Up-to-date symlink: /home/stefano/dev/Costanza/ros2_ws/install/vicon_receiver/include/vicon_receiver/vicon_receiver/msg/detail/position__rosidl_typesupport_fastrtps_cpp.hpp
[2.897s] -- Up-to-date symlink: /home/stefano/dev/Costanza/ros2_ws/install/vicon_receiver/include/vicon_receiver/vicon_receiver/msg/detail/position_list__rosidl_typesupport_fastrtps_cpp.hpp
[2.899s] -- Up-to-date symlink: /home/stefano/dev/Costanza/ros2_ws/install/vicon_receiver/include/vicon_receiver/vicon_receiver/msg/rosidl_typesupport_fastrtps_cpp__visibility_control.h
[2.899s] -- Up-to-date symlink: /home/stefano/dev/Costanza/ros2_ws/install/vicon_receiver/include/vicon_receiver/vicon_receiver/msg/detail/position__rosidl_typesupport_introspection_cpp.hpp
[2.900s] -- Up-to-date symlink: /home/stefano/dev/Costanza/ros2_ws/install/vicon_receiver/include/vicon_receiver/vicon_receiver/msg/detail/position_list__rosidl_typesupport_introspection_cpp.hpp
[2.901s] -- Up-to-date symlink: /home/stefano/dev/Costanza/ros2_ws/install/vicon_receiver/share/vicon_receiver/environment/pythonpath.sh
[2.902s] -- Up-to-date symlink: /home/stefano/dev/Costanza/ros2_ws/install/vicon_receiver/share/vicon_receiver/environment/pythonpath.dsv
[2.904s] -- Up-to-date symlink: /home/stefano/dev/Costanza/ros2_ws/install/vicon_receiver/lib/python3.12/site-packages/vicon_receiver-0.1.1-py3.12.egg-info/PKG-INFO
[2.905s] -- Up-to-date symlink: /home/stefano/dev/Costanza/ros2_ws/install/vicon_receiver/lib/python3.12/site-packages/vicon_receiver-0.1.1-py3.12.egg-info/SOURCES.txt
[2.906s] -- Up-to-date symlink: /home/stefano/dev/Costanza/ros2_ws/install/vicon_receiver/lib/python3.12/site-packages/vicon_receiver-0.1.1-py3.12.egg-info/dependency_links.txt
[2.907s] -- Up-to-date symlink: /home/stefano/dev/Costanza/ros2_ws/install/vicon_receiver/lib/python3.12/site-packages/vicon_receiver-0.1.1-py3.12.egg-info/top_level.txt
[2.909s] -- Up-to-date symlink: /home/stefano/dev/Costanza/ros2_ws/install/vicon_receiver/lib/python3.12/site-packages/vicon_receiver/__init__.py
[2.910s] -- Up-to-date symlink: /home/stefano/dev/Costanza/ros2_ws/install/vicon_receiver/lib/python3.12/site-packages/vicon_receiver/_vicon_receiver_s.ep.rosidl_typesupport_c.c
[2.911s] -- Up-to-date symlink: /home/stefano/dev/Costanza/ros2_ws/install/vicon_receiver/lib/python3.12/site-packages/vicon_receiver/_vicon_receiver_s.ep.rosidl_typesupport_fastrtps_c.c
[2.911s] -- Up-to-date symlink: /home/stefano/dev/Costanza/ros2_ws/install/vicon_receiver/lib/python3.12/site-packages/vicon_receiver/_vicon_receiver_s.ep.rosidl_typesupport_introspection_c.c
[2.912s] -- Up-to-date symlink: /home/stefano/dev/Costanza/ros2_ws/install/vicon_receiver/lib/python3.12/site-packages/vicon_receiver/msg/__init__.py
[2.913s] -- Up-to-date symlink: /home/stefano/dev/Costanza/ros2_ws/install/vicon_receiver/lib/python3.12/site-packages/vicon_receiver/msg/_position.py
[2.914s] -- Up-to-date symlink: /home/stefano/dev/Costanza/ros2_ws/install/vicon_receiver/lib/python3.12/site-packages/vicon_receiver/msg/_position_list.py
[2.915s] -- Up-to-date symlink: /home/stefano/dev/Costanza/ros2_ws/install/vicon_receiver/lib/python3.12/site-packages/vicon_receiver/msg/_position_list_s.c
[2.916s] -- Up-to-date symlink: /home/stefano/dev/Costanza/ros2_ws/install/vicon_receiver/lib/python3.12/site-packages/vicon_receiver/msg/_position_s.c
[2.916s] -- Up-to-date symlink: /home/stefano/dev/Costanza/ros2_ws/install/vicon_receiver/lib/python3.12/site-packages/vicon_receiver/vicon_receiver_s__rosidl_typesupport_c.so
[2.917s] -- Up-to-date symlink: /home/stefano/dev/Costanza/ros2_ws/install/vicon_receiver/lib/python3.12/site-packages/vicon_receiver/vicon_receiver_s__rosidl_typesupport_fastrtps_c.so
[2.919s] -- Up-to-date symlink: /home/stefano/dev/Costanza/ros2_ws/install/vicon_receiver/lib/python3.12/site-packages/vicon_receiver/vicon_receiver_s__rosidl_typesupport_introspection_c.so
[2.919s] -- Up-to-date symlink: /home/stefano/dev/Costanza/ros2_ws/install/vicon_receiver/lib/python3.12/site-packages/vicon_receiver/vicon_receiver_s__rosidl_typesupport_fastrtps_c.so
[2.921s] -- Up-to-date symlink: /home/stefano/dev/Costanza/ros2_ws/install/vicon_receiver/lib/python3.12/site-packages/vicon_receiver/vicon_receiver_s__rosidl_typesupport_introspection_c.so
[2.922s] -- Up-to-date symlink: /home/stefano/dev/Costanza/ros2_ws/install/vicon_receiver/lib/python3.12/site-packages/vicon_receiver/vicon_receiver_s__rosidl_typesupport_c.so
[2.923s] -- Up-to-date symlink: /home/stefano/dev/Costanza/ros2_ws/install/vicon_receiver/share/vicon_receiver/msg/Position.idl
[2.924s] -- Up-to-date symlink: /home/stefano/dev/Costanza/ros2_ws/install/vicon_receiver/share/vicon_receiver/msg/PositionList.idl
[2.925s] -- Up-to-date symlink: /home/stefano/dev/Costanza/ros2_ws/install/vicon_receiver/share/vicon_receiver/msg/Position.msg
[2.926s] -- Up-to-date symlink: /home/stefano/dev/Costanza/ros2_ws/install/vicon_receiver/share/vicon_receiver/msg/PositionList.msg
[2.927s] -- Up-to-date symlink: /home/stefano/dev/Costanza/ros2_ws/install/vicon_receiver/lib/vicon_receiver/vicon_client
[2.928s] -- Up-to-date symlink: /home/stefano/dev/Costanza/ros2_ws/install/vicon_receiver/share/vicon_receiver//launch/client.launch.py
[2.930s] -- Up-to-date symlink: /home/stefano/dev/Costanza/ros2_ws/install/vicon_receiver/share/ament_index/resource_index/package_run_dependencies/vicon_receiver
[2.931s] -- Up-to-date symlink: /home/stefano/dev/Costanza/ros2_ws/install/vicon_receiver/share/ament_index/resource_index/parent_prefix_path/vicon_receiver
[2.932s] -- Up-to-date symlink: /home/stefano/dev/Costanza/ros2_ws/install/vicon_receiver/share/vicon_receiver/environment/ament_prefix_path.sh
[2.933s] -- Up-to-date symlink: /home/stefano/dev/Costanza/ros2_ws/install/vicon_receiver/share/vicon_receiver/environment/ament_prefix_path.dsv
[2.933s] -- Up-to-date symlink: /home/stefano/dev/Costanza/ros2_ws/install/vicon_receiver/share/vicon_receiver/environment/path.sh
[2.934s] -- Up-to-date symlink: /home/stefano/dev/Costanza/ros2_ws/install/vicon_receiver/share/vicon_receiver/environment/path.dsv
[2.935s] -- Up-to-date symlink: /home/stefano/dev/Costanza/ros2_ws/install/vicon_receiver/share/vicon_receiver/local_setup.bash
[2.936s] -- Up-to-date symlink: /home/stefano/dev/Costanza/ros2_ws/install/vicon_receiver/share/vicon_receiver/local_setup.sh
[2.937s] -- Up-to-date symlink: /home/stefano/dev/Costanza/ros2_ws/install/vicon_receiver/share/vicon_receiver/local_setup.zsh
[2.938s] -- Up-to-date symlink: /home/stefano/dev/Costanza/ros2_ws/install/vicon_receiver/share/vicon_receiver/local_setup.dsv
[2.939s] -- Symlinking: /home/stefano/dev/Costanza/ros2_ws/install/vicon_receiver/share/vicon_receiver/package.dsv
[2.967s] -- Up-to-date symlink: /home/stefano/dev/Costanza/ros2_ws/install/vicon_receiver/share/ament_index/resource_index/packages/vicon_receiver
[2.968s] -- Up-to-date symlink: /home/stefano/dev/Costanza/ros2_ws/install/vicon_receiver/share/vicon_receiver/cmake/rosidl_cmake-extras.cmake
[2.969s] -- Up-to-date symlink: /home/stefano/dev/Costanza/ros2_ws/install/vicon_receiver/share/vicon_receiver/cmake/ament_cmake_export_dependencies-extras.cmake
[2.970s] -- Up-to-date symlink: /home/stefano/dev/Costanza/ros2_ws/install/vicon_receiver/share/vicon_receiver/cmake/ament_cmake_export_include_directories-extras.cmake
[2.971s] -- Up-to-date symlink: /home/stefano/dev/Costanza/ros2_ws/install/vicon_receiver/share/vicon_receiver/cmake/ament_cmake_export_libraries-extras.cmake
[2.972s] -- Up-to-date symlink: /home/stefano/dev/Costanza/ros2_ws/install/vicon_receiver/share/vicon_receiver/cmake/ament_cmake_export_targets-extras.cmake
[2.973s] -- Up-to-date symlink: /home/stefano/dev/Costanza/ros2_ws/install/vicon_receiver/share/vicon_receiver/cmake/rosidl_cmake_export_typesupport_targets-extras.cmake
[2.974s] -- Up-to-date symlink: /home/stefano/dev/Costanza/ros2_ws/install/vicon_receiver/share/vicon_receiver/cmake/rosidl_cmake_export_typesupport_libraries-extras.cmake
[2.975s] -- Up-to-date symlink: /home/stefano/dev/Costanza/ros2_ws/install/vicon_receiver/share/vicon_receiver/cmake/vicon_receiverConfig.cmake
[2.976s] -- Up-to-date symlink: /home/stefano/dev/Costanza/ros2_ws/install/vicon_receiver/share/vicon_receiver/cmake/vicon_receiverConfig-version.cmake
[2.977s] -- Up-to-date symlink: /home/stefano/dev/Costanza/ros2_ws/install/vicon_receiver/share/vicon_receiver/package.xml
[2.978s] -- Up-to-date: /home/stefano/dev/Costanza/ros2_ws/install/vicon_receiver/lib/libvicon_receiver__rosidl_generator_c.so
[2.979s] -- Up-to-date: /home/stefano/dev/Costanza/ros2_ws/install/vicon_receiver/lib/libvicon_receiver__rosidl_typesupport_fastrtps_c.so
[2.981s] -- Up-to-date: /home/stefano/dev/Costanza/ros2_ws/install/vicon_receiver/lib/libvicon_receiver__rosidl_typesupport_introspection_c.so
[2.982s] -- Up-to-date: /home/stefano/dev/Costanza/ros2_ws/install/vicon_receiver/lib/libvicon_receiver__rosidl_typesupport_c.so
[2.983s] -- Up-to-date: /home/stefano/dev/Costanza/ros2_ws/install/vicon_receiver/lib/libvicon_receiver__rosidl_typesupport_fastrtps_cpp.so
[2.984s] -- Up-to-date: /home/stefano/dev/Costanza/ros2_ws/install/vicon_receiver/lib/libvicon_receiver__rosidl_typesupport_introspection_cpp.so
[2.986s] -- Up-to-date: /home/stefano/dev/Costanza/ros2_ws/install/vicon_receiver/lib/libvicon_receiver__rosidl_typesupport_cpp.so
[3.091s] Listing '/home/stefano/dev/Costanza/ros2_ws/install/vicon_receiver/lib/python3.12/site-packages/vicon_receiver'...
[3.091s] Listing '/home/stefano/dev/Costanza/ros2_ws/install/vicon_receiver/lib/python3.12/site-packages/vicon_receiver/msg'...
[3.107s] -- Up-to-date: /home/stefano/dev/Costanza/ros2_ws/install/vicon_receiver/lib/libvicon_receiver__rosidl_generator_py.so
[3.107s] -- Up-to-date: /home/stefano/dev/Costanza/ros2_ws/install/vicon_receiver/share/vicon_receiver/cmake/export_vicon_receiver__rosidl_generator_cExport.cmake
[3.113s] -- Up-to-date: /home/stefano/dev/Costanza/ros2_ws/install/vicon_receiver/share/vicon_receiver/cmake/export_vicon_receiver__rosidl_generator_cExport-noconfig.cmake
[3.114s] -- Up-to-date: /home/stefano/dev/Costanza/ros2_ws/install/vicon_receiver/share/vicon_receiver/cmake/export_vicon_receiver__rosidl_typesupport_fastrtps_cExport.cmake
[3.114s] -- Up-to-date: /home/stefano/dev/Costanza/ros2_ws/install/vicon_receiver/share/vicon_receiver/cmake/export_vicon_receiver__rosidl_typesupport_fastrtps_cExport-noconfig.cmake
[3.114s] -- Up-to-date: /home/stefano/dev/Costanza/ros2_ws/install/vicon_receiver/share/vicon_receiver/cmake/vicon_receiver__rosidl_typesupport_introspection_cExport.cmake
[3.114s] -- Up-to-date: /home/stefano/dev/Costanza/ros2_ws/install/vicon_receiver/share/vicon_receiver/cmake/vicon_receiver__rosidl_typesupport_introspection_cExport-noconfig.cmake
[3.115s] -- Up-to-date: /home/stefano/dev/Costanza/ros2_ws/install/vicon_receiver/share/vicon_receiver/cmake/vicon_receiver__rosidl_typesupport_cExport.cmake
[3.115s] -- Up-to-date: /home/stefano/dev/Costanza/ros2_ws/install/vicon_receiver/share/vicon_receiver/cmake/vicon_receiver__rosidl_typesupport_cExport-noconfig.cmake
[3.115s] -- Up-to-date: /home/stefano/dev/Costanza/ros2_ws/install/vicon_receiver/share/vicon_receiver/cmake/export_vicon_receiver__rosidl_generator_cppExport.cmake
[3.116s] -- Up-to-date: /home/stefano/dev/Costanza/ros2_ws/install/vicon_receiver/share/vicon_receiver/cmake/export_vicon_receiver__rosidl_typesupport_fastrtps_cppExport.cmake
[3.116s] -- Up-to-date: /home/stefano/dev/Costanza/ros2_ws/install/vicon_receiver/share/vicon_receiver/cmake/export_vicon_receiver__rosidl_typesupport_fastrtps_cppExport-noconfig.cmake
[3.122s] -- Up-to-date: /home/stefano/dev/Costanza/ros2_ws/install/vicon_receiver/share/vicon_receiver/cmake/vicon_receiver__rosidl_typesupport_introspection_cppExport.cmake
[3.123s] -- Up-to-date: /home/stefano/dev/Costanza/ros2_ws/install/vicon_receiver/share/vicon_receiver/cmake/vicon_receiver__rosidl_typesupport_introspection_cppExport-noconfig.cmake
[3.123s] -- Up-to-date: /home/stefano/dev/Costanza/ros2_ws/install/vicon_receiver/share/vicon_receiver/cmake/vicon_receiver__rosidl_typesupport_cppExport.cmake
[3.123s] -- Up-to-date: /home/stefano/dev/Costanza/ros2_ws/install/vicon_receiver/share/vicon_receiver/cmake/vicon_receiver__rosidl_typesupport_cppExport-noconfig.cmake
[3.123s] -- Up-to-date: /home/stefano/dev/Costanza/ros2_ws/install/vicon_receiver/share/vicon_receiver/cmake/export_vicon_receiver__rosidl_generator_pyExport.cmake
[3.124s] -- Up-to-date: /home/stefano/dev/Costanza/ros2_ws/install/vicon_receiver/share/vicon_receiver/cmake/export_vicon_receiver__rosidl_generator_pyExport-noconfig.cmake
[3.132s] Invoked command in '/home/stefano/dev/Costanza/ros2_ws/build/vicon_receiver' returned '0': CMAKE_PREFIX_PATH=${CMAKE_PREFIX_PATH}:/opt/ros/jazzy DEBUGINFOD_URLS=https://debuginfod.ubuntu.com /usr/bin/cmake --install /home/stefano/dev/Costanza/ros2_ws/build/vicon_receiver
