-- The C compiler identification is GNU 13.3.0
-- The CXX compiler identification is GNU 13.3.0
-- Detecting C compiler ABI info
-- Detecting C compiler ABI info - done
-- Check for working C compiler: /usr/bin/cc - skipped
-- Detecting C compile features
-- Detecting C compile features - done
-- Detecting CXX compiler ABI info
-- Detecting CXX compiler ABI info - done
-- Check for working CXX compiler: /usr/bin/c++ - skipped
-- Detecting CXX compile features
-- Detecting CXX compile features - done
-- Found ament_cmake: 2.5.4 (/opt/ros/jazzy/share/ament_cmake/cmake)
-- Found Python3: /usr/bin/python3 (found version "3.12.3") found components: Interpreter 
-- Override CMake install command with custom implementation using symlinks instead of copying resources
-- Found rosidl_default_generators: 1.6.0 (/opt/ros/jazzy/share/rosidl_default_generators/cmake)
-- Using all available rosidl_typesupport_c: rosidl_typesupport_fastrtps_c;rosidl_typesupport_introspection_c
-- Using all available rosidl_typesupport_cpp: rosidl_typesupport_fastrtps_cpp;rosidl_typesupport_introspection_cpp
-- Found rosidl_adapter: 4.6.5 (/opt/ros/jazzy/share/rosidl_adapter/cmake)
-- Found rclcpp: 28.1.10 (/opt/ros/jazzy/share/rclcpp/cmake)
-- Found rmw_implementation_cmake: 7.3.2 (/opt/ros/jazzy/share/rmw_implementation_cmake/cmake)
-- Found rmw_fastrtps_cpp: 8.4.2 (/opt/ros/jazzy/share/rmw_fastrtps_cpp/cmake)
-- Found OpenSSL: /usr/lib/x86_64-linux-gnu/libcrypto.so (found version "3.0.13")  
-- Found FastRTPS: /opt/ros/jazzy/include (Required is at least version "2.13") 
-- Using RMW implementation 'rmw_fastrtps_cpp' as default
-- Found Boost: /usr/lib/x86_64-linux-gnu/cmake/Boost-1.83.0/BoostConfig.cmake (found version "1.83.0") found components: thread 
-- Found ament_cmake_ros: 0.12.0 (/opt/ros/jazzy/share/ament_cmake_ros/cmake)
-- Using all available rosidl_typesupport_c: rosidl_typesupport_fastrtps_c;rosidl_typesupport_introspection_c
-- Using all available rosidl_typesupport_cpp: rosidl_typesupport_fastrtps_cpp;rosidl_typesupport_introspection_cpp
-- Found python_cmake_module: 0.11.1 (/opt/ros/jazzy/share/python_cmake_module/cmake)
-- Found PythonExtra: /usr/bin/python3  
-- Found Python3: /usr/bin/python3 (found version "3.12.3") found components: Interpreter Development NumPy Development.Module Development.Embed 
-- Configuring done (2.8s)
-- Generating done (0.0s)
-- Build files have been written to: /home/stefano/dev/Costanza/ros2_ws/build/vicon_receiver
[  2%] [34m[1mGenerating type hashes for ROS interfaces[0m
[  2%] Built target ament_cmake_python_symlink_vicon_receiver
running egg_info
creating vicon_receiver.egg-info
writing vicon_receiver.egg-info/PKG-INFO
writing dependency_links to vicon_receiver.egg-info/dependency_links.txt
writing top-level names to vicon_receiver.egg-info/top_level.txt
writing manifest file 'vicon_receiver.egg-info/SOURCES.txt'
[  2%] Built target vicon_receiver__rosidl_generator_type_description
[  5%] [34m[1mGenerating C code for ROS interfaces[0m
[  8%] [34m[1mGenerating C++ code for ROS interfaces[0m
reading manifest file 'vicon_receiver.egg-info/SOURCES.txt'
writing manifest file 'vicon_receiver.egg-info/SOURCES.txt'
[  8%] Built target ament_cmake_python_build_vicon_receiver_egg
[  8%] Built target vicon_receiver__cpp
[ 13%] [32mBuilding C object CMakeFiles/vicon_receiver__rosidl_generator_c.dir/rosidl_generator_c/vicon_receiver/msg/detail/position__functions.c.o[0m
[ 13%] [32mBuilding C object CMakeFiles/vicon_receiver__rosidl_generator_c.dir/rosidl_generator_c/vicon_receiver/msg/detail/position__description.c.o[0m
[ 16%] [32mBuilding C object CMakeFiles/vicon_receiver__rosidl_generator_c.dir/rosidl_generator_c/vicon_receiver/msg/detail/position__type_support.c.o[0m
[ 18%] [32m[1mLinking C shared library libvicon_receiver__rosidl_generator_c.so[0m
[ 18%] Built target vicon_receiver__rosidl_generator_c
[ 24%] [34m[1mGenerating C type support dispatch for ROS interfaces[0m
[ 24%] [34m[1mGenerating C++ introspection for ROS interfaces[0m
[ 27%] [34m[1mGenerating C++ type support for eProsima Fast-RTPS[0m
[ 29%] [34m[1mGenerating C++ type support dispatch for ROS interfaces[0m
[ 32%] [34m[1mGenerating C type support for eProsima Fast-RTPS[0m
[ 35%] [34m[1mGenerating C introspection for ROS interfaces[0m
[ 37%] [32mBuilding CXX object CMakeFiles/vicon_receiver__rosidl_typesupport_c.dir/rosidl_typesupport_c/vicon_receiver/msg/position__type_support.cpp.o[0m
[ 40%] [32mBuilding CXX object CMakeFiles/vicon_receiver__rosidl_typesupport_introspection_cpp.dir/rosidl_typesupport_introspection_cpp/vicon_receiver/msg/detail/position__type_support.cpp.o[0m
[ 43%] [32m[1mLinking CXX shared library libvicon_receiver__rosidl_typesupport_c.so[0m
[ 43%] Built target vicon_receiver__rosidl_typesupport_c
[ 45%] [32mBuilding CXX object CMakeFiles/vicon_receiver__rosidl_typesupport_cpp.dir/rosidl_typesupport_cpp/vicon_receiver/msg/position__type_support.cpp.o[0m
[ 48%] [32mBuilding C object CMakeFiles/vicon_receiver__rosidl_typesupport_introspection_c.dir/rosidl_typesupport_introspection_c/vicon_receiver/msg/detail/position__type_support.c.o[0m
[ 51%] [32mBuilding CXX object CMakeFiles/vicon_receiver__rosidl_typesupport_fastrtps_c.dir/rosidl_typesupport_fastrtps_c/vicon_receiver/msg/detail/position__type_support_c.cpp.o[0m
[ 54%] [32mBuilding CXX object CMakeFiles/vicon_receiver__rosidl_typesupport_fastrtps_cpp.dir/rosidl_typesupport_fastrtps_cpp/vicon_receiver/msg/detail/dds_fastrtps/position__type_support.cpp.o[0m
[ 56%] [32m[1mLinking C shared library libvicon_receiver__rosidl_typesupport_introspection_c.so[0m
[ 56%] Built target vicon_receiver__rosidl_typesupport_introspection_c
[ 59%] [32m[1mLinking CXX shared library libvicon_receiver__rosidl_typesupport_introspection_cpp.so[0m
[ 59%] Built target vicon_receiver__rosidl_typesupport_introspection_cpp
[ 62%] [32m[1mLinking CXX shared library libvicon_receiver__rosidl_typesupport_cpp.so[0m
[ 62%] Built target vicon_receiver__rosidl_typesupport_cpp
[ 64%] [32m[1mLinking CXX shared library libvicon_receiver__rosidl_typesupport_fastrtps_cpp.so[0m
[ 67%] [32m[1mLinking CXX shared library libvicon_receiver__rosidl_typesupport_fastrtps_c.so[0m
[ 67%] Built target vicon_receiver__rosidl_typesupport_fastrtps_cpp
[ 67%] Built target vicon_receiver__rosidl_typesupport_fastrtps_c
[ 67%] Built target vicon_receiver
[ 75%] [32mBuilding CXX object CMakeFiles/vicon_client.dir/src/vicon_receiver/publisher.cpp.o[0m
[ 75%] [32mBuilding CXX object CMakeFiles/vicon_client.dir/src/vicon_receiver/communicator.cpp.o[0m
[ 75%] [34m[1mGenerating Python code for ROS interfaces[0m
[ 75%] Built target vicon_receiver__py
[ 78%] [32mBuilding C object CMakeFiles/vicon_receiver__rosidl_generator_py.dir/rosidl_generator_py/vicon_receiver/msg/_position_s.c.o[0m
[ 81%] [32m[1mLinking C shared library libvicon_receiver__rosidl_generator_py.so[0m
[ 81%] Built target vicon_receiver__rosidl_generator_py
[ 89%] [32mBuilding C object CMakeFiles/vicon_receiver_s__rosidl_typesupport_c.dir/rosidl_generator_py/vicon_receiver/_vicon_receiver_s.ep.rosidl_typesupport_c.c.o[0m
[ 89%] [32mBuilding C object CMakeFiles/vicon_receiver_s__rosidl_typesupport_fastrtps_c.dir/rosidl_generator_py/vicon_receiver/_vicon_receiver_s.ep.rosidl_typesupport_fastrtps_c.c.o[0m
[ 89%] [32mBuilding C object CMakeFiles/vicon_receiver_s__rosidl_typesupport_introspection_c.dir/rosidl_generator_py/vicon_receiver/_vicon_receiver_s.ep.rosidl_typesupport_introspection_c.c.o[0m
[ 91%] [32m[1mLinking C shared module rosidl_generator_py/vicon_receiver/vicon_receiver_s__rosidl_typesupport_c.so[0m
[ 94%] [32m[1mLinking C shared module rosidl_generator_py/vicon_receiver/vicon_receiver_s__rosidl_typesupport_introspection_c.so[0m
[ 97%] [32m[1mLinking C shared module rosidl_generator_py/vicon_receiver/vicon_receiver_s__rosidl_typesupport_fastrtps_c.so[0m
[ 97%] Built target vicon_receiver_s__rosidl_typesupport_c
[ 97%] Built target vicon_receiver_s__rosidl_typesupport_introspection_c
[ 97%] Built target vicon_receiver_s__rosidl_typesupport_fastrtps_c
[100%] [32m[1mLinking CXX executable vicon_client[0m
[100%] Built target vicon_client
-- Install configuration: ""
-- Execute custom install script
-- Symlinking: /home/stefano/dev/Costanza/ros2_ws/install/vicon_receiver/share/ament_index/resource_index/rosidl_interfaces/vicon_receiver
-- Symlinking: /home/stefano/dev/Costanza/ros2_ws/install/vicon_receiver/share/vicon_receiver/msg/Position.json
-- Symlinking: /home/stefano/dev/Costanza/ros2_ws/install/vicon_receiver/include/vicon_receiver/vicon_receiver/msg/detail/position__functions.h
-- Symlinking: /home/stefano/dev/Costanza/ros2_ws/install/vicon_receiver/include/vicon_receiver/vicon_receiver/msg/detail/position__struct.h
-- Symlinking: /home/stefano/dev/Costanza/ros2_ws/install/vicon_receiver/include/vicon_receiver/vicon_receiver/msg/detail/position__type_support.h
-- Symlinking: /home/stefano/dev/Costanza/ros2_ws/install/vicon_receiver/include/vicon_receiver/vicon_receiver/msg/position.h
-- Symlinking: /home/stefano/dev/Costanza/ros2_ws/install/vicon_receiver/include/vicon_receiver/vicon_receiver/msg/rosidl_generator_c__visibility_control.h
-- Symlinking: /home/stefano/dev/Costanza/ros2_ws/install/vicon_receiver/share/vicon_receiver/environment/library_path.sh
-- Symlinking: /home/stefano/dev/Costanza/ros2_ws/install/vicon_receiver/share/vicon_receiver/environment/library_path.dsv
-- Symlinking: /home/stefano/dev/Costanza/ros2_ws/install/vicon_receiver/include/vicon_receiver/vicon_receiver/msg/detail/position__rosidl_typesupport_fastrtps_c.h
-- Symlinking: /home/stefano/dev/Costanza/ros2_ws/install/vicon_receiver/include/vicon_receiver/vicon_receiver/msg/rosidl_typesupport_fastrtps_c__visibility_control.h
-- Symlinking: /home/stefano/dev/Costanza/ros2_ws/install/vicon_receiver/include/vicon_receiver/vicon_receiver/msg/detail/position__rosidl_typesupport_introspection_c.h
-- Symlinking: /home/stefano/dev/Costanza/ros2_ws/install/vicon_receiver/include/vicon_receiver/vicon_receiver/msg/rosidl_typesupport_introspection_c__visibility_control.h
-- Symlinking: /home/stefano/dev/Costanza/ros2_ws/install/vicon_receiver/include/vicon_receiver/vicon_receiver/msg/detail/position__builder.hpp
-- Symlinking: /home/stefano/dev/Costanza/ros2_ws/install/vicon_receiver/include/vicon_receiver/vicon_receiver/msg/detail/position__struct.hpp
-- Symlinking: /home/stefano/dev/Costanza/ros2_ws/install/vicon_receiver/include/vicon_receiver/vicon_receiver/msg/detail/position__traits.hpp
-- Symlinking: /home/stefano/dev/Costanza/ros2_ws/install/vicon_receiver/include/vicon_receiver/vicon_receiver/msg/detail/position__type_support.hpp
-- Symlinking: /home/stefano/dev/Costanza/ros2_ws/install/vicon_receiver/include/vicon_receiver/vicon_receiver/msg/position.hpp
-- Symlinking: /home/stefano/dev/Costanza/ros2_ws/install/vicon_receiver/include/vicon_receiver/vicon_receiver/msg/rosidl_generator_cpp__visibility_control.hpp
-- Symlinking: /home/stefano/dev/Costanza/ros2_ws/install/vicon_receiver/include/vicon_receiver/vicon_receiver/msg/detail/position__rosidl_typesupport_fastrtps_cpp.hpp
-- Symlinking: /home/stefano/dev/Costanza/ros2_ws/install/vicon_receiver/include/vicon_receiver/vicon_receiver/msg/rosidl_typesupport_fastrtps_cpp__visibility_control.h
-- Symlinking: /home/stefano/dev/Costanza/ros2_ws/install/vicon_receiver/include/vicon_receiver/vicon_receiver/msg/detail/position__rosidl_typesupport_introspection_cpp.hpp
-- Symlinking: /home/stefano/dev/Costanza/ros2_ws/install/vicon_receiver/share/vicon_receiver/environment/pythonpath.sh
-- Symlinking: /home/stefano/dev/Costanza/ros2_ws/install/vicon_receiver/share/vicon_receiver/environment/pythonpath.dsv
-- Symlinking: /home/stefano/dev/Costanza/ros2_ws/install/vicon_receiver/lib/python3.12/site-packages/vicon_receiver-0.1.1-py3.12.egg-info/PKG-INFO
-- Symlinking: /home/stefano/dev/Costanza/ros2_ws/install/vicon_receiver/lib/python3.12/site-packages/vicon_receiver-0.1.1-py3.12.egg-info/SOURCES.txt
-- Symlinking: /home/stefano/dev/Costanza/ros2_ws/install/vicon_receiver/lib/python3.12/site-packages/vicon_receiver-0.1.1-py3.12.egg-info/dependency_links.txt
-- Symlinking: /home/stefano/dev/Costanza/ros2_ws/install/vicon_receiver/lib/python3.12/site-packages/vicon_receiver-0.1.1-py3.12.egg-info/top_level.txt
-- Symlinking: /home/stefano/dev/Costanza/ros2_ws/install/vicon_receiver/lib/python3.12/site-packages/vicon_receiver/__init__.py
-- Symlinking: /home/stefano/dev/Costanza/ros2_ws/install/vicon_receiver/lib/python3.12/site-packages/vicon_receiver/_vicon_receiver_s.ep.rosidl_typesupport_c.c
-- Symlinking: /home/stefano/dev/Costanza/ros2_ws/install/vicon_receiver/lib/python3.12/site-packages/vicon_receiver/_vicon_receiver_s.ep.rosidl_typesupport_fastrtps_c.c
-- Symlinking: /home/stefano/dev/Costanza/ros2_ws/install/vicon_receiver/lib/python3.12/site-packages/vicon_receiver/_vicon_receiver_s.ep.rosidl_typesupport_introspection_c.c
-- Symlinking: /home/stefano/dev/Costanza/ros2_ws/install/vicon_receiver/lib/python3.12/site-packages/vicon_receiver/msg/__init__.py
-- Symlinking: /home/stefano/dev/Costanza/ros2_ws/install/vicon_receiver/lib/python3.12/site-packages/vicon_receiver/msg/_position.py
-- Symlinking: /home/stefano/dev/Costanza/ros2_ws/install/vicon_receiver/lib/python3.12/site-packages/vicon_receiver/msg/_position_s.c
-- Symlinking: /home/stefano/dev/Costanza/ros2_ws/install/vicon_receiver/lib/python3.12/site-packages/vicon_receiver/vicon_receiver_s__rosidl_typesupport_c.so
-- Symlinking: /home/stefano/dev/Costanza/ros2_ws/install/vicon_receiver/lib/python3.12/site-packages/vicon_receiver/vicon_receiver_s__rosidl_typesupport_fastrtps_c.so
-- Symlinking: /home/stefano/dev/Costanza/ros2_ws/install/vicon_receiver/lib/python3.12/site-packages/vicon_receiver/vicon_receiver_s__rosidl_typesupport_introspection_c.so
-- Up-to-date symlink: /home/stefano/dev/Costanza/ros2_ws/install/vicon_receiver/lib/python3.12/site-packages/vicon_receiver/vicon_receiver_s__rosidl_typesupport_fastrtps_c.so
-- Up-to-date symlink: /home/stefano/dev/Costanza/ros2_ws/install/vicon_receiver/lib/python3.12/site-packages/vicon_receiver/vicon_receiver_s__rosidl_typesupport_introspection_c.so
-- Up-to-date symlink: /home/stefano/dev/Costanza/ros2_ws/install/vicon_receiver/lib/python3.12/site-packages/vicon_receiver/vicon_receiver_s__rosidl_typesupport_c.so
-- Symlinking: /home/stefano/dev/Costanza/ros2_ws/install/vicon_receiver/share/vicon_receiver/msg/Position.idl
-- Symlinking: /home/stefano/dev/Costanza/ros2_ws/install/vicon_receiver/share/vicon_receiver/msg/Position.msg
-- Symlinking: /home/stefano/dev/Costanza/ros2_ws/install/vicon_receiver/lib/vicon_receiver/vicon_client
-- Symlinking: /home/stefano/dev/Costanza/ros2_ws/install/vicon_receiver/share/vicon_receiver//launch/client.launch.py
-- Symlinking: /home/stefano/dev/Costanza/ros2_ws/install/vicon_receiver/share/ament_index/resource_index/package_run_dependencies/vicon_receiver
-- Symlinking: /home/stefano/dev/Costanza/ros2_ws/install/vicon_receiver/share/ament_index/resource_index/parent_prefix_path/vicon_receiver
-- Symlinking: /home/stefano/dev/Costanza/ros2_ws/install/vicon_receiver/share/vicon_receiver/environment/ament_prefix_path.sh
-- Symlinking: /home/stefano/dev/Costanza/ros2_ws/install/vicon_receiver/share/vicon_receiver/environment/ament_prefix_path.dsv
-- Symlinking: /home/stefano/dev/Costanza/ros2_ws/install/vicon_receiver/share/vicon_receiver/environment/path.sh
-- Symlinking: /home/stefano/dev/Costanza/ros2_ws/install/vicon_receiver/share/vicon_receiver/environment/path.dsv
-- Symlinking: /home/stefano/dev/Costanza/ros2_ws/install/vicon_receiver/share/vicon_receiver/local_setup.bash
-- Symlinking: /home/stefano/dev/Costanza/ros2_ws/install/vicon_receiver/share/vicon_receiver/local_setup.sh
-- Symlinking: /home/stefano/dev/Costanza/ros2_ws/install/vicon_receiver/share/vicon_receiver/local_setup.zsh
-- Symlinking: /home/stefano/dev/Costanza/ros2_ws/install/vicon_receiver/share/vicon_receiver/local_setup.dsv
-- Symlinking: /home/stefano/dev/Costanza/ros2_ws/install/vicon_receiver/share/vicon_receiver/package.dsv
-- Symlinking: /home/stefano/dev/Costanza/ros2_ws/install/vicon_receiver/share/ament_index/resource_index/packages/vicon_receiver
-- Symlinking: /home/stefano/dev/Costanza/ros2_ws/install/vicon_receiver/share/vicon_receiver/cmake/rosidl_cmake-extras.cmake
-- Symlinking: /home/stefano/dev/Costanza/ros2_ws/install/vicon_receiver/share/vicon_receiver/cmake/ament_cmake_export_include_directories-extras.cmake
-- Symlinking: /home/stefano/dev/Costanza/ros2_ws/install/vicon_receiver/share/vicon_receiver/cmake/ament_cmake_export_libraries-extras.cmake
-- Symlinking: /home/stefano/dev/Costanza/ros2_ws/install/vicon_receiver/share/vicon_receiver/cmake/ament_cmake_export_targets-extras.cmake
-- Symlinking: /home/stefano/dev/Costanza/ros2_ws/install/vicon_receiver/share/vicon_receiver/cmake/rosidl_cmake_export_typesupport_targets-extras.cmake
-- Symlinking: /home/stefano/dev/Costanza/ros2_ws/install/vicon_receiver/share/vicon_receiver/cmake/ament_cmake_export_dependencies-extras.cmake
-- Symlinking: /home/stefano/dev/Costanza/ros2_ws/install/vicon_receiver/share/vicon_receiver/cmake/rosidl_cmake_export_typesupport_libraries-extras.cmake
-- Symlinking: /home/stefano/dev/Costanza/ros2_ws/install/vicon_receiver/share/vicon_receiver/cmake/vicon_receiverConfig.cmake
-- Symlinking: /home/stefano/dev/Costanza/ros2_ws/install/vicon_receiver/share/vicon_receiver/cmake/vicon_receiverConfig-version.cmake
-- Symlinking: /home/stefano/dev/Costanza/ros2_ws/install/vicon_receiver/share/vicon_receiver/package.xml
-- Installing: /home/stefano/dev/Costanza/ros2_ws/install/vicon_receiver/lib/libvicon_receiver__rosidl_generator_c.so
-- Set non-toolchain portion of runtime path of "/home/stefano/dev/Costanza/ros2_ws/install/vicon_receiver/lib/libvicon_receiver__rosidl_generator_c.so" to ""
-- Installing: /home/stefano/dev/Costanza/ros2_ws/install/vicon_receiver/lib/libvicon_receiver__rosidl_typesupport_fastrtps_c.so
-- Set non-toolchain portion of runtime path of "/home/stefano/dev/Costanza/ros2_ws/install/vicon_receiver/lib/libvicon_receiver__rosidl_typesupport_fastrtps_c.so" to ""
-- Installing: /home/stefano/dev/Costanza/ros2_ws/install/vicon_receiver/lib/libvicon_receiver__rosidl_typesupport_introspection_c.so
-- Set non-toolchain portion of runtime path of "/home/stefano/dev/Costanza/ros2_ws/install/vicon_receiver/lib/libvicon_receiver__rosidl_typesupport_introspection_c.so" to ""
-- Installing: /home/stefano/dev/Costanza/ros2_ws/install/vicon_receiver/lib/libvicon_receiver__rosidl_typesupport_c.so
-- Set non-toolchain portion of runtime path of "/home/stefano/dev/Costanza/ros2_ws/install/vicon_receiver/lib/libvicon_receiver__rosidl_typesupport_c.so" to ""
-- Installing: /home/stefano/dev/Costanza/ros2_ws/install/vicon_receiver/lib/libvicon_receiver__rosidl_typesupport_fastrtps_cpp.so
-- Set non-toolchain portion of runtime path of "/home/stefano/dev/Costanza/ros2_ws/install/vicon_receiver/lib/libvicon_receiver__rosidl_typesupport_fastrtps_cpp.so" to ""
-- Installing: /home/stefano/dev/Costanza/ros2_ws/install/vicon_receiver/lib/libvicon_receiver__rosidl_typesupport_introspection_cpp.so
-- Set non-toolchain portion of runtime path of "/home/stefano/dev/Costanza/ros2_ws/install/vicon_receiver/lib/libvicon_receiver__rosidl_typesupport_introspection_cpp.so" to ""
-- Installing: /home/stefano/dev/Costanza/ros2_ws/install/vicon_receiver/lib/libvicon_receiver__rosidl_typesupport_cpp.so
-- Set non-toolchain portion of runtime path of "/home/stefano/dev/Costanza/ros2_ws/install/vicon_receiver/lib/libvicon_receiver__rosidl_typesupport_cpp.so" to ""
Listing '/home/stefano/dev/Costanza/ros2_ws/install/vicon_receiver/lib/python3.12/site-packages/vicon_receiver'...
Compiling '/home/stefano/dev/Costanza/ros2_ws/install/vicon_receiver/lib/python3.12/site-packages/vicon_receiver/__init__.py'...
Listing '/home/stefano/dev/Costanza/ros2_ws/install/vicon_receiver/lib/python3.12/site-packages/vicon_receiver/msg'...
Compiling '/home/stefano/dev/Costanza/ros2_ws/install/vicon_receiver/lib/python3.12/site-packages/vicon_receiver/msg/__init__.py'...
Compiling '/home/stefano/dev/Costanza/ros2_ws/install/vicon_receiver/lib/python3.12/site-packages/vicon_receiver/msg/_position.py'...
-- Installing: /home/stefano/dev/Costanza/ros2_ws/install/vicon_receiver/lib/libvicon_receiver__rosidl_generator_py.so
-- Set non-toolchain portion of runtime path of "/home/stefano/dev/Costanza/ros2_ws/install/vicon_receiver/lib/libvicon_receiver__rosidl_generator_py.so" to ""
-- Installing: /home/stefano/dev/Costanza/ros2_ws/install/vicon_receiver/share/vicon_receiver/cmake/export_vicon_receiver__rosidl_generator_cExport.cmake
-- Installing: /home/stefano/dev/Costanza/ros2_ws/install/vicon_receiver/share/vicon_receiver/cmake/export_vicon_receiver__rosidl_generator_cExport-noconfig.cmake
-- Installing: /home/stefano/dev/Costanza/ros2_ws/install/vicon_receiver/share/vicon_receiver/cmake/export_vicon_receiver__rosidl_typesupport_fastrtps_cExport.cmake
-- Installing: /home/stefano/dev/Costanza/ros2_ws/install/vicon_receiver/share/vicon_receiver/cmake/export_vicon_receiver__rosidl_typesupport_fastrtps_cExport-noconfig.cmake
-- Installing: /home/stefano/dev/Costanza/ros2_ws/install/vicon_receiver/share/vicon_receiver/cmake/vicon_receiver__rosidl_typesupport_introspection_cExport.cmake
-- Installing: /home/stefano/dev/Costanza/ros2_ws/install/vicon_receiver/share/vicon_receiver/cmake/vicon_receiver__rosidl_typesupport_introspection_cExport-noconfig.cmake
-- Installing: /home/stefano/dev/Costanza/ros2_ws/install/vicon_receiver/share/vicon_receiver/cmake/vicon_receiver__rosidl_typesupport_cExport.cmake
-- Installing: /home/stefano/dev/Costanza/ros2_ws/install/vicon_receiver/share/vicon_receiver/cmake/vicon_receiver__rosidl_typesupport_cExport-noconfig.cmake
-- Installing: /home/stefano/dev/Costanza/ros2_ws/install/vicon_receiver/share/vicon_receiver/cmake/export_vicon_receiver__rosidl_generator_cppExport.cmake
-- Installing: /home/stefano/dev/Costanza/ros2_ws/install/vicon_receiver/share/vicon_receiver/cmake/export_vicon_receiver__rosidl_typesupport_fastrtps_cppExport.cmake
-- Installing: /home/stefano/dev/Costanza/ros2_ws/install/vicon_receiver/share/vicon_receiver/cmake/export_vicon_receiver__rosidl_typesupport_fastrtps_cppExport-noconfig.cmake
-- Installing: /home/stefano/dev/Costanza/ros2_ws/install/vicon_receiver/share/vicon_receiver/cmake/vicon_receiver__rosidl_typesupport_introspection_cppExport.cmake
-- Installing: /home/stefano/dev/Costanza/ros2_ws/install/vicon_receiver/share/vicon_receiver/cmake/vicon_receiver__rosidl_typesupport_introspection_cppExport-noconfig.cmake
-- Installing: /home/stefano/dev/Costanza/ros2_ws/install/vicon_receiver/share/vicon_receiver/cmake/vicon_receiver__rosidl_typesupport_cppExport.cmake
-- Installing: /home/stefano/dev/Costanza/ros2_ws/install/vicon_receiver/share/vicon_receiver/cmake/vicon_receiver__rosidl_typesupport_cppExport-noconfig.cmake
-- Installing: /home/stefano/dev/Costanza/ros2_ws/install/vicon_receiver/share/vicon_receiver/cmake/export_vicon_receiver__rosidl_generator_pyExport.cmake
-- Installing: /home/stefano/dev/Costanza/ros2_ws/install/vicon_receiver/share/vicon_receiver/cmake/export_vicon_receiver__rosidl_generator_pyExport-noconfig.cmake
